=== normal ===
                                    [38;2;0;255;255m ____   ____   _____  _       ___  __        __[0m                                     
                                    [38;2;0;255;255m|  _ \ |  _ \ |  ___|| |     / _ \ \ \      / /[0m                                     
                                    [38;2;0;255;255m| |_) || |_) || |_   | |    | | | | \ \ /\ / / [0m                                     
                                    [38;2;0;255;255m|  __/ |  _ < |  _|  | |___ | |_| |  \ V  V /  [0m                                     
                                    [38;2;0;255;255m|_|    |_| \_\|_|    |_____| \___/    \_/\_/   [0m                                     
                                [48;2;0;255;255m [0m[1;38;2;0;0;0;48;2;0;255;255mSingle[0m[48;2;0;255;255m [0m[38;2;108;108;108m│[0m [38;2;255;0;255mBatch[0m [38;2;108;108;108m│[0m [38;2;255;255;0mRelease PRs[0m [38;2;108;108;108m│[0m [38;2;85;85;255mAll Open PRs[0m [38;2;108;108;108m│[0m [38;2;255;165;0mActions[0m                                  
    [38;2;255;165;0m╭──────────────────────────────────────────────────────────────────────────────────────────────────────────────╮[0m    
    [38;2;255;165;0m│[0m [1;38;2;255;165;0mGitHub Actions (last 48h) [38;2;108;108;108m(refresh in 3s)[0m[0m                                                                    [38;2;255;165;0m│[0m    
    [38;2;255;165;0m│[0m [38;2;0;255;255m 🔍 [0m[38;2;108;108;108mType to filter...[0m[38;2;255;255;0m█[0m                                                                                       [38;2;255;165;0m│[0m    
    [38;2;255;165;0m╰──────────────────────────────────────────────────────────────────────────────────────────────────────────────╯[0m    
  [38;2;108;108;108m╭────────────────────────────────────────────╮[0m [38;2;255;0;255m╭──────────────────────────────────────────────────────────────────╮[0m   
  [38;2;108;108;108m│[0m[1;38;2;255;165;0m RUNS [0m                                      [38;2;108;108;108m│[0m [38;2;255;0;255m│[0m[1;38;2;255;0;255m Backend/api-service [0m                                             [38;2;255;0;255m│[0m   
  [38;2;108;108;108m│[0m[1;38;2;0;255;255mFrontend/web-app[0m                            [38;2;108;108;108m│[0m [38;2;255;0;255m│[0m [38;2;255;0;0m✗[0m [1;38;2;255;255;255mci[0m  [38;2;255;255;0mstaging[0m  [38;2;255;255;255mCI 日本語[0m  [38;2;108;108;108m30m ago[0m  [38;2;108;108;108m#901[0m                          [38;2;255;0;255m│[0m   
  [38;2;108;108;108m│[0m [38;2;0;255;255m▶ [0m[38;2;255;255;0m[ ][0m [38;2;255;255;0m⠸[0m [1;38;2;255;255;255mdeploy-preview[0m [38;2;0;255;0mdev[0m [38;2;108;108;108m1m ago[0m [38;2;108;108;108m#900[0m     [38;2;108;108;108m│[0m [38;2;255;0;255m│[0m   [38;2;255;255;255mbuild[0m [38;2;255;0;0m✗[0m                                                        [38;2;255;0;255m│[0m   
  [38;2;108;108;108m│[0m                                            [38;2;108;108;108m│[0m [38;2;255;0;255m│[0m      2. [38;2;108;108;108mtest[0m [38;2;255;0;0m✗[0m                                                   [38;2;255;0;255m│[0m   
  [38;2;108;108;108m│[0m[1;38;2;255;0;255mBackend/api-service[0m                         [38;2;108;108;108m│[0m [38;2;255;0;255m╰──────────────────────────────────────────────────────────────────╯[0m   
  [38;2;108;108;108m│[0m   [38;2;255;0;0m[✓][0m [38;2;255;0;0m✗[0m [38;2;255;255;255mci[0m [38;2;255;255;0mstaging[0m [38;2;108;108;108m30m ago[0m [38;2;108;108;108m#901[0m            [38;2;108;108;108m│[0m                                                                        
  [38;2;108;108;108m│[0m                                            [38;2;108;108;108m│[0m                                                                        
  [38;2;108;108;108m│[0m[1;38;2;255;0;255mBackend/日本語-サービス[0m                     [38;2;108;108;108m│[0m                                                                        
  [38;2;108;108;108m│[0m   [38;2;0;255;0m[ ][0m [38;2;0;255;0m✓[0m [38;2;255;255;255me2e[0m [38;2;255;0;0mmain[0m [38;2;108;108;108m1d ago[0m [38;2;108;108;108m#902[0m               [38;2;108;108;108m│[0m                                                                        
  [38;2;108;108;108m│[0m                                            [38;2;108;108;108m│[0m                                                                        
  [38;2;108;108;108m│[0m [38;2;0;255;0m✓1[0m [38;2;255;0;0m✗1[0m [38;2;255;255;0m⠸1[0m                                   [38;2;108;108;108m│[0m                                                                        
  [38;2;108;108;108m│[0m                                            [38;2;108;108;108m│[0m                                                                        
  [38;2;108;108;108m│[0m                                            [38;2;108;108;108m│[0m                                                                        
  [38;2;108;108;108m│[0m                                            [38;2;108;108;108m│[0m                                                                        
  [38;2;108;108;108m│[0m                                            [38;2;108;108;108m│[0m                                                                        
  [38;2;108;108;108m│[0m                                            [38;2;108;108;108m│[0m                                                                        
  [38;2;108;108;108m│[0m                                            [38;2;108;108;108m│[0m                                                                        
  [38;2;108;108;108m│[0m                                            [38;2;108;108;108m│[0m                                                                        
  [38;2;108;108;108m╰────────────────────────────────────────────╯[0m                                                                        
                                                                                                                        
              [38;2;108;108;108m╭──────────────────────────────────────────────────────────────────────────────────────────╮[0m              
              [38;2;108;108;108m│[0m [1;38;2;255;255;255m↑↓[0m [38;2;255;255;255mNavigate[0m  [1;38;2;255;255;255m←[0m [38;2;255;255;255mRuns[0m  [1;38;2;85;85;255mo[0m [38;2;255;255;255mOpen[0m  [1;38;2;85;85;255mR[0m [38;2;255;255;255mAuto-refresh: on[0m  [1;38;2;255;255;0mEsc[0m [38;2;255;255;255mBack[0m  [1;38;2;108;108;108m?[0m [38;2;255;255;255mHelp[0m  [1;38;2;108;108;108m[ ][0m [38;2;255;255;255mTab[0m  [1;38;2;108;108;108mF[0m [38;2;255;255;255mFullscreen[0m [38;2;108;108;108m│[0m              
              [38;2;108;108;108m│[0m [38;2;108;108;108m                             Version: 1.2.3  •  gh: someone                             [0m [38;2;108;108;108m│[0m              
              [38;2;108;108;108m╰──────────────────────────────────────────────────────────────────────────────────────────╯[0m              
                                                                                                                        
                                                                                                                        
                                                                                                                        
                                                                                                                        
                                                                                                                        
=== fullscreen ===
    [38;2;255;165;0m╭──────────────────────────────────────────────────────────────────────────────────────────────────────────────╮[0m    
    [38;2;255;165;0m│[0m [1;38;2;255;165;0mGitHub Actions (last 48h) [38;2;108;108;108m(refresh in 3s)[0m[0m                                                                    [38;2;255;165;0m│[0m    
    [38;2;255;165;0m│[0m [38;2;0;255;255m 🔍 [0m[38;2;108;108;108mType to filter...[0m[38;2;255;255;0m█[0m                                                                                       [38;2;255;165;0m│[0m    
    [38;2;255;165;0m╰──────────────────────────────────────────────────────────────────────────────────────────────────────────────╯[0m    
  [38;2;108;108;108m╭────────────────────────────────────────────╮[0m [38;2;255;0;255m╭──────────────────────────────────────────────────────────────────╮[0m   
  [38;2;108;108;108m│[0m[1;38;2;255;165;0m RUNS [0m                                      [38;2;108;108;108m│[0m [38;2;255;0;255m│[0m[1;38;2;255;0;255m Backend/api-service [0m                                             [38;2;255;0;255m│[0m   
  [38;2;108;108;108m│[0m[1;38;2;0;255;255mFrontend/web-app[0m                            [38;2;108;108;108m│[0m [38;2;255;0;255m│[0m [38;2;255;0;0m✗[0m [1;38;2;255;255;255mci[0m  [38;2;255;255;0mstaging[0m  [38;2;255;255;255mCI 日本語[0m  [38;2;108;108;108m30m ago[0m  [38;2;108;108;108m#901[0m                          [38;2;255;0;255m│[0m   
  [38;2;108;108;108m│[0m [38;2;0;255;255m▶ [0m[38;2;255;255;0m[ ][0m [38;2;255;255;0m⠸[0m [1;38;2;255;255;255mdeploy-preview[0m [38;2;0;255;0mdev[0m [38;2;108;108;108m1m ago[0m [38;2;108;108;108m#900[0m     [38;2;108;108;108m│[0m [38;2;255;0;255m│[0m   [38;2;255;255;255mbuild[0m [38;2;255;0;0m✗[0m                                                        [38;2;255;0;255m│[0m   
  [38;2;108;108;108m│[0m                                            [38;2;108;108;108m│[0m [38;2;255;0;255m│[0m      2. [38;2;108;108;108mtest[0m [38;2;255;0;0m✗[0m                                                   [38;2;255;0;255m│[0m   
  [38;2;108;108;108m│[0m[1;38;2;255;0;255mBackend/api-service[0m                         [38;2;108;108;108m│[0m [38;2;255;0;255m╰──────────────────────────────────────────────────────────────────╯[0m   
  [38;2;108;108;108m│[0m   [38;2;255;0;0m[✓][0m [38;2;255;0;0m✗[0m [38;2;255;255;255mci[0m [38;2;255;255;0mstaging[0m [38;2;108;108;108m30m ago[0m [38;2;108;108;108m#901[0m            [38;2;108;108;108m│[0m                                                                        
  [38;2;108;108;108m│[0m                                            [38;2;108;108;108m│[0m                                                                        
  [38;2;108;108;108m│[0m[1;38;2;255;0;255mBackend/日本語-サービス[0m                     [38;2;108;108;108m│[0m                                                                        
  [38;2;108;108;108m│[0m   [38;2;0;255;0m[ ][0m [38;2;0;255;0m✓[0m [38;2;255;255;255me2e[0m [38;2;255;0;0mmain[0m [38;2;108;108;108m1d ago[0m [38;2;108;108;108m#902[0m               [38;2;108;108;108m│[0m                                                                        
  [38;2;108;108;108m│[0m                                            [38;2;108;108;108m│[0m                                                                        
  [38;2;108;108;108m│[0m [38;2;0;255;0m✓1[0m [38;2;255;0;0m✗1[0m [38;2;255;255;0m⠸1[0m                                   [38;2;108;108;108m│[0m                                                                        
  [38;2;108;108;108m│[0m                                            [38;2;108;108;108m│[0m                                                                        
  [38;2;108;108;108m│[0m                                            [38;2;108;108;108m│[0m                                                                        
  [38;2;108;108;108m│[0m                                            [38;2;108;108;108m│[0m                                                                        
  [38;2;108;108;108m│[0m                                            [38;2;108;108;108m│[0m                                                                        
  [38;2;108;108;108m│[0m                                            [38;2;108;108;108m│[0m                                                                        
  [38;2;108;108;108m│[0m                                            [38;2;108;108;108m│[0m                                                                        
  [38;2;108;108;108m│[0m                                            [38;2;108;108;108m│[0m                                                                        
  [38;2;108;108;108m│[0m                                            [38;2;108;108;108m│[0m                                                                        
  [38;2;108;108;108m│[0m                                            [38;2;108;108;108m│[0m                                                                        
  [38;2;108;108;108m│[0m                                            [38;2;108;108;108m│[0m                                                                        
  [38;2;108;108;108m│[0m                                            [38;2;108;108;108m│[0m                                                                        
  [38;2;108;108;108m│[0m                                            [38;2;108;108;108m│[0m                                                                        
  [38;2;108;108;108m│[0m                                            [38;2;108;108;108m│[0m                                                                        
  [38;2;108;108;108m│[0m                                            [38;2;108;108;108m│[0m                                                                        
  [38;2;108;108;108m│[0m                                            [38;2;108;108;108m│[0m                                                                        
  [38;2;108;108;108m╰────────────────────────────────────────────╯[0m                                                                        
                                                                                                                        
              [38;2;108;108;108m╭──────────────────────────────────────────────────────────────────────────────────────────╮[0m              
              [38;2;108;108;108m│[0m [1;38;2;255;255;255m↑↓[0m [38;2;255;255;255mNavigate[0m  [1;38;2;255;255;255m←[0m [38;2;255;255;255mRuns[0m  [1;38;2;85;85;255mo[0m [38;2;255;255;255mOpen[0m  [1;38;2;85;85;255mR[0m [38;2;255;255;255mAuto-refresh: on[0m  [1;38;2;255;255;0mEsc[0m [38;2;255;255;255mBack[0m  [1;38;2;108;108;108m?[0m [38;2;255;255;255mHelp[0m  [1;38;2;108;108;108m[ ][0m [38;2;255;255;255mTab[0m  [1;38;2;108;108;108mF[0m [38;2;255;255;255mFullscreen[0m [38;2;108;108;108m│[0m              
              [38;2;108;108;108m│[0m [38;2;108;108;108m                             Version: 1.2.3  •  gh: someone                             [0m [38;2;108;108;108m│[0m              
              [38;2;108;108;108m╰──────────────────────────────────────────────────────────────────────────────────────────╯[0m              
                                                                                                                        
                                                                                                                        
                                                                                                                        
