=== normal ===
   [1;38;2;187;154;247m◆[0m [1;38;2;192;202;245mprflow[0m  [48;2;125;207;255m [0m[1;38;2;22;22;30;48;2;125;207;255mSingle[0m[48;2;125;207;255m [0m [38;2;115;121;162mBatch[0m  [38;2;115;121;162mRelease PRs[0m  [38;2;115;121;162mAll Open PRs[0m  [38;2;115;121;162mActions[0m                                  [38;2;115;121;162mgh: someone · v1.2.3[0m   
   [38;2;59;65;97m──────────────────────────────────────────────────────────────────────────────────────────────────────────────────[0m   
                                                                                                                        
                                                                                                                        
    [38;2;255;158;100m╭──────────────────────────────────────────────────────────────────────────────────────────────────────────────╮[0m    
    [38;2;255;158;100m│[0m [1;38;2;255;158;100mGitHub Actions (last 48h) [38;2;115;121;162m(refresh in 3s)[0m[0m                                                                    [38;2;255;158;100m│[0m    
    [38;2;255;158;100m│[0m [38;2;125;207;255m / [0m[38;2;115;121;162mType to filter...[0m[38;2;224;175;104m█[0m                                                                                        [38;2;255;158;100m│[0m    
    [38;2;255;158;100m╰──────────────────────────────────────────────────────────────────────────────────────────────────────────────╯[0m    
  [38;2;255;158;100m╭────────────────────────────────────────────╮[0m [38;2;115;121;162m╭──────────────────────────────────────────────────────────────────╮[0m   
  [38;2;255;158;100m│[0m[1;38;2;255;158;100m RUNS [0m                                      [38;2;255;158;100m│[0m [38;2;115;121;162m│[0m[1;38;2;187;154;247m Backend/api-service [0m                                             [38;2;115;121;162m│[0m   
  [38;2;255;158;100m│[0m[1;38;2;125;207;255mFrontend/web-app[0m                            [38;2;255;158;100m│[0m [38;2;115;121;162m│[0m [38;2;247;118;142m✗[0m [1;38;2;192;202;245mci[0m  [38;2;224;175;104mstaging[0m  [38;2;192;202;245mCI 日本語[0m  [38;2;115;121;162m30m ago[0m  [38;2;115;121;162m#901[0m                          [38;2;115;121;162m│[0m   
  [38;2;255;158;100m│[0m [38;2;125;207;255m▶ [0m[38;2;224;175;104m[ ][0m [38;2;224;175;104m⠸[0m [1;38;2;192;202;245mdeploy-preview[0m [38;2;158;206;105mdev[0m [38;2;115;121;162m1m ago[0m [38;2;115;121;162m#900[0m     [38;2;255;158;100m│[0m [38;2;115;121;162m│[0m   [38;2;192;202;245mbuild[0m [38;2;247;118;142m✗[0m                                                        [38;2;115;121;162m│[0m   
  [38;2;255;158;100m│[0m                                            [38;2;255;158;100m│[0m [38;2;115;121;162m│[0m      2. [38;2;115;121;162mtest[0m [38;2;247;118;142m✗[0m                                                   [38;2;115;121;162m│[0m   
  [38;2;255;158;100m│[0m[1;38;2;187;154;247mBackend/api-service[0m                         [38;2;255;158;100m│[0m [38;2;115;121;162m╰──────────────────────────────────────────────────────────────────╯[0m   
  [38;2;255;158;100m│[0m   [38;2;247;118;142m[✓][0m [38;2;247;118;142m✗[0m [38;2;192;202;245mci[0m [38;2;224;175;104mstaging[0m [38;2;115;121;162m30m ago[0m [38;2;115;121;162m#901[0m            [38;2;255;158;100m│[0m                                                                        
  [38;2;255;158;100m│[0m                                            [38;2;255;158;100m│[0m                                                                        
  [38;2;255;158;100m│[0m[1;38;2;187;154;247mBackend/日本語-サービス[0m                     [38;2;255;158;100m│[0m                                                                        
  [38;2;255;158;100m│[0m   [38;2;158;206;105m[ ][0m [38;2;158;206;105m✓[0m [38;2;192;202;245me2e[0m [38;2;247;118;142mmain[0m [38;2;115;121;162m1d ago[0m [38;2;115;121;162m#902[0m               [38;2;255;158;100m│[0m                                                                        
  [38;2;255;158;100m│[0m                                            [38;2;255;158;100m│[0m                                                                        
  [38;2;255;158;100m│[0m [38;2;158;206;105m✓1[0m [38;2;247;118;142m✗1[0m [38;2;224;175;104m⠸1[0m                                   [38;2;255;158;100m│[0m                                                                        
  [38;2;255;158;100m│[0m                                            [38;2;255;158;100m│[0m                                                                        
  [38;2;255;158;100m│[0m                                            [38;2;255;158;100m│[0m                                                                        
  [38;2;255;158;100m│[0m                                            [38;2;255;158;100m│[0m                                                                        
  [38;2;255;158;100m│[0m                                            [38;2;255;158;100m│[0m                                                                        
  [38;2;255;158;100m│[0m                                            [38;2;255;158;100m│[0m                                                                        
  [38;2;255;158;100m│[0m                                            [38;2;255;158;100m│[0m                                                                        
  [38;2;255;158;100m│[0m                                            [38;2;255;158;100m│[0m                                                                        
  [38;2;255;158;100m│[0m                                            [38;2;255;158;100m│[0m                                                                        
  [38;2;255;158;100m│[0m                                            [38;2;255;158;100m│[0m                                                                        
  [38;2;255;158;100m│[0m                                            [38;2;255;158;100m│[0m                                                                        
  [38;2;255;158;100m│[0m                                            [38;2;255;158;100m│[0m                                                                        
  [38;2;255;158;100m│[0m                                            [38;2;255;158;100m│[0m                                                                        
  [38;2;255;158;100m│[0m                                            [38;2;255;158;100m│[0m                                                                        
  [38;2;255;158;100m╰────────────────────────────────────────────╯[0m                                                                        
                                                                                                                        
                                                                                                                        
                                                                                                                        
   [38;2;59;65;97m──────────────────────────────────────────────────────────────────────────────────────────────────────────────────[0m   
    [1;38;2;192;202;245m↑↓[0m [38;2;115;121;162mNavigate[0m  [1;38;2;192;202;245m→[0m [38;2;115;121;162mPinned[0m  [1;38;2;158;206;105mSpace[0m [38;2;115;121;162mPin[0m  [1;38;2;125;207;255ma[0m [38;2;115;121;162mAll[0m  [1;38;2;125;207;255mn[0m [38;2;115;121;162mNone[0m  [1;38;2;121;162;247mo[0m [38;2;115;121;162mOpen[0m  [1;38;2;121;162;247mR[0m [38;2;115;121;162mAuto-refresh: on[0m  [1;38;2;224;175;104m/[0m [38;2;115;121;162mFilter[0m  [1;38;2;224;175;104mEsc[0m [38;2;115;121;162mBack[0m  [1;38;2;115;121;162m?[0m [38;2;115;121;162mHelp[0m  [1;38;2;115;121;162m[ ][0m [38;2;115;121;162mTabs[0m   
    [1;38;2;115;121;162mF[0m [38;2;115;121;162mFullscreen[0m                                                                                                        
=== fullscreen ===
                                                                                                                        
    [38;2;255;158;100m╭──────────────────────────────────────────────────────────────────────────────────────────────────────────────╮[0m    
    [38;2;255;158;100m│[0m [1;38;2;255;158;100mGitHub Actions (last 48h) [38;2;115;121;162m(refresh in 3s)[0m[0m                                                                    [38;2;255;158;100m│[0m    
    [38;2;255;158;100m│[0m [38;2;125;207;255m / [0m[38;2;115;121;162mType to filter...[0m[38;2;224;175;104m█[0m                                                                                        [38;2;255;158;100m│[0m    
    [38;2;255;158;100m╰──────────────────────────────────────────────────────────────────────────────────────────────────────────────╯[0m    
  [38;2;255;158;100m╭────────────────────────────────────────────╮[0m [38;2;115;121;162m╭──────────────────────────────────────────────────────────────────╮[0m   
  [38;2;255;158;100m│[0m[1;38;2;255;158;100m RUNS [0m                                      [38;2;255;158;100m│[0m [38;2;115;121;162m│[0m[1;38;2;187;154;247m Backend/api-service [0m                                             [38;2;115;121;162m│[0m   
  [38;2;255;158;100m│[0m[1;38;2;125;207;255mFrontend/web-app[0m                            [38;2;255;158;100m│[0m [38;2;115;121;162m│[0m [38;2;247;118;142m✗[0m [1;38;2;192;202;245mci[0m  [38;2;224;175;104mstaging[0m  [38;2;192;202;245mCI 日本語[0m  [38;2;115;121;162m30m ago[0m  [38;2;115;121;162m#901[0m                          [38;2;115;121;162m│[0m   
  [38;2;255;158;100m│[0m [38;2;125;207;255m▶ [0m[38;2;224;175;104m[ ][0m [38;2;224;175;104m⠸[0m [1;38;2;192;202;245mdeploy-preview[0m [38;2;158;206;105mdev[0m [38;2;115;121;162m1m ago[0m [38;2;115;121;162m#900[0m     [38;2;255;158;100m│[0m [38;2;115;121;162m│[0m   [38;2;192;202;245mbuild[0m [38;2;247;118;142m✗[0m                                                        [38;2;115;121;162m│[0m   
  [38;2;255;158;100m│[0m                                            [38;2;255;158;100m│[0m [38;2;115;121;162m│[0m      2. [38;2;115;121;162mtest[0m [38;2;247;118;142m✗[0m                                                   [38;2;115;121;162m│[0m   
  [38;2;255;158;100m│[0m[1;38;2;187;154;247mBackend/api-service[0m                         [38;2;255;158;100m│[0m [38;2;115;121;162m╰──────────────────────────────────────────────────────────────────╯[0m   
  [38;2;255;158;100m│[0m   [38;2;247;118;142m[✓][0m [38;2;247;118;142m✗[0m [38;2;192;202;245mci[0m [38;2;224;175;104mstaging[0m [38;2;115;121;162m30m ago[0m [38;2;115;121;162m#901[0m            [38;2;255;158;100m│[0m                                                                        
  [38;2;255;158;100m│[0m                                            [38;2;255;158;100m│[0m                                                                        
  [38;2;255;158;100m│[0m[1;38;2;187;154;247mBackend/日本語-サービス[0m                     [38;2;255;158;100m│[0m                                                                        
  [38;2;255;158;100m│[0m   [38;2;158;206;105m[ ][0m [38;2;158;206;105m✓[0m [38;2;192;202;245me2e[0m [38;2;247;118;142mmain[0m [38;2;115;121;162m1d ago[0m [38;2;115;121;162m#902[0m               [38;2;255;158;100m│[0m                                                                        
  [38;2;255;158;100m│[0m                                            [38;2;255;158;100m│[0m                                                                        
  [38;2;255;158;100m│[0m [38;2;158;206;105m✓1[0m [38;2;247;118;142m✗1[0m [38;2;224;175;104m⠸1[0m                                   [38;2;255;158;100m│[0m                                                                        
  [38;2;255;158;100m│[0m                                            [38;2;255;158;100m│[0m                                                                        
  [38;2;255;158;100m│[0m                                            [38;2;255;158;100m│[0m                                                                        
  [38;2;255;158;100m│[0m                                            [38;2;255;158;100m│[0m                                                                        
  [38;2;255;158;100m│[0m                                            [38;2;255;158;100m│[0m                                                                        
  [38;2;255;158;100m│[0m                                            [38;2;255;158;100m│[0m                                                                        
  [38;2;255;158;100m│[0m                                            [38;2;255;158;100m│[0m                                                                        
  [38;2;255;158;100m│[0m                                            [38;2;255;158;100m│[0m                                                                        
  [38;2;255;158;100m│[0m                                            [38;2;255;158;100m│[0m                                                                        
  [38;2;255;158;100m│[0m                                            [38;2;255;158;100m│[0m                                                                        
  [38;2;255;158;100m│[0m                                            [38;2;255;158;100m│[0m                                                                        
  [38;2;255;158;100m│[0m                                            [38;2;255;158;100m│[0m                                                                        
  [38;2;255;158;100m│[0m                                            [38;2;255;158;100m│[0m                                                                        
  [38;2;255;158;100m│[0m                                            [38;2;255;158;100m│[0m                                                                        
  [38;2;255;158;100m│[0m                                            [38;2;255;158;100m│[0m                                                                        
  [38;2;255;158;100m│[0m                                            [38;2;255;158;100m│[0m                                                                        
  [38;2;255;158;100m│[0m                                            [38;2;255;158;100m│[0m                                                                        
  [38;2;255;158;100m╰────────────────────────────────────────────╯[0m                                                                        
                                                                                                                        
                                                                                                                        
                                                                                                                        
   [38;2;59;65;97m──────────────────────────────────────────────────────────────────────────────────────────────────────────────────[0m   
    [1;38;2;192;202;245m↑↓[0m [38;2;115;121;162mNavigate[0m  [1;38;2;192;202;245m→[0m [38;2;115;121;162mPinned[0m  [1;38;2;158;206;105mSpace[0m [38;2;115;121;162mPin[0m  [1;38;2;125;207;255ma[0m [38;2;115;121;162mAll[0m  [1;38;2;125;207;255mn[0m [38;2;115;121;162mNone[0m  [1;38;2;121;162;247mo[0m [38;2;115;121;162mOpen[0m  [1;38;2;121;162;247mR[0m [38;2;115;121;162mAuto-refresh: on[0m  [1;38;2;224;175;104m/[0m [38;2;115;121;162mFilter[0m  [1;38;2;224;175;104mEsc[0m [38;2;115;121;162mBack[0m  [1;38;2;115;121;162m?[0m [38;2;115;121;162mHelp[0m  [1;38;2;115;121;162m[ ][0m [38;2;115;121;162mTabs[0m   
    [1;38;2;115;121;162mF[0m [38;2;115;121;162mFullscreen[0m                                                                                                        
