=== normal ===
                                    [38;2;0;255;255m ____   ____   _____  _       ___  __        __[0m                                     
                                    [38;2;0;255;255m|  _ \ |  _ \ |  ___|| |     / _ \ \ \      / /[0m                                     
                                    [38;2;0;255;255m| |_) || |_) || |_   | |    | | | | \ \ /\ / / [0m                                     
                                    [38;2;0;255;255m|  __/ |  _ < |  _|  | |___ | |_| |  \ V  V /  [0m                                     
                                    [38;2;0;255;255m|_|    |_| \_\|_|    |_____| \___/    \_/\_/   [0m                                     
                                [48;2;0;255;255m [0m[1;38;2;0;0;0;48;2;0;255;255mSingle[0m[48;2;0;255;255m [0m[38;2;108;108;108m│[0m [38;2;255;0;255mBatch[0m [38;2;108;108;108m│[0m [38;2;255;255;0mRelease PRs[0m [38;2;108;108;108m│[0m [38;2;85;85;255mAll Open PRs[0m [38;2;108;108;108m│[0m [38;2;255;165;0mActions[0m                                  
     [38;2;255;255;255m╭────────────────────────────────────────────────────────────────────────────────────────────────────────────╮[0m     
     [38;2;255;255;255m│[0m [1;38;2;255;255;255mSelect Repositories (3/4)[0m                                                                                  [38;2;255;255;255m│[0m     
     [38;2;255;255;255m│[0m [38;2;0;255;255m 🔍 [0m[38;2;108;108;108mType to filter...[0m[38;2;255;255;0m█[0m                                                                                     [38;2;255;255;255m│[0m     
     [38;2;255;255;255m╰────────────────────────────────────────────────────────────────────────────────────────────────────────────╯[0m     
                                                                                                                        
    [38;2;108;108;108m╭─────────────────────────────────────────────────────╮[0m  [38;2;255;0;255m╭─────────────────────────────────────────────────────╮[0m    
    [38;2;108;108;108m│[0m[38;2;0;255;255m  ─── [0m[1;38;2;0;255;255m🖥️  FRONTEND (2)[0m[38;2;0;255;255m ────[0m                          [38;2;108;108;108m│[0m  [38;2;255;0;255m│[0m[38;2;255;0;255m  ─── [0m[1;38;2;255;0;255m⚙️  BACKEND (2)[0m[38;2;255;0;255m ──────[0m                         [38;2;255;0;255m│[0m    
    [38;2;108;108;108m│[0m                                                     [38;2;108;108;108m│[0m  [38;2;255;0;255m│[0m                                                     [38;2;255;0;255m│[0m    
    [38;2;108;108;108m│[0m[38;2;0;255;255m  [0m[38;2;108;108;108m[0m[38;2;0;255;255m[✓][0m web-app[38;2;0;255;0m ●[0m                                      [38;2;108;108;108m│[0m  [38;2;255;0;255m│[0m[38;2;255;255;255m  [0m[38;2;108;108;108m[0m[38;2;255;0;255m[ ][0m api-service[38;2;108;108;108m ○[0m                                  [38;2;255;0;255m│[0m    
    [38;2;108;108;108m│[0m[38;2;0;255;255m  [0m[38;2;108;108;108m[0m[38;2;0;255;255m[✓][0m 🚀-launcher[38;2;0;255;0m ●[0m                                  [38;2;108;108;108m│[0m  [38;2;255;0;255m│[0m[1;38;2;255;0;255m▶ [0m[38;2;108;108;108m[0m[38;2;255;0;255m[✓][0m 日本語-サービス[38;2;0;255;0m ●[0m                              [38;2;255;0;255m│[0m    
    [38;2;108;108;108m│[0m                                                     [38;2;108;108;108m│[0m  [38;2;255;0;255m│[0m                                                     [38;2;255;0;255m│[0m    
    [38;2;108;108;108m│[0m                                                     [38;2;108;108;108m│[0m  [38;2;255;0;255m│[0m                                                     [38;2;255;0;255m│[0m    
    [38;2;108;108;108m│[0m                                                     [38;2;108;108;108m│[0m  [38;2;255;0;255m│[0m                                                     [38;2;255;0;255m│[0m    
    [38;2;108;108;108m│[0m                                                     [38;2;108;108;108m│[0m  [38;2;255;0;255m│[0m                                                     [38;2;255;0;255m│[0m    
    [38;2;108;108;108m│[0m                                                     [38;2;108;108;108m│[0m  [38;2;255;0;255m│[0m                                                     [38;2;255;0;255m│[0m    
    [38;2;108;108;108m│[0m                                                     [38;2;108;108;108m│[0m  [38;2;255;0;255m│[0m                                                     [38;2;255;0;255m│[0m    
    [38;2;108;108;108m│[0m                                                     [38;2;108;108;108m│[0m  [38;2;255;0;255m│[0m                                                     [38;2;255;0;255m│[0m    
    [38;2;108;108;108m╰─────────────────────────────────────────────────────╯[0m  [38;2;255;0;255m╰─────────────────────────────────────────────────────╯[0m    
     [38;2;108;108;108m╭────────────────────────────────────────────────────────────────────────────────────────────────────────────╮[0m     
     [38;2;108;108;108m│[0m [1;38;2;255;255;0m日本語-サービス[0m [38;2;0;255;255m(3 commits)[0m                                                                                [38;2;108;108;108m│[0m     
     [38;2;108;108;108m│[0m   [38;2;255;0;255mabc1234[0m [38;2;255;255;255mATT-1234 Fix the ⚠ redirect[0m                                                                      [38;2;108;108;108m│[0m     
     [38;2;108;108;108m│[0m   [38;2;255;0;255mdef5678[0m [38;2;255;255;255m日本語のコミットメッセージ 🚀[0m                                                                    [38;2;108;108;108m│[0m     
     [38;2;108;108;108m│[0m   [38;2;255;0;255maaa9999[0m [38;2;255;255;255mATT-5678 Tidy up[0m                                                                                 [38;2;108;108;108m│[0m     
     [38;2;108;108;108m╰────────────────────────────────────────────────────────────────────────────────────────────────────────────╯[0m     
                                                                                                                        
           [38;2;108;108;108m╭────────────────────────────────────────────────────────────────────────────────────────────────╮[0m           
           [38;2;108;108;108m│[0m [1;38;2;255;255;255m↑↓[0m [38;2;255;255;255mNavigate[0m  [1;38;2;255;255;255m←→[0m [38;2;255;255;255mColumn[0m  [1;38;2;0;255;0mSpace[0m [38;2;255;255;255mToggle[0m  [1;38;2;0;255;0mTab[0m [38;2;255;255;255mContinue[0m  [1;38;2;255;255;0mType[0m [38;2;255;255;255mFilter[0m  [1;38;2;108;108;108m?[0m [38;2;255;255;255mHelp[0m  [1;38;2;108;108;108m[ ][0m [38;2;255;255;255mTab[0m  [1;38;2;108;108;108mF[0m [38;2;255;255;255mFullscreen[0m [38;2;108;108;108m│[0m           
           [38;2;108;108;108m│[0m [38;2;108;108;108m                                Version: 1.2.3  •  gh: someone                                [0m [38;2;108;108;108m│[0m           
           [38;2;108;108;108m╰────────────────────────────────────────────────────────────────────────────────────────────────╯[0m           
                                                                                                                        
                                                                                                                        
                                                                                                                        
                                                                                                                        
                                                                                                                        
=== fullscreen ===
     [38;2;255;255;255m╭────────────────────────────────────────────────────────────────────────────────────────────────────────────╮[0m     
     [38;2;255;255;255m│[0m [1;38;2;255;255;255mSelect Repositories (3/4)[0m                                                                                  [38;2;255;255;255m│[0m     
     [38;2;255;255;255m│[0m [38;2;0;255;255m 🔍 [0m[38;2;108;108;108mType to filter...[0m[38;2;255;255;0m█[0m                                                                                     [38;2;255;255;255m│[0m     
     [38;2;255;255;255m╰────────────────────────────────────────────────────────────────────────────────────────────────────────────╯[0m     
                                                                                                                        
    [38;2;108;108;108m╭─────────────────────────────────────────────────────╮[0m  [38;2;255;0;255m╭─────────────────────────────────────────────────────╮[0m    
    [38;2;108;108;108m│[0m[38;2;0;255;255m  ─── [0m[1;38;2;0;255;255m🖥️  FRONTEND (2)[0m[38;2;0;255;255m ────[0m                          [38;2;108;108;108m│[0m  [38;2;255;0;255m│[0m[38;2;255;0;255m  ─── [0m[1;38;2;255;0;255m⚙️  BACKEND (2)[0m[38;2;255;0;255m ──────[0m                         [38;2;255;0;255m│[0m    
    [38;2;108;108;108m│[0m                                                     [38;2;108;108;108m│[0m  [38;2;255;0;255m│[0m                                                     [38;2;255;0;255m│[0m    
    [38;2;108;108;108m│[0m[38;2;0;255;255m  [0m[38;2;108;108;108m[0m[38;2;0;255;255m[✓][0m web-app[38;2;0;255;0m ●[0m                                      [38;2;108;108;108m│[0m  [38;2;255;0;255m│[0m[38;2;255;255;255m  [0m[38;2;108;108;108m[0m[38;2;255;0;255m[ ][0m api-service[38;2;108;108;108m ○[0m                                  [38;2;255;0;255m│[0m    
    [38;2;108;108;108m│[0m[38;2;0;255;255m  [0m[38;2;108;108;108m[0m[38;2;0;255;255m[✓][0m 🚀-launcher[38;2;0;255;0m ●[0m                                  [38;2;108;108;108m│[0m  [38;2;255;0;255m│[0m[1;38;2;255;0;255m▶ [0m[38;2;108;108;108m[0m[38;2;255;0;255m[✓][0m 日本語-サービス[38;2;0;255;0m ●[0m                              [38;2;255;0;255m│[0m    
    [38;2;108;108;108m│[0m                                                     [38;2;108;108;108m│[0m  [38;2;255;0;255m│[0m                                                     [38;2;255;0;255m│[0m    
    [38;2;108;108;108m│[0m                                                     [38;2;108;108;108m│[0m  [38;2;255;0;255m│[0m                                                     [38;2;255;0;255m│[0m    
    [38;2;108;108;108m│[0m                                                     [38;2;108;108;108m│[0m  [38;2;255;0;255m│[0m                                                     [38;2;255;0;255m│[0m    
    [38;2;108;108;108m│[0m                                                     [38;2;108;108;108m│[0m  [38;2;255;0;255m│[0m                                                     [38;2;255;0;255m│[0m    
    [38;2;108;108;108m│[0m                                                     [38;2;108;108;108m│[0m  [38;2;255;0;255m│[0m                                                     [38;2;255;0;255m│[0m    
    [38;2;108;108;108m│[0m                                                     [38;2;108;108;108m│[0m  [38;2;255;0;255m│[0m                                                     [38;2;255;0;255m│[0m    
    [38;2;108;108;108m│[0m                                                     [38;2;108;108;108m│[0m  [38;2;255;0;255m│[0m                                                     [38;2;255;0;255m│[0m    
    [38;2;108;108;108m│[0m                                                     [38;2;108;108;108m│[0m  [38;2;255;0;255m│[0m                                                     [38;2;255;0;255m│[0m    
    [38;2;108;108;108m│[0m                                                     [38;2;108;108;108m│[0m  [38;2;255;0;255m│[0m                                                     [38;2;255;0;255m│[0m    
    [38;2;108;108;108m│[0m                                                     [38;2;108;108;108m│[0m  [38;2;255;0;255m│[0m                                                     [38;2;255;0;255m│[0m    
    [38;2;108;108;108m│[0m                                                     [38;2;108;108;108m│[0m  [38;2;255;0;255m│[0m                                                     [38;2;255;0;255m│[0m    
    [38;2;108;108;108m│[0m                                                     [38;2;108;108;108m│[0m  [38;2;255;0;255m│[0m                                                     [38;2;255;0;255m│[0m    
    [38;2;108;108;108m│[0m                                                     [38;2;108;108;108m│[0m  [38;2;255;0;255m│[0m                                                     [38;2;255;0;255m│[0m    
    [38;2;108;108;108m│[0m                                                     [38;2;108;108;108m│[0m  [38;2;255;0;255m│[0m                                                     [38;2;255;0;255m│[0m    
    [38;2;108;108;108m│[0m                                                     [38;2;108;108;108m│[0m  [38;2;255;0;255m│[0m                                                     [38;2;255;0;255m│[0m    
    [38;2;108;108;108m╰─────────────────────────────────────────────────────╯[0m  [38;2;255;0;255m╰─────────────────────────────────────────────────────╯[0m    
     [38;2;108;108;108m╭────────────────────────────────────────────────────────────────────────────────────────────────────────────╮[0m     
     [38;2;108;108;108m│[0m [1;38;2;255;255;0m日本語-サービス[0m [38;2;0;255;255m(3 commits)[0m                                                                                [38;2;108;108;108m│[0m     
     [38;2;108;108;108m│[0m   [38;2;255;0;255mabc1234[0m [38;2;255;255;255mATT-1234 Fix the ⚠ redirect[0m                                                                      [38;2;108;108;108m│[0m     
     [38;2;108;108;108m│[0m   [38;2;255;0;255mdef5678[0m [38;2;255;255;255m日本語のコミットメッセージ 🚀[0m                                                                    [38;2;108;108;108m│[0m     
     [38;2;108;108;108m│[0m   [38;2;255;0;255maaa9999[0m [38;2;255;255;255mATT-5678 Tidy up[0m                                                                                 [38;2;108;108;108m│[0m     
     [38;2;108;108;108m╰────────────────────────────────────────────────────────────────────────────────────────────────────────────╯[0m     
                                                                                                                        
           [38;2;108;108;108m╭────────────────────────────────────────────────────────────────────────────────────────────────╮[0m           
           [38;2;108;108;108m│[0m [1;38;2;255;255;255m↑↓[0m [38;2;255;255;255mNavigate[0m  [1;38;2;255;255;255m←→[0m [38;2;255;255;255mColumn[0m  [1;38;2;0;255;0mSpace[0m [38;2;255;255;255mToggle[0m  [1;38;2;0;255;0mTab[0m [38;2;255;255;255mContinue[0m  [1;38;2;255;255;0mType[0m [38;2;255;255;255mFilter[0m  [1;38;2;108;108;108m?[0m [38;2;255;255;255mHelp[0m  [1;38;2;108;108;108m[ ][0m [38;2;255;255;255mTab[0m  [1;38;2;108;108;108mF[0m [38;2;255;255;255mFullscreen[0m [38;2;108;108;108m│[0m           
           [38;2;108;108;108m│[0m [38;2;108;108;108m                                Version: 1.2.3  •  gh: someone                                [0m [38;2;108;108;108m│[0m           
           [38;2;108;108;108m╰────────────────────────────────────────────────────────────────────────────────────────────────╯[0m           
                                                                                                                        
                                                                                                                        
                                                                                                                        
