=== normal ===
   [1;38;2;187;154;247m◆[0m [1;38;2;192;202;245mprflow[0m  [48;2;125;207;255m [0m[1;38;2;22;22;30;48;2;125;207;255mSingle[0m[48;2;125;207;255m [0m [38;2;115;121;162mBatch[0m  [38;2;115;121;162mRelease PRs[0m  [38;2;115;121;162mAll Open PRs[0m  [38;2;115;121;162mActions[0m                                  [38;2;115;121;162mgh: someone · v1.2.3[0m   
   [38;2;59;65;97m──────────────────────────────────────────────────────────────────────────────────────────────────────────────────[0m   
                                                                                                                        
                                                                                                                        
                                                                                                                        
   [38;2;59;65;97m╭────────────────────────────────────────────────────────────────────────────────────────────────────────────────╮[0m   
   [38;2;59;65;97m│[0m                                                                                                                [38;2;59;65;97m│[0m   
   [38;2;59;65;97m│[0m   [1;38;2;125;207;255m Batch PRs [0m                                      [38;2;115;121;162m│[0m [1;38;2;187;154;247m Changes [0m                                                 [38;2;59;65;97m│[0m   
   [38;2;59;65;97m│[0m                                                    [38;2;115;121;162m│[0m                                                           [38;2;59;65;97m│[0m   
   [38;2;59;65;97m│[0m   [38;2;158;206;105m  ┌─────────┐[0m         [38;2;224;175;104m┌─────────┐[0m                [38;2;115;121;162m│[0m                                                           [38;2;59;65;97m│[0m   
   [38;2;59;65;97m│[0m   [38;2;158;206;105m  │ [0m[1;38;2;158;206;105m  dev  [0m[38;2;158;206;105m │[0m[38;2;125;207;255m  ====>  [0m[38;2;224;175;104m│ [0m[1;38;2;224;175;104mstaging[0m[38;2;224;175;104m │[0m                [38;2;115;121;162m│[0m   [1;38;2;125;207;255mweb-app[0m                                                 [38;2;59;65;97m│[0m   
   [38;2;59;65;97m│[0m   [38;2;158;206;105m  └─────────┘[0m         [38;2;224;175;104m└─────────┘[0m                [38;2;115;121;162m│[0m     [38;2;187;154;247mabc1234[0m [38;2;192;202;245m[38;2;224;175;104mPROJ-1234[0m Fix the ⚠ redirect[0m                  [38;2;59;65;97m│[0m   
   [38;2;59;65;97m│[0m                                                    [38;2;115;121;162m│[0m     [38;2;187;154;247mdef5678[0m [38;2;192;202;245m日本語のコミットメッセージ 🚀[0m                 [38;2;59;65;97m│[0m   
   [38;2;59;65;97m│[0m   [38;2;125;207;255m  ─── [0m[1;38;2;125;207;255mPR DETAILS[0m[38;2;125;207;255m ───────────────[0m                 [38;2;115;121;162m│[0m     [38;2;187;154;247maaa9999[0m [38;2;192;202;245m[38;2;224;175;104mPROJ-5678[0m Tidy up[0m                             [38;2;59;65;97m│[0m   
   [38;2;59;65;97m│[0m                                                    [38;2;115;121;162m│[0m                                                           [38;2;59;65;97m│[0m   
   [38;2;59;65;97m│[0m     [38;2;192;202;245mTitle:[0m [1;38;2;192;202;245mSprint # 42 — release ✦[0m                 [38;2;115;121;162m│[0m   [1;38;2;125;207;255m日本語-サービス[0m                                         [38;2;59;65;97m│[0m   
   [38;2;59;65;97m│[0m                                                    [38;2;115;121;162m│[0m     [38;2;187;154;247mabc1234[0m [38;2;192;202;245m[38;2;224;175;104mPROJ-1234[0m Fix the ⚠ redirect[0m                  [38;2;59;65;97m│[0m   
   [38;2;59;65;97m│[0m   [38;2;187;154;247m  ─── [0m[1;38;2;187;154;247mREPOSITORIES (3)[0m[38;2;187;154;247m ─────────[0m                 [38;2;115;121;162m│[0m     [38;2;187;154;247mdef5678[0m [38;2;192;202;245m日本語のコミットメッセージ 🚀[0m                 [38;2;59;65;97m│[0m   
   [38;2;59;65;97m│[0m                                                    [38;2;115;121;162m│[0m     [38;2;187;154;247maaa9999[0m [38;2;192;202;245m[38;2;224;175;104mPROJ-5678[0m Tidy up[0m                             [38;2;59;65;97m│[0m   
   [38;2;59;65;97m│[0m     web-app                                        [38;2;115;121;162m│[0m                                                           [38;2;59;65;97m│[0m   
   [38;2;59;65;97m│[0m     日本語-サービス                                [38;2;115;121;162m│[0m   [1;38;2;125;207;255m🚀-launcher[0m                                             [38;2;59;65;97m│[0m   
   [38;2;59;65;97m│[0m     🚀-launcher                                    [38;2;115;121;162m│[0m     [38;2;187;154;247mabc1234[0m [38;2;192;202;245m[38;2;224;175;104mPROJ-1234[0m Fix the ⚠ redirect[0m                  [38;2;59;65;97m│[0m   
   [38;2;59;65;97m│[0m                                                    [38;2;115;121;162m│[0m     [38;2;187;154;247mdef5678[0m [38;2;192;202;245m日本語のコミットメッセージ 🚀[0m                 [38;2;59;65;97m│[0m   
   [38;2;59;65;97m│[0m   [38;2;158;206;105m  ─── [0m[1;38;2;158;206;105mCONFIRM[0m[38;2;158;206;105m ──────────────────[0m                 [38;2;115;121;162m│[0m     [38;2;187;154;247maaa9999[0m [38;2;192;202;245m[38;2;224;175;104mPROJ-5678[0m Tidy up[0m                             [38;2;59;65;97m│[0m   
   [38;2;59;65;97m│[0m                                                    [38;2;115;121;162m│[0m                                                           [38;2;59;65;97m│[0m   
   [38;2;59;65;97m│[0m   [1;38;2;224;175;104m  ⚠ 1 PR(s) already exist - will update[0m          [38;2;115;121;162m│[0m [38;2;224;175;104m  ─── [0m[1;38;2;224;175;104mTICKETS[0m[38;2;224;175;104m ──────────────────[0m                          [38;2;59;65;97m│[0m   
   [38;2;59;65;97m│[0m                                                    [38;2;115;121;162m│[0m   • [38;2;224;175;104mPROJ-1234[0m                                             [38;2;59;65;97m│[0m   
   [38;2;59;65;97m│[0m     Create 2, update 1 PRs?                        [38;2;115;121;162m│[0m [38;2;115;121;162m  ↓ more below[0m                                            [38;2;59;65;97m│[0m   
   [38;2;59;65;97m│[0m                                                    [38;2;115;121;162m│[0m                                                           [38;2;59;65;97m│[0m   
   [38;2;59;65;97m│[0m   [38;2;158;206;105m  ┌────────┐[0m [38;2;115;121;162m┌───────┐[0m                           [38;2;115;121;162m│[0m                                                           [38;2;59;65;97m│[0m   
   [38;2;59;65;97m│[0m   [38;2;158;206;105m  │[0m[1;38;2;158;206;105m [38;2;158;206;105m>[0m  YES [0m[38;2;158;206;105m│[0m [38;2;115;121;162m│[0m[1;38;2;192;202;245m [38;2;115;121;162m [0m  NO [0m[38;2;115;121;162m│[0m                           [38;2;115;121;162m│[0m                                                           [38;2;59;65;97m│[0m   
   [38;2;59;65;97m│[0m   [38;2;158;206;105m  └────────┘[0m [38;2;115;121;162m└───────┘[0m                           [38;2;115;121;162m│[0m                                                           [38;2;59;65;97m│[0m   
   [38;2;59;65;97m│[0m                                                                                                                [38;2;59;65;97m│[0m   
   [38;2;59;65;97m╰────────────────────────────────────────────────────────────────────────────────────────────────────────────────╯[0m   
                                                                                                                        
                                                                                                                        
                                                                                                                        
                                                                                                                        
   [38;2;59;65;97m──────────────────────────────────────────────────────────────────────────────────────────────────────────────────[0m   
    [1;38;2;192;202;245m←→[0m [38;2;115;121;162mSelect[0m  [1;38;2;158;206;105my/n[0m [38;2;115;121;162mQuick[0m  [1;38;2;158;206;105mEnter[0m [38;2;115;121;162mConfirm[0m  [1;38;2;224;175;104mEsc[0m [38;2;115;121;162mBack[0m  [1;38;2;115;121;162m?[0m [38;2;115;121;162mHelp[0m  [1;38;2;115;121;162m[ ][0m [38;2;115;121;162mTabs[0m  [1;38;2;115;121;162mF[0m [38;2;115;121;162mFullscreen[0m                                       
=== fullscreen ===
                                                                                                                        
                                                                                                                        
                                                                                                                        
                                                                                                                        
   [38;2;59;65;97m╭────────────────────────────────────────────────────────────────────────────────────────────────────────────────╮[0m   
   [38;2;59;65;97m│[0m                                                                                                                [38;2;59;65;97m│[0m   
   [38;2;59;65;97m│[0m   [1;38;2;125;207;255m Batch PRs [0m                                      [38;2;115;121;162m│[0m [1;38;2;187;154;247m Changes [0m                                                 [38;2;59;65;97m│[0m   
   [38;2;59;65;97m│[0m                                                    [38;2;115;121;162m│[0m                                                           [38;2;59;65;97m│[0m   
   [38;2;59;65;97m│[0m   [38;2;158;206;105m  ┌─────────┐[0m         [38;2;224;175;104m┌─────────┐[0m                [38;2;115;121;162m│[0m                                                           [38;2;59;65;97m│[0m   
   [38;2;59;65;97m│[0m   [38;2;158;206;105m  │ [0m[1;38;2;158;206;105m  dev  [0m[38;2;158;206;105m │[0m[38;2;125;207;255m  ====>  [0m[38;2;224;175;104m│ [0m[1;38;2;224;175;104mstaging[0m[38;2;224;175;104m │[0m                [38;2;115;121;162m│[0m   [1;38;2;125;207;255mweb-app[0m                                                 [38;2;59;65;97m│[0m   
   [38;2;59;65;97m│[0m   [38;2;158;206;105m  └─────────┘[0m         [38;2;224;175;104m└─────────┘[0m                [38;2;115;121;162m│[0m     [38;2;187;154;247mabc1234[0m [38;2;192;202;245m[38;2;224;175;104mPROJ-1234[0m Fix the ⚠ redirect[0m                  [38;2;59;65;97m│[0m   
   [38;2;59;65;97m│[0m                                                    [38;2;115;121;162m│[0m     [38;2;187;154;247mdef5678[0m [38;2;192;202;245m日本語のコミットメッセージ 🚀[0m                 [38;2;59;65;97m│[0m   
   [38;2;59;65;97m│[0m   [38;2;125;207;255m  ─── [0m[1;38;2;125;207;255mPR DETAILS[0m[38;2;125;207;255m ───────────────[0m                 [38;2;115;121;162m│[0m     [38;2;187;154;247maaa9999[0m [38;2;192;202;245m[38;2;224;175;104mPROJ-5678[0m Tidy up[0m                             [38;2;59;65;97m│[0m   
   [38;2;59;65;97m│[0m                                                    [38;2;115;121;162m│[0m                                                           [38;2;59;65;97m│[0m   
   [38;2;59;65;97m│[0m     [38;2;192;202;245mTitle:[0m [1;38;2;192;202;245mSprint # 42 — release ✦[0m                 [38;2;115;121;162m│[0m   [1;38;2;125;207;255m日本語-サービス[0m                                         [38;2;59;65;97m│[0m   
   [38;2;59;65;97m│[0m                                                    [38;2;115;121;162m│[0m     [38;2;187;154;247mabc1234[0m [38;2;192;202;245m[38;2;224;175;104mPROJ-1234[0m Fix the ⚠ redirect[0m                  [38;2;59;65;97m│[0m   
   [38;2;59;65;97m│[0m   [38;2;187;154;247m  ─── [0m[1;38;2;187;154;247mREPOSITORIES (3)[0m[38;2;187;154;247m ─────────[0m                 [38;2;115;121;162m│[0m     [38;2;187;154;247mdef5678[0m [38;2;192;202;245m日本語のコミットメッセージ 🚀[0m                 [38;2;59;65;97m│[0m   
   [38;2;59;65;97m│[0m                                                    [38;2;115;121;162m│[0m     [38;2;187;154;247maaa9999[0m [38;2;192;202;245m[38;2;224;175;104mPROJ-5678[0m Tidy up[0m                             [38;2;59;65;97m│[0m   
   [38;2;59;65;97m│[0m     web-app                                        [38;2;115;121;162m│[0m                                                           [38;2;59;65;97m│[0m   
   [38;2;59;65;97m│[0m     日本語-サービス                                [38;2;115;121;162m│[0m   [1;38;2;125;207;255m🚀-launcher[0m                                             [38;2;59;65;97m│[0m   
   [38;2;59;65;97m│[0m     🚀-launcher                                    [38;2;115;121;162m│[0m     [38;2;187;154;247mabc1234[0m [38;2;192;202;245m[38;2;224;175;104mPROJ-1234[0m Fix the ⚠ redirect[0m                  [38;2;59;65;97m│[0m   
   [38;2;59;65;97m│[0m                                                    [38;2;115;121;162m│[0m     [38;2;187;154;247mdef5678[0m [38;2;192;202;245m日本語のコミットメッセージ 🚀[0m                 [38;2;59;65;97m│[0m   
   [38;2;59;65;97m│[0m   [38;2;158;206;105m  ─── [0m[1;38;2;158;206;105mCONFIRM[0m[38;2;158;206;105m ──────────────────[0m                 [38;2;115;121;162m│[0m     [38;2;187;154;247maaa9999[0m [38;2;192;202;245m[38;2;224;175;104mPROJ-5678[0m Tidy up[0m                             [38;2;59;65;97m│[0m   
   [38;2;59;65;97m│[0m                                                    [38;2;115;121;162m│[0m                                                           [38;2;59;65;97m│[0m   
   [38;2;59;65;97m│[0m   [1;38;2;224;175;104m  ⚠ 1 PR(s) already exist - will update[0m          [38;2;115;121;162m│[0m [38;2;224;175;104m  ─── [0m[1;38;2;224;175;104mTICKETS[0m[38;2;224;175;104m ──────────────────[0m                          [38;2;59;65;97m│[0m   
   [38;2;59;65;97m│[0m                                                    [38;2;115;121;162m│[0m   • [38;2;224;175;104mPROJ-1234[0m                                             [38;2;59;65;97m│[0m   
   [38;2;59;65;97m│[0m     Create 2, update 1 PRs?                        [38;2;115;121;162m│[0m [38;2;115;121;162m  ↓ more below[0m                                            [38;2;59;65;97m│[0m   
   [38;2;59;65;97m│[0m                                                    [38;2;115;121;162m│[0m                                                           [38;2;59;65;97m│[0m   
   [38;2;59;65;97m│[0m   [38;2;158;206;105m  ┌────────┐[0m [38;2;115;121;162m┌───────┐[0m                           [38;2;115;121;162m│[0m                                                           [38;2;59;65;97m│[0m   
   [38;2;59;65;97m│[0m   [38;2;158;206;105m  │[0m[1;38;2;158;206;105m [38;2;158;206;105m>[0m  YES [0m[38;2;158;206;105m│[0m [38;2;115;121;162m│[0m[1;38;2;192;202;245m [38;2;115;121;162m [0m  NO [0m[38;2;115;121;162m│[0m                           [38;2;115;121;162m│[0m                                                           [38;2;59;65;97m│[0m   
   [38;2;59;65;97m│[0m   [38;2;158;206;105m  └────────┘[0m [38;2;115;121;162m└───────┘[0m                           [38;2;115;121;162m│[0m                                                           [38;2;59;65;97m│[0m   
   [38;2;59;65;97m│[0m                                                                                                                [38;2;59;65;97m│[0m   
   [38;2;59;65;97m╰────────────────────────────────────────────────────────────────────────────────────────────────────────────────╯[0m   
                                                                                                                        
                                                                                                                        
                                                                                                                        
                                                                                                                        
                                                                                                                        
   [38;2;59;65;97m──────────────────────────────────────────────────────────────────────────────────────────────────────────────────[0m   
    [1;38;2;192;202;245m←→[0m [38;2;115;121;162mSelect[0m  [1;38;2;158;206;105my/n[0m [38;2;115;121;162mQuick[0m  [1;38;2;158;206;105mEnter[0m [38;2;115;121;162mConfirm[0m  [1;38;2;224;175;104mEsc[0m [38;2;115;121;162mBack[0m  [1;38;2;115;121;162m?[0m [38;2;115;121;162mHelp[0m  [1;38;2;115;121;162m[ ][0m [38;2;115;121;162mTabs[0m  [1;38;2;115;121;162mF[0m [38;2;115;121;162mFullscreen[0m                                       
