=== normal ===
   [1;38;2;187;154;247m◆[0m [1;38;2;192;202;245mprflow[0m   [38;2;115;121;162mHome[0m [48;2;125;207;255m [0m[1;38;2;22;22;30;48;2;125;207;255mSingle[0m[48;2;125;207;255m [0m [38;2;115;121;162mBatch[0m  [38;2;115;121;162mRelease PRs[0m  [38;2;115;121;162mAll Open PRs[0m  [38;2;115;121;162mActions[0m  [38;2;115;121;162mShipped[0m                   [38;2;115;121;162mgh: someone · v1.2.3[0m   
   [38;2;59;65;97m──────────────────────────────────────────────────────────────────────────────────────────────────────────────────[0m   
                                                                                                                        
                                                                                                                        
     [38;2;192;202;245m╭────────────────────────────────────────────────────────────────────────────────────────────────────────────╮[0m     
     [38;2;192;202;245m│[0m [1;38;2;192;202;245mSelect Repositories (3/4)[0m                                                                                  [38;2;192;202;245m│[0m     
     [38;2;192;202;245m│[0m [38;2;125;207;255m / [0m[38;2;115;121;162mType to filter...[0m[38;2;224;175;104m█[0m                                                                                      [38;2;192;202;245m│[0m     
     [38;2;192;202;245m╰────────────────────────────────────────────────────────────────────────────────────────────────────────────╯[0m     
                                                                                                                        
    [38;2;115;121;162m╭─────────────────────────────────────────────────────╮[0m  [38;2;187;154;247m╭─────────────────────────────────────────────────────╮[0m    
    [38;2;115;121;162m│[0m[38;2;125;207;255m  ─── [0m[1;38;2;125;207;255m●  FRONTEND (2)[0m[38;2;125;207;255m ────────[0m                       [38;2;115;121;162m│[0m  [38;2;187;154;247m│[0m[38;2;187;154;247m  ─── [0m[1;38;2;187;154;247m◆  BACKEND (2)[0m[38;2;187;154;247m ─────────[0m                       [38;2;187;154;247m│[0m    
    [38;2;115;121;162m│[0m                                                     [38;2;115;121;162m│[0m  [38;2;187;154;247m│[0m                                                     [38;2;187;154;247m│[0m    
    [38;2;115;121;162m│[0m[38;2;125;207;255m  [0m[38;2;115;121;162m[0m[38;2;125;207;255m[✓][0m web-app[38;2;158;206;105m ●[0m                                      [38;2;115;121;162m│[0m  [38;2;187;154;247m│[0m[38;2;192;202;245m  [0m[38;2;115;121;162m[0m[38;2;187;154;247m[ ][0m api-service[38;2;115;121;162m ○[0m                                  [38;2;187;154;247m│[0m    
    [38;2;115;121;162m│[0m[38;2;125;207;255m  [0m[38;2;115;121;162m[0m[38;2;125;207;255m[✓][0m 🚀-launcher[38;2;158;206;105m ●[0m                                  [38;2;115;121;162m│[0m  [38;2;187;154;247m│[0m[1;38;2;187;154;247m▶ [0m[38;2;115;121;162m[0m[38;2;187;154;247m[✓][0m 日本語-サービス[38;2;158;206;105m ●[0m                              [38;2;187;154;247m│[0m    
    [38;2;115;121;162m│[0m                                                     [38;2;115;121;162m│[0m  [38;2;187;154;247m│[0m                                                     [38;2;187;154;247m│[0m    
    [38;2;115;121;162m│[0m                                                     [38;2;115;121;162m│[0m  [38;2;187;154;247m│[0m                                                     [38;2;187;154;247m│[0m    
    [38;2;115;121;162m│[0m                                                     [38;2;115;121;162m│[0m  [38;2;187;154;247m│[0m                                                     [38;2;187;154;247m│[0m    
    [38;2;115;121;162m│[0m                                                     [38;2;115;121;162m│[0m  [38;2;187;154;247m│[0m                                                     [38;2;187;154;247m│[0m    
    [38;2;115;121;162m│[0m                                                     [38;2;115;121;162m│[0m  [38;2;187;154;247m│[0m                                                     [38;2;187;154;247m│[0m    
    [38;2;115;121;162m│[0m                                                     [38;2;115;121;162m│[0m  [38;2;187;154;247m│[0m                                                     [38;2;187;154;247m│[0m    
    [38;2;115;121;162m│[0m                                                     [38;2;115;121;162m│[0m  [38;2;187;154;247m│[0m                                                     [38;2;187;154;247m│[0m    
    [38;2;115;121;162m│[0m                                                     [38;2;115;121;162m│[0m  [38;2;187;154;247m│[0m                                                     [38;2;187;154;247m│[0m    
    [38;2;115;121;162m│[0m                                                     [38;2;115;121;162m│[0m  [38;2;187;154;247m│[0m                                                     [38;2;187;154;247m│[0m    
    [38;2;115;121;162m│[0m                                                     [38;2;115;121;162m│[0m  [38;2;187;154;247m│[0m                                                     [38;2;187;154;247m│[0m    
    [38;2;115;121;162m│[0m                                                     [38;2;115;121;162m│[0m  [38;2;187;154;247m│[0m                                                     [38;2;187;154;247m│[0m    
    [38;2;115;121;162m│[0m                                                     [38;2;115;121;162m│[0m  [38;2;187;154;247m│[0m                                                     [38;2;187;154;247m│[0m    
    [38;2;115;121;162m│[0m                                                     [38;2;115;121;162m│[0m  [38;2;187;154;247m│[0m                                                     [38;2;187;154;247m│[0m    
    [38;2;115;121;162m│[0m                                                     [38;2;115;121;162m│[0m  [38;2;187;154;247m│[0m                                                     [38;2;187;154;247m│[0m    
    [38;2;115;121;162m╰─────────────────────────────────────────────────────╯[0m  [38;2;187;154;247m╰─────────────────────────────────────────────────────╯[0m    
     [38;2;115;121;162m╭────────────────────────────────────────────────────────────────────────────────────────────────────────────╮[0m     
     [38;2;115;121;162m│[0m [1;38;2;224;175;104m日本語-サービス[0m [38;2;125;207;255m(3 commits)[0m                                                                                [38;2;115;121;162m│[0m     
     [38;2;115;121;162m│[0m   [38;2;187;154;247mabc1234[0m [38;2;192;202;245mPROJ-1234 Fix the ⚠ redirect[0m                                                                     [38;2;115;121;162m│[0m     
     [38;2;115;121;162m│[0m   [38;2;187;154;247mdef5678[0m [38;2;192;202;245m日本語のコミットメッセージ 🚀[0m                                                                    [38;2;115;121;162m│[0m     
     [38;2;115;121;162m│[0m   [38;2;187;154;247maaa9999[0m [38;2;192;202;245mPROJ-5678 Tidy up[0m                                                                                [38;2;115;121;162m│[0m     
     [38;2;115;121;162m╰────────────────────────────────────────────────────────────────────────────────────────────────────────────╯[0m     
                                                                                                                        
                                                                                                                        
                                                                                                                        
   [38;2;59;65;97m──────────────────────────────────────────────────────────────────────────────────────────────────────────────────[0m   
    [1;38;2;192;202;245m↑↓[0m [38;2;115;121;162mNavigate[0m  [1;38;2;192;202;245m←→[0m [38;2;115;121;162mColumn[0m  [1;38;2;158;206;105mSpace[0m [38;2;115;121;162mToggle[0m  [1;38;2;158;206;105mTab[0m [38;2;115;121;162mContinue[0m  [1;38;2;224;175;104mType[0m [38;2;115;121;162mFilter[0m  [1;38;2;115;121;162m?[0m [38;2;115;121;162mHelp[0m  [1;38;2;115;121;162m[ ][0m [38;2;115;121;162mTabs[0m  [1;38;2;115;121;162mF[0m [38;2;115;121;162mFullscreen[0m                     
=== fullscreen ===
                                                                                                                        
     [38;2;192;202;245m╭────────────────────────────────────────────────────────────────────────────────────────────────────────────╮[0m     
     [38;2;192;202;245m│[0m [1;38;2;192;202;245mSelect Repositories (3/4)[0m                                                                                  [38;2;192;202;245m│[0m     
     [38;2;192;202;245m│[0m [38;2;125;207;255m / [0m[38;2;115;121;162mType to filter...[0m[38;2;224;175;104m█[0m                                                                                      [38;2;192;202;245m│[0m     
     [38;2;192;202;245m╰────────────────────────────────────────────────────────────────────────────────────────────────────────────╯[0m     
                                                                                                                        
    [38;2;115;121;162m╭─────────────────────────────────────────────────────╮[0m  [38;2;187;154;247m╭─────────────────────────────────────────────────────╮[0m    
    [38;2;115;121;162m│[0m[38;2;125;207;255m  ─── [0m[1;38;2;125;207;255m●  FRONTEND (2)[0m[38;2;125;207;255m ────────[0m                       [38;2;115;121;162m│[0m  [38;2;187;154;247m│[0m[38;2;187;154;247m  ─── [0m[1;38;2;187;154;247m◆  BACKEND (2)[0m[38;2;187;154;247m ─────────[0m                       [38;2;187;154;247m│[0m    
    [38;2;115;121;162m│[0m                                                     [38;2;115;121;162m│[0m  [38;2;187;154;247m│[0m                                                     [38;2;187;154;247m│[0m    
    [38;2;115;121;162m│[0m[38;2;125;207;255m  [0m[38;2;115;121;162m[0m[38;2;125;207;255m[✓][0m web-app[38;2;158;206;105m ●[0m                                      [38;2;115;121;162m│[0m  [38;2;187;154;247m│[0m[38;2;192;202;245m  [0m[38;2;115;121;162m[0m[38;2;187;154;247m[ ][0m api-service[38;2;115;121;162m ○[0m                                  [38;2;187;154;247m│[0m    
    [38;2;115;121;162m│[0m[38;2;125;207;255m  [0m[38;2;115;121;162m[0m[38;2;125;207;255m[✓][0m 🚀-launcher[38;2;158;206;105m ●[0m                                  [38;2;115;121;162m│[0m  [38;2;187;154;247m│[0m[1;38;2;187;154;247m▶ [0m[38;2;115;121;162m[0m[38;2;187;154;247m[✓][0m 日本語-サービス[38;2;158;206;105m ●[0m                              [38;2;187;154;247m│[0m    
    [38;2;115;121;162m│[0m                                                     [38;2;115;121;162m│[0m  [38;2;187;154;247m│[0m                                                     [38;2;187;154;247m│[0m    
    [38;2;115;121;162m│[0m                                                     [38;2;115;121;162m│[0m  [38;2;187;154;247m│[0m                                                     [38;2;187;154;247m│[0m    
    [38;2;115;121;162m│[0m                                                     [38;2;115;121;162m│[0m  [38;2;187;154;247m│[0m                                                     [38;2;187;154;247m│[0m    
    [38;2;115;121;162m│[0m                                                     [38;2;115;121;162m│[0m  [38;2;187;154;247m│[0m                                                     [38;2;187;154;247m│[0m    
    [38;2;115;121;162m│[0m                                                     [38;2;115;121;162m│[0m  [38;2;187;154;247m│[0m                                                     [38;2;187;154;247m│[0m    
    [38;2;115;121;162m│[0m                                                     [38;2;115;121;162m│[0m  [38;2;187;154;247m│[0m                                                     [38;2;187;154;247m│[0m    
    [38;2;115;121;162m│[0m                                                     [38;2;115;121;162m│[0m  [38;2;187;154;247m│[0m                                                     [38;2;187;154;247m│[0m    
    [38;2;115;121;162m│[0m                                                     [38;2;115;121;162m│[0m  [38;2;187;154;247m│[0m                                                     [38;2;187;154;247m│[0m    
    [38;2;115;121;162m│[0m                                                     [38;2;115;121;162m│[0m  [38;2;187;154;247m│[0m                                                     [38;2;187;154;247m│[0m    
    [38;2;115;121;162m│[0m                                                     [38;2;115;121;162m│[0m  [38;2;187;154;247m│[0m                                                     [38;2;187;154;247m│[0m    
    [38;2;115;121;162m│[0m                                                     [38;2;115;121;162m│[0m  [38;2;187;154;247m│[0m                                                     [38;2;187;154;247m│[0m    
    [38;2;115;121;162m│[0m                                                     [38;2;115;121;162m│[0m  [38;2;187;154;247m│[0m                                                     [38;2;187;154;247m│[0m    
    [38;2;115;121;162m│[0m                                                     [38;2;115;121;162m│[0m  [38;2;187;154;247m│[0m                                                     [38;2;187;154;247m│[0m    
    [38;2;115;121;162m│[0m                                                     [38;2;115;121;162m│[0m  [38;2;187;154;247m│[0m                                                     [38;2;187;154;247m│[0m    
    [38;2;115;121;162m│[0m                                                     [38;2;115;121;162m│[0m  [38;2;187;154;247m│[0m                                                     [38;2;187;154;247m│[0m    
    [38;2;115;121;162m│[0m                                                     [38;2;115;121;162m│[0m  [38;2;187;154;247m│[0m                                                     [38;2;187;154;247m│[0m    
    [38;2;115;121;162m│[0m                                                     [38;2;115;121;162m│[0m  [38;2;187;154;247m│[0m                                                     [38;2;187;154;247m│[0m    
    [38;2;115;121;162m╰─────────────────────────────────────────────────────╯[0m  [38;2;187;154;247m╰─────────────────────────────────────────────────────╯[0m    
     [38;2;115;121;162m╭────────────────────────────────────────────────────────────────────────────────────────────────────────────╮[0m     
     [38;2;115;121;162m│[0m [1;38;2;224;175;104m日本語-サービス[0m [38;2;125;207;255m(3 commits)[0m                                                                                [38;2;115;121;162m│[0m     
     [38;2;115;121;162m│[0m   [38;2;187;154;247mabc1234[0m [38;2;192;202;245mPROJ-1234 Fix the ⚠ redirect[0m                                                                     [38;2;115;121;162m│[0m     
     [38;2;115;121;162m│[0m   [38;2;187;154;247mdef5678[0m [38;2;192;202;245m日本語のコミットメッセージ 🚀[0m                                                                    [38;2;115;121;162m│[0m     
     [38;2;115;121;162m│[0m   [38;2;187;154;247maaa9999[0m [38;2;192;202;245mPROJ-5678 Tidy up[0m                                                                                [38;2;115;121;162m│[0m     
     [38;2;115;121;162m╰────────────────────────────────────────────────────────────────────────────────────────────────────────────╯[0m     
                                                                                                                        
                                                                                                                        
                                                                                                                        
   [38;2;59;65;97m──────────────────────────────────────────────────────────────────────────────────────────────────────────────────[0m   
    [1;38;2;192;202;245m↑↓[0m [38;2;115;121;162mNavigate[0m  [1;38;2;192;202;245m←→[0m [38;2;115;121;162mColumn[0m  [1;38;2;158;206;105mSpace[0m [38;2;115;121;162mToggle[0m  [1;38;2;158;206;105mTab[0m [38;2;115;121;162mContinue[0m  [1;38;2;224;175;104mType[0m [38;2;115;121;162mFilter[0m  [1;38;2;115;121;162m?[0m [38;2;115;121;162mHelp[0m  [1;38;2;115;121;162m[ ][0m [38;2;115;121;162mTabs[0m  [1;38;2;115;121;162mF[0m [38;2;115;121;162mFullscreen[0m                     
