=== normal ===
                                    [38;2;0;255;255m ____   ____   _____  _       ___  __        __[0m                                     
                                    [38;2;0;255;255m|  _ \ |  _ \ |  ___|| |     / _ \ \ \      / /[0m                                     
                                    [38;2;0;255;255m| |_) || |_) || |_   | |    | | | | \ \ /\ / / [0m                                     
                                    [38;2;0;255;255m|  __/ |  _ < |  _|  | |___ | |_| |  \ V  V /  [0m                                     
                                    [38;2;0;255;255m|_|    |_| \_\|_|    |_____| \___/    \_/\_/   [0m                                     
                                [48;2;0;255;255m [0m[1;38;2;0;0;0;48;2;0;255;255mSingle[0m[48;2;0;255;255m [0m[38;2;108;108;108m│[0m [38;2;255;0;255mBatch[0m [38;2;108;108;108m│[0m [38;2;255;255;0mRelease PRs[0m [38;2;108;108;108m│[0m [38;2;85;85;255mAll Open PRs[0m [38;2;108;108;108m│[0m [38;2;255;165;0mActions[0m                                  
         [38;2;170;85;255m╭─────────────────────────────────────────────────────╮[0m  [38;2;108;108;108m╭───────────────────────────────────────────╮[0m         
         [38;2;170;85;255m│[0m[1;38;2;0;255;255m 🚀 Create PR [0m                                       [38;2;170;85;255m│[0m  [38;2;108;108;108m│[0m[1;38;2;0;255;255m 3 commits [0m                                [38;2;108;108;108m│[0m         
         [38;2;170;85;255m│[0m[38;2;108;108;108m  Repo: [0m[1;38;2;0;255;255mFrontend/web-app[0m                             [38;2;170;85;255m│[0m  [38;2;108;108;108m│[0m                                           [38;2;108;108;108m│[0m         
         [38;2;170;85;255m│[0m[38;2;108;108;108m  Type: [0m[1;38;2;0;255;0mdev[0m[38;2;255;255;255m → [0m[1;38;2;255;255;0mstaging[0m                                [38;2;170;85;255m│[0m  [38;2;108;108;108m│[0m  [38;2;255;0;255mabc1234[0m                                  [38;2;108;108;108m│[0m         
         [38;2;170;85;255m│[0m                                                     [38;2;170;85;255m│[0m  [38;2;108;108;108m│[0m    ATT-1234 Fix the ⚠ redirect            [38;2;108;108;108m│[0m         
         [38;2;170;85;255m│[0m[1;38;2;255;255;0m PR Title [0m                                           [38;2;170;85;255m│[0m  [38;2;108;108;108m│[0m                                           [38;2;108;108;108m│[0m         
         [38;2;170;85;255m│[0m                                                     [38;2;170;85;255m│[0m  [38;2;108;108;108m│[0m  [38;2;255;0;255mdef5678[0m                                  [38;2;108;108;108m│[0m         
         [38;2;170;85;255m│[0m[38;2;255;255;0m  ┌────────────────────────────────────────┐[0m         [38;2;170;85;255m│[0m  [38;2;108;108;108m│[0m    日本語のコミットメッセージ             [38;2;108;108;108m│[0m         
         [38;2;170;85;255m│[0m[38;2;255;255;0m  │[0m[38;2;255;255;255mSprint # 42 — release ✦[0m[38;2;255;255;0m█[0m                [38;2;255;255;0m│[0m         [38;2;170;85;255m│[0m  [38;2;108;108;108m│[0m    🚀                                     [38;2;108;108;108m│[0m         
         [38;2;170;85;255m│[0m[38;2;255;255;0m  └────────────────────────────────────────┘[0m         [38;2;170;85;255m│[0m  [38;2;108;108;108m│[0m                                           [38;2;108;108;108m│[0m         
         [38;2;170;85;255m│[0m                                                     [38;2;170;85;255m│[0m  [38;2;108;108;108m│[0m  [38;2;255;0;255maaa9999[0m                                  [38;2;108;108;108m│[0m         
         [38;2;170;85;255m│[0m[1;38;2;255;255;255m Tickets (2) [0m                                        [38;2;170;85;255m│[0m  [38;2;108;108;108m│[0m    ATT-5678 Tidy up                       [38;2;108;108;108m│[0m         
         [38;2;170;85;255m│[0m                                                     [38;2;170;85;255m│[0m  [38;2;108;108;108m│[0m                                           [38;2;108;108;108m│[0m         
         [38;2;170;85;255m│[0m  🎫 [1;38;2;255;255;0mATT-1234[0m                                        [38;2;170;85;255m│[0m  [38;2;108;108;108m│[0m                                           [38;2;108;108;108m│[0m         
         [38;2;170;85;255m│[0m  🎫 [1;38;2;255;255;0mATT-5678[0m                                        [38;2;170;85;255m│[0m  [38;2;108;108;108m│[0m                                           [38;2;108;108;108m│[0m         
         [38;2;170;85;255m│[0m                                                     [38;2;170;85;255m│[0m  [38;2;108;108;108m│[0m                                           [38;2;108;108;108m│[0m         
         [38;2;170;85;255m│[0m[38;2;108;108;108m  Type to edit title[0m                                 [38;2;170;85;255m│[0m  [38;2;108;108;108m│[0m                                           [38;2;108;108;108m│[0m         
         [38;2;170;85;255m│[0m[38;2;108;108;108m  Press [0m[1;38;2;0;255;0mEnter[0m[38;2;108;108;108m to create PR[0m                           [38;2;170;85;255m│[0m  [38;2;108;108;108m│[0m                                           [38;2;108;108;108m│[0m         
         [38;2;170;85;255m│[0m                                                     [38;2;170;85;255m│[0m  [38;2;108;108;108m│[0m                                           [38;2;108;108;108m│[0m         
         [38;2;170;85;255m│[0m                                                     [38;2;170;85;255m│[0m  [38;2;108;108;108m│[0m                                           [38;2;108;108;108m│[0m         
         [38;2;170;85;255m│[0m                                                     [38;2;170;85;255m│[0m  [38;2;108;108;108m│[0m                                           [38;2;108;108;108m│[0m         
         [38;2;170;85;255m│[0m                                                     [38;2;170;85;255m│[0m  [38;2;108;108;108m│[0m                                           [38;2;108;108;108m│[0m         
         [38;2;170;85;255m│[0m                                                     [38;2;170;85;255m│[0m  [38;2;108;108;108m│[0m                                           [38;2;108;108;108m│[0m         
         [38;2;170;85;255m╰─────────────────────────────────────────────────────╯[0m  [38;2;108;108;108m╰───────────────────────────────────────────╯[0m         
                                                                                                                        
                                     [38;2;108;108;108m╭────────────────────────────────────────────╮[0m                                     
                                     [38;2;108;108;108m│[0m [1;38;2;255;255;0mType[0m [38;2;255;255;255mEdit title[0m  [1;38;2;0;255;0mEnter[0m [38;2;255;255;255mCreate PR[0m  [1;38;2;255;255;0mEsc[0m [38;2;255;255;255mBack[0m [38;2;108;108;108m│[0m                                     
                                     [38;2;108;108;108m│[0m [38;2;108;108;108m      Version: 1.2.3  •  gh: someone      [0m [38;2;108;108;108m│[0m                                     
                                     [38;2;108;108;108m╰────────────────────────────────────────────╯[0m                                     
                                                                                                                        
                                                                                                                        
                                                                                                                        
                                                                                                                        
                                                                                                                        
=== fullscreen ===
         [38;2;170;85;255m╭─────────────────────────────────────────────────────╮[0m  [38;2;108;108;108m╭───────────────────────────────────────────╮[0m         
         [38;2;170;85;255m│[0m[1;38;2;0;255;255m 🚀 Create PR [0m                                       [38;2;170;85;255m│[0m  [38;2;108;108;108m│[0m[1;38;2;0;255;255m 3 commits [0m                                [38;2;108;108;108m│[0m         
         [38;2;170;85;255m│[0m[38;2;108;108;108m  Repo: [0m[1;38;2;0;255;255mFrontend/web-app[0m                             [38;2;170;85;255m│[0m  [38;2;108;108;108m│[0m                                           [38;2;108;108;108m│[0m         
         [38;2;170;85;255m│[0m[38;2;108;108;108m  Type: [0m[1;38;2;0;255;0mdev[0m[38;2;255;255;255m → [0m[1;38;2;255;255;0mstaging[0m                                [38;2;170;85;255m│[0m  [38;2;108;108;108m│[0m  [38;2;255;0;255mabc1234[0m                                  [38;2;108;108;108m│[0m         
         [38;2;170;85;255m│[0m                                                     [38;2;170;85;255m│[0m  [38;2;108;108;108m│[0m    ATT-1234 Fix the ⚠ redirect            [38;2;108;108;108m│[0m         
         [38;2;170;85;255m│[0m[1;38;2;255;255;0m PR Title [0m                                           [38;2;170;85;255m│[0m  [38;2;108;108;108m│[0m                                           [38;2;108;108;108m│[0m         
         [38;2;170;85;255m│[0m                                                     [38;2;170;85;255m│[0m  [38;2;108;108;108m│[0m  [38;2;255;0;255mdef5678[0m                                  [38;2;108;108;108m│[0m         
         [38;2;170;85;255m│[0m[38;2;255;255;0m  ┌────────────────────────────────────────┐[0m         [38;2;170;85;255m│[0m  [38;2;108;108;108m│[0m    日本語のコミットメッセージ             [38;2;108;108;108m│[0m         
         [38;2;170;85;255m│[0m[38;2;255;255;0m  │[0m[38;2;255;255;255mSprint # 42 — release ✦[0m[38;2;255;255;0m█[0m                [38;2;255;255;0m│[0m         [38;2;170;85;255m│[0m  [38;2;108;108;108m│[0m    🚀                                     [38;2;108;108;108m│[0m         
         [38;2;170;85;255m│[0m[38;2;255;255;0m  └────────────────────────────────────────┘[0m         [38;2;170;85;255m│[0m  [38;2;108;108;108m│[0m                                           [38;2;108;108;108m│[0m         
         [38;2;170;85;255m│[0m                                                     [38;2;170;85;255m│[0m  [38;2;108;108;108m│[0m  [38;2;255;0;255maaa9999[0m                                  [38;2;108;108;108m│[0m         
         [38;2;170;85;255m│[0m[1;38;2;255;255;255m Tickets (2) [0m                                        [38;2;170;85;255m│[0m  [38;2;108;108;108m│[0m    ATT-5678 Tidy up                       [38;2;108;108;108m│[0m         
         [38;2;170;85;255m│[0m                                                     [38;2;170;85;255m│[0m  [38;2;108;108;108m│[0m                                           [38;2;108;108;108m│[0m         
         [38;2;170;85;255m│[0m  🎫 [1;38;2;255;255;0mATT-1234[0m                                        [38;2;170;85;255m│[0m  [38;2;108;108;108m│[0m                                           [38;2;108;108;108m│[0m         
         [38;2;170;85;255m│[0m  🎫 [1;38;2;255;255;0mATT-5678[0m                                        [38;2;170;85;255m│[0m  [38;2;108;108;108m│[0m                                           [38;2;108;108;108m│[0m         
         [38;2;170;85;255m│[0m                                                     [38;2;170;85;255m│[0m  [38;2;108;108;108m│[0m                                           [38;2;108;108;108m│[0m         
         [38;2;170;85;255m│[0m[38;2;108;108;108m  Type to edit title[0m                                 [38;2;170;85;255m│[0m  [38;2;108;108;108m│[0m                                           [38;2;108;108;108m│[0m         
         [38;2;170;85;255m│[0m[38;2;108;108;108m  Press [0m[1;38;2;0;255;0mEnter[0m[38;2;108;108;108m to create PR[0m                           [38;2;170;85;255m│[0m  [38;2;108;108;108m│[0m                                           [38;2;108;108;108m│[0m         
         [38;2;170;85;255m│[0m                                                     [38;2;170;85;255m│[0m  [38;2;108;108;108m│[0m                                           [38;2;108;108;108m│[0m         
         [38;2;170;85;255m│[0m                                                     [38;2;170;85;255m│[0m  [38;2;108;108;108m│[0m                                           [38;2;108;108;108m│[0m         
         [38;2;170;85;255m│[0m                                                     [38;2;170;85;255m│[0m  [38;2;108;108;108m│[0m                                           [38;2;108;108;108m│[0m         
         [38;2;170;85;255m│[0m                                                     [38;2;170;85;255m│[0m  [38;2;108;108;108m│[0m                                           [38;2;108;108;108m│[0m         
         [38;2;170;85;255m│[0m                                                     [38;2;170;85;255m│[0m  [38;2;108;108;108m│[0m                                           [38;2;108;108;108m│[0m         
         [38;2;170;85;255m│[0m                                                     [38;2;170;85;255m│[0m  [38;2;108;108;108m│[0m                                           [38;2;108;108;108m│[0m         
         [38;2;170;85;255m│[0m                                                     [38;2;170;85;255m│[0m  [38;2;108;108;108m│[0m                                           [38;2;108;108;108m│[0m         
         [38;2;170;85;255m│[0m                                                     [38;2;170;85;255m│[0m  [38;2;108;108;108m│[0m                                           [38;2;108;108;108m│[0m         
         [38;2;170;85;255m│[0m                                                     [38;2;170;85;255m│[0m  [38;2;108;108;108m│[0m                                           [38;2;108;108;108m│[0m         
         [38;2;170;85;255m│[0m                                                     [38;2;170;85;255m│[0m  [38;2;108;108;108m│[0m                                           [38;2;108;108;108m│[0m         
         [38;2;170;85;255m│[0m                                                     [38;2;170;85;255m│[0m  [38;2;108;108;108m│[0m                                           [38;2;108;108;108m│[0m         
         [38;2;170;85;255m│[0m                                                     [38;2;170;85;255m│[0m  [38;2;108;108;108m│[0m                                           [38;2;108;108;108m│[0m         
         [38;2;170;85;255m│[0m                                                     [38;2;170;85;255m│[0m  [38;2;108;108;108m│[0m                                           [38;2;108;108;108m│[0m         
         [38;2;170;85;255m╰─────────────────────────────────────────────────────╯[0m  [38;2;108;108;108m╰───────────────────────────────────────────╯[0m         
                                                                                                                        
                                     [38;2;108;108;108m╭────────────────────────────────────────────╮[0m                                     
                                     [38;2;108;108;108m│[0m [1;38;2;255;255;0mType[0m [38;2;255;255;255mEdit title[0m  [1;38;2;0;255;0mEnter[0m [38;2;255;255;255mCreate PR[0m  [1;38;2;255;255;0mEsc[0m [38;2;255;255;255mBack[0m [38;2;108;108;108m│[0m                                     
                                     [38;2;108;108;108m│[0m [38;2;108;108;108m      Version: 1.2.3  •  gh: someone      [0m [38;2;108;108;108m│[0m                                     
                                     [38;2;108;108;108m╰────────────────────────────────────────────╯[0m                                     
                                                                                                                        
                                                                                                                        
                                                                                                                        
