=== normal ===
   [1;38;2;187;154;247m◆[0m [1;38;2;192;202;245mprflow[0m   [38;2;115;121;162mHome[0m [48;2;125;207;255m [0m[1;38;2;22;22;30;48;2;125;207;255mSingle[0m[48;2;125;207;255m [0m [38;2;115;121;162mBatch[0m  [38;2;115;121;162mRelease PRs[0m  [38;2;115;121;162mAll Open PRs[0m  [38;2;115;121;162mActions[0m                            [38;2;115;121;162mgh: someone · v1.2.3[0m   
   [38;2;59;65;97m──────────────────────────────────────────────────────────────────────────────────────────────────────────────────[0m   
                                                                                                                        
                                                                                                                        
                                                                                                                        
                                                                                                                        
                                                                                                                        
                                                                                                                        
                                                                                                                        
                                                                                                                        
                                                                                                                        
                                                                                                                        
                                                                                                                        
                                                                                                                        
   [38;2;59;65;97m╭────────────────────────────────────────────────────────────────────────────────────────────────────────────────╮[0m   
   [38;2;59;65;97m│[0m                                                                                                                [38;2;59;65;97m│[0m   
   [38;2;59;65;97m│[0m  [1;38;2;158;206;105m Success [0m                                                                                                     [38;2;59;65;97m│[0m   
   [38;2;59;65;97m│[0m                                                                                                                [38;2;59;65;97m│[0m   
   [38;2;59;65;97m│[0m    [1;38;2;158;206;105m✓[0m [1;38;2;158;206;105mPR Created Successfully![0m                                                                                  [38;2;59;65;97m│[0m   
   [38;2;59;65;97m│[0m                                                                                                                [38;2;59;65;97m│[0m   
   [38;2;59;65;97m│[0m    [38;2;125;207;255mhttps://github.com/acme/web-app/pull/101[0m                                                                    [38;2;59;65;97m│[0m   
   [38;2;59;65;97m│[0m                                                                                                                [38;2;59;65;97m│[0m   
   [38;2;59;65;97m│[0m                                                                                                                [38;2;59;65;97m│[0m   
   [38;2;59;65;97m╰────────────────────────────────────────────────────────────────────────────────────────────────────────────────╯[0m   
                                                                                                                        
                                                                                                                        
                                                                                                                        
                                                                                                                        
                                                                                                                        
                                                                                                                        
                                                                                                                        
                                                                                                                        
                                                                                                                        
                                                                                                                        
                                                                                                                        
                                                                                                                        
                                                                                                                        
                                                                                                                        
   [38;2;59;65;97m──────────────────────────────────────────────────────────────────────────────────────────────────────────────────[0m   
    [1;38;2;121;162;247mo[0m [38;2;115;121;162mOpen URL[0m  [1;38;2;121;162;247mc[0m [38;2;115;121;162mCopy URL[0m  [1;38;2;158;206;105mm[0m [38;2;115;121;162mMerge PRs[0m  [1;38;2;158;206;105mEnter[0m [38;2;115;121;162mDone[0m  [1;38;2;115;121;162m?[0m [38;2;115;121;162mHelp[0m  [1;38;2;115;121;162m[ ][0m [38;2;115;121;162mTabs[0m  [1;38;2;115;121;162mF[0m [38;2;115;121;162mFullscreen[0m                                     
=== fullscreen ===
                                                                                                                        
                                                                                                                        
                                                                                                                        
                                                                                                                        
                                                                                                                        
                                                                                                                        
                                                                                                                        
                                                                                                                        
                                                                                                                        
                                                                                                                        
                                                                                                                        
                                                                                                                        
                                                                                                                        
   [38;2;59;65;97m╭────────────────────────────────────────────────────────────────────────────────────────────────────────────────╮[0m   
   [38;2;59;65;97m│[0m                                                                                                                [38;2;59;65;97m│[0m   
   [38;2;59;65;97m│[0m  [1;38;2;158;206;105m Success [0m                                                                                                     [38;2;59;65;97m│[0m   
   [38;2;59;65;97m│[0m                                                                                                                [38;2;59;65;97m│[0m   
   [38;2;59;65;97m│[0m    [1;38;2;158;206;105m✓[0m [1;38;2;158;206;105mPR Created Successfully![0m                                                                                  [38;2;59;65;97m│[0m   
   [38;2;59;65;97m│[0m                                                                                                                [38;2;59;65;97m│[0m   
   [38;2;59;65;97m│[0m    [38;2;125;207;255mhttps://github.com/acme/web-app/pull/101[0m                                                                    [38;2;59;65;97m│[0m   
   [38;2;59;65;97m│[0m                                                                                                                [38;2;59;65;97m│[0m   
   [38;2;59;65;97m│[0m                                                                                                                [38;2;59;65;97m│[0m   
   [38;2;59;65;97m╰────────────────────────────────────────────────────────────────────────────────────────────────────────────────╯[0m   
                                                                                                                        
                                                                                                                        
                                                                                                                        
                                                                                                                        
                                                                                                                        
                                                                                                                        
                                                                                                                        
                                                                                                                        
                                                                                                                        
                                                                                                                        
                                                                                                                        
                                                                                                                        
                                                                                                                        
                                                                                                                        
                                                                                                                        
   [38;2;59;65;97m──────────────────────────────────────────────────────────────────────────────────────────────────────────────────[0m   
    [1;38;2;121;162;247mo[0m [38;2;115;121;162mOpen URL[0m  [1;38;2;121;162;247mc[0m [38;2;115;121;162mCopy URL[0m  [1;38;2;158;206;105mm[0m [38;2;115;121;162mMerge PRs[0m  [1;38;2;158;206;105mEnter[0m [38;2;115;121;162mDone[0m  [1;38;2;115;121;162m?[0m [38;2;115;121;162mHelp[0m  [1;38;2;115;121;162m[ ][0m [38;2;115;121;162mTabs[0m  [1;38;2;115;121;162mF[0m [38;2;115;121;162mFullscreen[0m                                     
