=== normal ===
                                    [38;2;125;207;255m ____   ____   _____  _       ___  __        __[0m                                     
                                    [38;2;125;207;255m|  _ \ |  _ \ |  ___|| |     / _ \ \ \      / /[0m                                     
                                    [38;2;125;207;255m| |_) || |_) || |_   | |    | | | | \ \ /\ / / [0m                                     
                                    [38;2;125;207;255m|  __/ |  _ < |  _|  | |___ | |_| |  \ V  V /  [0m                                     
                                    [38;2;125;207;255m|_|    |_| \_\|_|    |_____| \___/    \_/\_/   [0m                                     
                                [48;2;125;207;255m [0m[1;38;2;22;22;30;48;2;125;207;255mSingle[0m[48;2;125;207;255m [0m[38;2;115;121;162m│[0m [38;2;187;154;247mBatch[0m [38;2;115;121;162m│[0m [38;2;224;175;104mRelease PRs[0m [38;2;115;121;162m│[0m [38;2;121;162;247mAll Open PRs[0m [38;2;115;121;162m│[0m [38;2;255;158;100mActions[0m                                  
        [38;2;121;162;247m╭──────────────────────────────────────────────────────────────────────────────────────────────────────╮[0m        
        [38;2;121;162;247m│[0m[1;38;2;121;162;247m  All Open PRs  [0m                                                                                      [38;2;121;162;247m│[0m        
        [38;2;121;162;247m│[0m                                                                                                      [38;2;121;162;247m│[0m        
        [38;2;121;162;247m│[0m[38;2;115;121;162m  No open PRs found across configured repos.[0m                                                          [38;2;121;162;247m│[0m        
        [38;2;121;162;247m│[0m                                                                                                      [38;2;121;162;247m│[0m        
        [38;2;121;162;247m│[0m                                                                                                      [38;2;121;162;247m│[0m        
        [38;2;121;162;247m│[0m                                                                                                      [38;2;121;162;247m│[0m        
        [38;2;121;162;247m│[0m                                                                                                      [38;2;121;162;247m│[0m        
        [38;2;121;162;247m│[0m                                                                                                      [38;2;121;162;247m│[0m        
        [38;2;121;162;247m│[0m                                                                                                      [38;2;121;162;247m│[0m        
        [38;2;121;162;247m│[0m                                                                                                      [38;2;121;162;247m│[0m        
        [38;2;121;162;247m│[0m                                                                                                      [38;2;121;162;247m│[0m        
        [38;2;121;162;247m│[0m                                                                                                      [38;2;121;162;247m│[0m        
        [38;2;121;162;247m│[0m                                                                                                      [38;2;121;162;247m│[0m        
        [38;2;121;162;247m│[0m                                                                                                      [38;2;121;162;247m│[0m        
        [38;2;121;162;247m│[0m                                                                                                      [38;2;121;162;247m│[0m        
        [38;2;121;162;247m│[0m                                                                                                      [38;2;121;162;247m│[0m        
        [38;2;121;162;247m│[0m                                                                                                      [38;2;121;162;247m│[0m        
        [38;2;121;162;247m│[0m                                                                                                      [38;2;121;162;247m│[0m        
        [38;2;121;162;247m│[0m                                                                                                      [38;2;121;162;247m│[0m        
        [38;2;121;162;247m│[0m                                                                                                      [38;2;121;162;247m│[0m        
        [38;2;121;162;247m│[0m                                                                                                      [38;2;121;162;247m│[0m        
        [38;2;121;162;247m│[0m                                                                                                      [38;2;121;162;247m│[0m        
        [38;2;121;162;247m╰──────────────────────────────────────────────────────────────────────────────────────────────────────╯[0m        
                                                                                                                        
                      [38;2;115;121;162m╭─────────────────────────────────────────────────────────────────────────╮[0m                       
                      [38;2;115;121;162m│[0m [1;38;2;121;162;247mr[0m [38;2;192;202;245mRefresh[0m  [1;38;2;121;162;247ma[0m [38;2;192;202;245mAuto-refresh: off[0m  [1;38;2;224;175;104mEsc[0m [38;2;192;202;245mBack[0m  [1;38;2;115;121;162m?[0m [38;2;192;202;245mHelp[0m  [1;38;2;115;121;162m[ ][0m [38;2;192;202;245mTab[0m  [1;38;2;115;121;162mF[0m [38;2;192;202;245mFullscreen[0m [38;2;115;121;162m│[0m                       
                      [38;2;115;121;162m│[0m [38;2;115;121;162m                    Version: 1.2.3  •  gh: someone                     [0m [38;2;115;121;162m│[0m                       
                      [38;2;115;121;162m╰─────────────────────────────────────────────────────────────────────────╯[0m                       
                                                                                                                        
                                                                                                                        
                                                                                                                        
                                                                                                                        
                                                                                                                        
=== fullscreen ===
        [38;2;121;162;247m╭──────────────────────────────────────────────────────────────────────────────────────────────────────╮[0m        
        [38;2;121;162;247m│[0m[1;38;2;121;162;247m  All Open PRs  [0m                                                                                      [38;2;121;162;247m│[0m        
        [38;2;121;162;247m│[0m                                                                                                      [38;2;121;162;247m│[0m        
        [38;2;121;162;247m│[0m[38;2;115;121;162m  No open PRs found across configured repos.[0m                                                          [38;2;121;162;247m│[0m        
        [38;2;121;162;247m│[0m                                                                                                      [38;2;121;162;247m│[0m        
        [38;2;121;162;247m│[0m                                                                                                      [38;2;121;162;247m│[0m        
        [38;2;121;162;247m│[0m                                                                                                      [38;2;121;162;247m│[0m        
        [38;2;121;162;247m│[0m                                                                                                      [38;2;121;162;247m│[0m        
        [38;2;121;162;247m│[0m                                                                                                      [38;2;121;162;247m│[0m        
        [38;2;121;162;247m│[0m                                                                                                      [38;2;121;162;247m│[0m        
        [38;2;121;162;247m│[0m                                                                                                      [38;2;121;162;247m│[0m        
        [38;2;121;162;247m│[0m                                                                                                      [38;2;121;162;247m│[0m        
        [38;2;121;162;247m│[0m                                                                                                      [38;2;121;162;247m│[0m        
        [38;2;121;162;247m│[0m                                                                                                      [38;2;121;162;247m│[0m        
        [38;2;121;162;247m│[0m                                                                                                      [38;2;121;162;247m│[0m        
        [38;2;121;162;247m│[0m                                                                                                      [38;2;121;162;247m│[0m        
        [38;2;121;162;247m│[0m                                                                                                      [38;2;121;162;247m│[0m        
        [38;2;121;162;247m│[0m                                                                                                      [38;2;121;162;247m│[0m        
        [38;2;121;162;247m│[0m                                                                                                      [38;2;121;162;247m│[0m        
        [38;2;121;162;247m│[0m                                                                                                      [38;2;121;162;247m│[0m        
        [38;2;121;162;247m│[0m                                                                                                      [38;2;121;162;247m│[0m        
        [38;2;121;162;247m│[0m                                                                                                      [38;2;121;162;247m│[0m        
        [38;2;121;162;247m│[0m                                                                                                      [38;2;121;162;247m│[0m        
        [38;2;121;162;247m│[0m                                                                                                      [38;2;121;162;247m│[0m        
        [38;2;121;162;247m│[0m                                                                                                      [38;2;121;162;247m│[0m        
        [38;2;121;162;247m│[0m                                                                                                      [38;2;121;162;247m│[0m        
        [38;2;121;162;247m│[0m                                                                                                      [38;2;121;162;247m│[0m        
        [38;2;121;162;247m│[0m                                                                                                      [38;2;121;162;247m│[0m        
        [38;2;121;162;247m│[0m                                                                                                      [38;2;121;162;247m│[0m        
        [38;2;121;162;247m│[0m                                                                                                      [38;2;121;162;247m│[0m        
        [38;2;121;162;247m│[0m                                                                                                      [38;2;121;162;247m│[0m        
        [38;2;121;162;247m╰──────────────────────────────────────────────────────────────────────────────────────────────────────╯[0m        
                                                                                                                        
                      [38;2;115;121;162m╭─────────────────────────────────────────────────────────────────────────╮[0m                       
                      [38;2;115;121;162m│[0m [1;38;2;121;162;247mr[0m [38;2;192;202;245mRefresh[0m  [1;38;2;121;162;247ma[0m [38;2;192;202;245mAuto-refresh: off[0m  [1;38;2;224;175;104mEsc[0m [38;2;192;202;245mBack[0m  [1;38;2;115;121;162m?[0m [38;2;192;202;245mHelp[0m  [1;38;2;115;121;162m[ ][0m [38;2;192;202;245mTab[0m  [1;38;2;115;121;162mF[0m [38;2;192;202;245mFullscreen[0m [38;2;115;121;162m│[0m                       
                      [38;2;115;121;162m│[0m [38;2;115;121;162m                    Version: 1.2.3  •  gh: someone                     [0m [38;2;115;121;162m│[0m                       
                      [38;2;115;121;162m╰─────────────────────────────────────────────────────────────────────────╯[0m                       
                                                                                                                        
                                                                                                                        
                                                                                                                        
