=== normal ===
   [1;38;2;187;154;247m◆[0m [1;38;2;192;202;245mprflow[0m  [48;2;125;207;255m [0m[1;38;2;22;22;30;48;2;125;207;255mSingle[0m[48;2;125;207;255m [0m [38;2;115;121;162mBatch[0m  [38;2;115;121;162mRelease PRs[0m  [38;2;115;121;162mAll Open PRs[0m  [38;2;115;121;162mActions[0m                                  [38;2;115;121;162mgh: someone · v1.2.3[0m   
   [38;2;59;65;97m──────────────────────────────────────────────────────────────────────────────────────────────────────────────────[0m   
         [38;2;59;65;97m╭─────────────────────────────────────────────────────╮[0m  [38;2;115;121;162m╭───────────────────────────────────────────╮[0m         
         [38;2;59;65;97m│[0m[1;38;2;125;207;255m Create PR [0m                                          [38;2;59;65;97m│[0m  [38;2;115;121;162m│[0m[1;38;2;125;207;255m 0 commits [0m                                [38;2;115;121;162m│[0m         
         [38;2;59;65;97m│[0m                                                     [38;2;59;65;97m│[0m  [38;2;115;121;162m│[0m                                           [38;2;115;121;162m│[0m         
         [38;2;59;65;97m│[0m[1;38;2;192;202;245m Tickets (0) [0m                                        [38;2;59;65;97m│[0m  [38;2;115;121;162m│[0m[38;2;115;121;162m  No commits to merge[0m                      [38;2;115;121;162m│[0m         
         [38;2;59;65;97m│[0m                                                     [38;2;59;65;97m│[0m  [38;2;115;121;162m│[0m                                           [38;2;115;121;162m│[0m         
         [38;2;59;65;97m│[0m[38;2;115;121;162m  No tickets found[0m                                   [38;2;59;65;97m│[0m  [38;2;115;121;162m│[0m                                           [38;2;115;121;162m│[0m         
         [38;2;59;65;97m│[0m                                                     [38;2;59;65;97m│[0m  [38;2;115;121;162m│[0m                                           [38;2;115;121;162m│[0m         
         [38;2;59;65;97m│[0m[38;2;115;121;162m  Nothing to merge[0m                                   [38;2;59;65;97m│[0m  [38;2;115;121;162m│[0m                                           [38;2;115;121;162m│[0m         
         [38;2;59;65;97m│[0m                                                     [38;2;59;65;97m│[0m  [38;2;115;121;162m│[0m                                           [38;2;115;121;162m│[0m         
         [38;2;59;65;97m│[0m                                                     [38;2;59;65;97m│[0m  [38;2;115;121;162m│[0m                                           [38;2;115;121;162m│[0m         
         [38;2;59;65;97m│[0m                                                     [38;2;59;65;97m│[0m  [38;2;115;121;162m│[0m                                           [38;2;115;121;162m│[0m         
         [38;2;59;65;97m│[0m                                                     [38;2;59;65;97m│[0m  [38;2;115;121;162m│[0m                                           [38;2;115;121;162m│[0m         
         [38;2;59;65;97m│[0m                                                     [38;2;59;65;97m│[0m  [38;2;115;121;162m│[0m                                           [38;2;115;121;162m│[0m         
         [38;2;59;65;97m│[0m                                                     [38;2;59;65;97m│[0m  [38;2;115;121;162m│[0m                                           [38;2;115;121;162m│[0m         
         [38;2;59;65;97m│[0m                                                     [38;2;59;65;97m│[0m  [38;2;115;121;162m│[0m                                           [38;2;115;121;162m│[0m         
         [38;2;59;65;97m│[0m                                                     [38;2;59;65;97m│[0m  [38;2;115;121;162m│[0m                                           [38;2;115;121;162m│[0m         
         [38;2;59;65;97m│[0m                                                     [38;2;59;65;97m│[0m  [38;2;115;121;162m│[0m                                           [38;2;115;121;162m│[0m         
         [38;2;59;65;97m│[0m                                                     [38;2;59;65;97m│[0m  [38;2;115;121;162m│[0m                                           [38;2;115;121;162m│[0m         
         [38;2;59;65;97m│[0m                                                     [38;2;59;65;97m│[0m  [38;2;115;121;162m│[0m                                           [38;2;115;121;162m│[0m         
         [38;2;59;65;97m│[0m                                                     [38;2;59;65;97m│[0m  [38;2;115;121;162m│[0m                                           [38;2;115;121;162m│[0m         
         [38;2;59;65;97m│[0m                                                     [38;2;59;65;97m│[0m  [38;2;115;121;162m│[0m                                           [38;2;115;121;162m│[0m         
         [38;2;59;65;97m│[0m                                                     [38;2;59;65;97m│[0m  [38;2;115;121;162m│[0m                                           [38;2;115;121;162m│[0m         
         [38;2;59;65;97m│[0m                                                     [38;2;59;65;97m│[0m  [38;2;115;121;162m│[0m                                           [38;2;115;121;162m│[0m         
         [38;2;59;65;97m│[0m                                                     [38;2;59;65;97m│[0m  [38;2;115;121;162m│[0m                                           [38;2;115;121;162m│[0m         
         [38;2;59;65;97m│[0m                                                     [38;2;59;65;97m│[0m  [38;2;115;121;162m│[0m                                           [38;2;115;121;162m│[0m         
         [38;2;59;65;97m│[0m                                                     [38;2;59;65;97m│[0m  [38;2;115;121;162m│[0m                                           [38;2;115;121;162m│[0m         
         [38;2;59;65;97m│[0m                                                     [38;2;59;65;97m│[0m  [38;2;115;121;162m│[0m                                           [38;2;115;121;162m│[0m         
         [38;2;59;65;97m│[0m                                                     [38;2;59;65;97m│[0m  [38;2;115;121;162m│[0m                                           [38;2;115;121;162m│[0m         
         [38;2;59;65;97m│[0m                                                     [38;2;59;65;97m│[0m  [38;2;115;121;162m│[0m                                           [38;2;115;121;162m│[0m         
         [38;2;59;65;97m│[0m                                                     [38;2;59;65;97m│[0m  [38;2;115;121;162m│[0m                                           [38;2;115;121;162m│[0m         
         [38;2;59;65;97m╰─────────────────────────────────────────────────────╯[0m  [38;2;115;121;162m╰───────────────────────────────────────────╯[0m         
                                                                                                                        
                                                                                                                        
                                                                                                                        
                                                                                                                        
                                                                                                                        
   [38;2;59;65;97m──────────────────────────────────────────────────────────────────────────────────────────────────────────────────[0m   
    [1;38;2;224;175;104mEsc[0m [38;2;115;121;162mBack[0m                                                                                                            
=== fullscreen ===
         [38;2;59;65;97m╭─────────────────────────────────────────────────────╮[0m  [38;2;115;121;162m╭───────────────────────────────────────────╮[0m         
         [38;2;59;65;97m│[0m[1;38;2;125;207;255m Create PR [0m                                          [38;2;59;65;97m│[0m  [38;2;115;121;162m│[0m[1;38;2;125;207;255m 0 commits [0m                                [38;2;115;121;162m│[0m         
         [38;2;59;65;97m│[0m                                                     [38;2;59;65;97m│[0m  [38;2;115;121;162m│[0m                                           [38;2;115;121;162m│[0m         
         [38;2;59;65;97m│[0m[1;38;2;192;202;245m Tickets (0) [0m                                        [38;2;59;65;97m│[0m  [38;2;115;121;162m│[0m[38;2;115;121;162m  No commits to merge[0m                      [38;2;115;121;162m│[0m         
         [38;2;59;65;97m│[0m                                                     [38;2;59;65;97m│[0m  [38;2;115;121;162m│[0m                                           [38;2;115;121;162m│[0m         
         [38;2;59;65;97m│[0m[38;2;115;121;162m  No tickets found[0m                                   [38;2;59;65;97m│[0m  [38;2;115;121;162m│[0m                                           [38;2;115;121;162m│[0m         
         [38;2;59;65;97m│[0m                                                     [38;2;59;65;97m│[0m  [38;2;115;121;162m│[0m                                           [38;2;115;121;162m│[0m         
         [38;2;59;65;97m│[0m[38;2;115;121;162m  Nothing to merge[0m                                   [38;2;59;65;97m│[0m  [38;2;115;121;162m│[0m                                           [38;2;115;121;162m│[0m         
         [38;2;59;65;97m│[0m                                                     [38;2;59;65;97m│[0m  [38;2;115;121;162m│[0m                                           [38;2;115;121;162m│[0m         
         [38;2;59;65;97m│[0m                                                     [38;2;59;65;97m│[0m  [38;2;115;121;162m│[0m                                           [38;2;115;121;162m│[0m         
         [38;2;59;65;97m│[0m                                                     [38;2;59;65;97m│[0m  [38;2;115;121;162m│[0m                                           [38;2;115;121;162m│[0m         
         [38;2;59;65;97m│[0m                                                     [38;2;59;65;97m│[0m  [38;2;115;121;162m│[0m                                           [38;2;115;121;162m│[0m         
         [38;2;59;65;97m│[0m                                                     [38;2;59;65;97m│[0m  [38;2;115;121;162m│[0m                                           [38;2;115;121;162m│[0m         
         [38;2;59;65;97m│[0m                                                     [38;2;59;65;97m│[0m  [38;2;115;121;162m│[0m                                           [38;2;115;121;162m│[0m         
         [38;2;59;65;97m│[0m                                                     [38;2;59;65;97m│[0m  [38;2;115;121;162m│[0m                                           [38;2;115;121;162m│[0m         
         [38;2;59;65;97m│[0m                                                     [38;2;59;65;97m│[0m  [38;2;115;121;162m│[0m                                           [38;2;115;121;162m│[0m         
         [38;2;59;65;97m│[0m                                                     [38;2;59;65;97m│[0m  [38;2;115;121;162m│[0m                                           [38;2;115;121;162m│[0m         
         [38;2;59;65;97m│[0m                                                     [38;2;59;65;97m│[0m  [38;2;115;121;162m│[0m                                           [38;2;115;121;162m│[0m         
         [38;2;59;65;97m│[0m                                                     [38;2;59;65;97m│[0m  [38;2;115;121;162m│[0m                                           [38;2;115;121;162m│[0m         
         [38;2;59;65;97m│[0m                                                     [38;2;59;65;97m│[0m  [38;2;115;121;162m│[0m                                           [38;2;115;121;162m│[0m         
         [38;2;59;65;97m│[0m                                                     [38;2;59;65;97m│[0m  [38;2;115;121;162m│[0m                                           [38;2;115;121;162m│[0m         
         [38;2;59;65;97m│[0m                                                     [38;2;59;65;97m│[0m  [38;2;115;121;162m│[0m                                           [38;2;115;121;162m│[0m         
         [38;2;59;65;97m│[0m                                                     [38;2;59;65;97m│[0m  [38;2;115;121;162m│[0m                                           [38;2;115;121;162m│[0m         
         [38;2;59;65;97m│[0m                                                     [38;2;59;65;97m│[0m  [38;2;115;121;162m│[0m                                           [38;2;115;121;162m│[0m         
         [38;2;59;65;97m│[0m                                                     [38;2;59;65;97m│[0m  [38;2;115;121;162m│[0m                                           [38;2;115;121;162m│[0m         
         [38;2;59;65;97m│[0m                                                     [38;2;59;65;97m│[0m  [38;2;115;121;162m│[0m                                           [38;2;115;121;162m│[0m         
         [38;2;59;65;97m│[0m                                                     [38;2;59;65;97m│[0m  [38;2;115;121;162m│[0m                                           [38;2;115;121;162m│[0m         
         [38;2;59;65;97m│[0m                                                     [38;2;59;65;97m│[0m  [38;2;115;121;162m│[0m                                           [38;2;115;121;162m│[0m         
         [38;2;59;65;97m│[0m                                                     [38;2;59;65;97m│[0m  [38;2;115;121;162m│[0m                                           [38;2;115;121;162m│[0m         
         [38;2;59;65;97m│[0m                                                     [38;2;59;65;97m│[0m  [38;2;115;121;162m│[0m                                           [38;2;115;121;162m│[0m         
         [38;2;59;65;97m│[0m                                                     [38;2;59;65;97m│[0m  [38;2;115;121;162m│[0m                                           [38;2;115;121;162m│[0m         
         [38;2;59;65;97m│[0m                                                     [38;2;59;65;97m│[0m  [38;2;115;121;162m│[0m                                           [38;2;115;121;162m│[0m         
         [38;2;59;65;97m│[0m                                                     [38;2;59;65;97m│[0m  [38;2;115;121;162m│[0m                                           [38;2;115;121;162m│[0m         
         [38;2;59;65;97m╰─────────────────────────────────────────────────────╯[0m  [38;2;115;121;162m╰───────────────────────────────────────────╯[0m         
                                                                                                                        
                                                                                                                        
                                                                                                                        
                                                                                                                        
   [38;2;59;65;97m──────────────────────────────────────────────────────────────────────────────────────────────────────────────────[0m   
    [1;38;2;224;175;104mEsc[0m [38;2;115;121;162mBack[0m                                                                                                            
