=== normal ===
                                    [38;2;0;255;255m ____   ____   _____  _       ___  __        __[0m                                     
                                    [38;2;0;255;255m|  _ \ |  _ \ |  ___|| |     / _ \ \ \      / /[0m                                     
                                    [38;2;0;255;255m| |_) || |_) || |_   | |    | | | | \ \ /\ / / [0m                                     
                                    [38;2;0;255;255m|  __/ |  _ < |  _|  | |___ | |_| |  \ V  V /  [0m                                     
                                    [38;2;0;255;255m|_|    |_| \_\|_|    |_____| \___/    \_/\_/   [0m                                     
                                [48;2;0;255;255m [0m[1;38;2;0;0;0;48;2;0;255;255mSingle[0m[48;2;0;255;255m [0m[38;2;108;108;108m│[0m [38;2;255;0;255mBatch[0m [38;2;108;108;108m│[0m [38;2;255;255;0mRelease PRs[0m [38;2;108;108;108m│[0m [38;2;85;85;255mAll Open PRs[0m [38;2;108;108;108m│[0m [38;2;255;165;0mActions[0m                                  
   [38;2;170;85;255m╭────────────────────────────────────────────────────────────────────────────────────────────────────────────────╮[0m   
   [38;2;170;85;255m│[0m                                                                                                                [38;2;170;85;255m│[0m   
   [38;2;170;85;255m│[0m  [1;38;2;0;255;255m 👋  Welcome [0m                                                                                                 [38;2;170;85;255m│[0m   
   [38;2;170;85;255m│[0m                                                                                                                [38;2;170;85;255m│[0m   
   [38;2;170;85;255m│[0m  [38;2;255;255;255m  Point prflow at the directory that holds your repositories.[0m                                                 [38;2;170;85;255m│[0m   
   [38;2;170;85;255m│[0m  [38;2;108;108;108m  It will look for git repos inside it, one or two levels deep.[0m                                               [38;2;170;85;255m│[0m   
   [38;2;170;85;255m│[0m                                                                                                                [38;2;170;85;255m│[0m   
   [38;2;170;85;255m│[0m    [38;2;0;255;0mDirectory:[0m [1;38;2;255;255;255m/tmp/nothing-here[0m[38;2;0;255;255m█[0m                                                                               [38;2;170;85;255m│[0m   
   [38;2;170;85;255m│[0m                                                                                                                [38;2;170;85;255m│[0m   
   [38;2;170;85;255m│[0m  [38;2;255;255;0m  ⚠ No git repositories found there.[0m                                                                          [38;2;170;85;255m│[0m   
   [38;2;170;85;255m│[0m  [38;2;108;108;108m  Check the path, or point at the directory one level up.[0m                                                     [38;2;170;85;255m│[0m   
   [38;2;170;85;255m│[0m                                                                                                                [38;2;170;85;255m│[0m   
   [38;2;170;85;255m│[0m  [38;2;108;108;108m  Edit the path and press Enter to try again.[0m                                                                 [38;2;170;85;255m│[0m   
   [38;2;170;85;255m│[0m                                                                                                                [38;2;170;85;255m│[0m   
   [38;2;170;85;255m╰────────────────────────────────────────────────────────────────────────────────────────────────────────────────╯[0m   
                                                                                                                        
                                  [38;2;108;108;108m╭──────────────────────────────────────────────────╮[0m                                  
                                  [38;2;108;108;108m│[0m [1;38;2;255;255;0mType[0m [38;2;255;255;255mDirectory path[0m  [1;38;2;0;255;0mEnter[0m [38;2;255;255;255mCheck[0m  [1;38;2;255;255;0mEsc[0m [38;2;255;255;255mSkip setup[0m [38;2;108;108;108m│[0m                                  
                                  [38;2;108;108;108m│[0m [38;2;108;108;108m         Version: 1.2.3  •  gh: someone         [0m [38;2;108;108;108m│[0m                                  
                                  [38;2;108;108;108m╰──────────────────────────────────────────────────╯[0m                                  
                                                                                                                        
                                                                                                                        
                                                                                                                        
                                                                                                                        
                                                                                                                        
                                                                                                                        
                                                                                                                        
                                                                                                                        
                                                                                                                        
                                                                                                                        
                                                                                                                        
                                                                                                                        
                                                                                                                        
                                                                                                                        
=== fullscreen ===
   [38;2;170;85;255m╭────────────────────────────────────────────────────────────────────────────────────────────────────────────────╮[0m   
   [38;2;170;85;255m│[0m                                                                                                                [38;2;170;85;255m│[0m   
   [38;2;170;85;255m│[0m  [1;38;2;0;255;255m 👋  Welcome [0m                                                                                                 [38;2;170;85;255m│[0m   
   [38;2;170;85;255m│[0m                                                                                                                [38;2;170;85;255m│[0m   
   [38;2;170;85;255m│[0m  [38;2;255;255;255m  Point prflow at the directory that holds your repositories.[0m                                                 [38;2;170;85;255m│[0m   
   [38;2;170;85;255m│[0m  [38;2;108;108;108m  It will look for git repos inside it, one or two levels deep.[0m                                               [38;2;170;85;255m│[0m   
   [38;2;170;85;255m│[0m                                                                                                                [38;2;170;85;255m│[0m   
   [38;2;170;85;255m│[0m    [38;2;0;255;0mDirectory:[0m [1;38;2;255;255;255m/tmp/nothing-here[0m[38;2;0;255;255m█[0m                                                                               [38;2;170;85;255m│[0m   
   [38;2;170;85;255m│[0m                                                                                                                [38;2;170;85;255m│[0m   
   [38;2;170;85;255m│[0m  [38;2;255;255;0m  ⚠ No git repositories found there.[0m                                                                          [38;2;170;85;255m│[0m   
   [38;2;170;85;255m│[0m  [38;2;108;108;108m  Check the path, or point at the directory one level up.[0m                                                     [38;2;170;85;255m│[0m   
   [38;2;170;85;255m│[0m                                                                                                                [38;2;170;85;255m│[0m   
   [38;2;170;85;255m│[0m  [38;2;108;108;108m  Edit the path and press Enter to try again.[0m                                                                 [38;2;170;85;255m│[0m   
   [38;2;170;85;255m│[0m                                                                                                                [38;2;170;85;255m│[0m   
   [38;2;170;85;255m╰────────────────────────────────────────────────────────────────────────────────────────────────────────────────╯[0m   
                                                                                                                        
                                  [38;2;108;108;108m╭──────────────────────────────────────────────────╮[0m                                  
                                  [38;2;108;108;108m│[0m [1;38;2;255;255;0mType[0m [38;2;255;255;255mDirectory path[0m  [1;38;2;0;255;0mEnter[0m [38;2;255;255;255mCheck[0m  [1;38;2;255;255;0mEsc[0m [38;2;255;255;255mSkip setup[0m [38;2;108;108;108m│[0m                                  
                                  [38;2;108;108;108m│[0m [38;2;108;108;108m         Version: 1.2.3  •  gh: someone         [0m [38;2;108;108;108m│[0m                                  
                                  [38;2;108;108;108m╰──────────────────────────────────────────────────╯[0m                                  
                                                                                                                        
                                                                                                                        
                                                                                                                        
                                                                                                                        
                                                                                                                        
                                                                                                                        
                                                                                                                        
                                                                                                                        
                                                                                                                        
                                                                                                                        
                                                                                                                        
                                                                                                                        
                                                                                                                        
                                                                                                                        
                                                                                                                        
                                                                                                                        
                                                                                                                        
                                                                                                                        
                                                                                                                        
                                                                                                                        
