=== normal ===
   [1;38;2;187;154;247m◆[0m [1;38;2;192;202;245mprflow[0m   [38;2;115;121;162mHome[0m [48;2;125;207;255m [0m[1;38;2;22;22;30;48;2;125;207;255mSingle[0m[48;2;125;207;255m [0m [38;2;115;121;162mBatch[0m  [38;2;115;121;162mRelease PRs[0m  [38;2;115;121;162mAll Open PRs[0m  [38;2;115;121;162mActions[0m  [38;2;115;121;162mShipped[0m                   [38;2;115;121;162mgh: someone · v1.2.3[0m   
   [38;2;59;65;97m──────────────────────────────────────────────────────────────────────────────────────────────────────────────────[0m   
                                                                                                                        
                                                                                                                        
                                                                                                                        
                                                                                                                        
                                                                                                                        
                                                                                                                        
                                                                                                                        
                                                                                                                        
                                                                                                                        
                                                                                                                        
   [38;2;59;65;97m╭────────────────────────────────────────────────────────────────────────────────────────────────────────────────╮[0m   
   [38;2;59;65;97m│[0m                                                                                                                [38;2;59;65;97m│[0m   
   [38;2;59;65;97m│[0m  [1;38;2;125;207;255m Welcome [0m                                                                                                     [38;2;59;65;97m│[0m   
   [38;2;59;65;97m│[0m                                                                                                                [38;2;59;65;97m│[0m   
   [38;2;59;65;97m│[0m  [38;2;192;202;245m  Point prflow at the directory that holds your repositories.[0m                                                 [38;2;59;65;97m│[0m   
   [38;2;59;65;97m│[0m  [38;2;115;121;162m  It will look for git repos inside it, one or two levels deep.[0m                                               [38;2;59;65;97m│[0m   
   [38;2;59;65;97m│[0m                                                                                                                [38;2;59;65;97m│[0m   
   [38;2;59;65;97m│[0m    [38;2;158;206;105mDirectory:[0m [1;38;2;192;202;245m/tmp/nothing-here[0m[38;2;125;207;255m█[0m                                                                               [38;2;59;65;97m│[0m   
   [38;2;59;65;97m│[0m                                                                                                                [38;2;59;65;97m│[0m   
   [38;2;59;65;97m│[0m  [38;2;224;175;104m  ⚠ No git repositories found there.[0m                                                                          [38;2;59;65;97m│[0m   
   [38;2;59;65;97m│[0m  [38;2;115;121;162m  Check the path, or point at the directory one level up.[0m                                                     [38;2;59;65;97m│[0m   
   [38;2;59;65;97m│[0m                                                                                                                [38;2;59;65;97m│[0m   
   [38;2;59;65;97m│[0m  [38;2;115;121;162m  Edit the path and press Enter to try again.[0m                                                                 [38;2;59;65;97m│[0m   
   [38;2;59;65;97m│[0m                                                                                                                [38;2;59;65;97m│[0m   
   [38;2;59;65;97m╰────────────────────────────────────────────────────────────────────────────────────────────────────────────────╯[0m   
                                                                                                                        
                                                                                                                        
                                                                                                                        
                                                                                                                        
                                                                                                                        
                                                                                                                        
                                                                                                                        
                                                                                                                        
                                                                                                                        
                                                                                                                        
                                                                                                                        
   [38;2;59;65;97m──────────────────────────────────────────────────────────────────────────────────────────────────────────────────[0m   
    [1;38;2;224;175;104mType[0m [38;2;115;121;162mDirectory path[0m  [1;38;2;158;206;105mEnter[0m [38;2;115;121;162mCheck[0m  [1;38;2;224;175;104mEsc[0m [38;2;115;121;162mSkip setup[0m                                                                    
=== fullscreen ===
                                                                                                                        
                                                                                                                        
                                                                                                                        
                                                                                                                        
                                                                                                                        
                                                                                                                        
                                                                                                                        
                                                                                                                        
                                                                                                                        
                                                                                                                        
                                                                                                                        
   [38;2;59;65;97m╭────────────────────────────────────────────────────────────────────────────────────────────────────────────────╮[0m   
   [38;2;59;65;97m│[0m                                                                                                                [38;2;59;65;97m│[0m   
   [38;2;59;65;97m│[0m  [1;38;2;125;207;255m Welcome [0m                                                                                                     [38;2;59;65;97m│[0m   
   [38;2;59;65;97m│[0m                                                                                                                [38;2;59;65;97m│[0m   
   [38;2;59;65;97m│[0m  [38;2;192;202;245m  Point prflow at the directory that holds your repositories.[0m                                                 [38;2;59;65;97m│[0m   
   [38;2;59;65;97m│[0m  [38;2;115;121;162m  It will look for git repos inside it, one or two levels deep.[0m                                               [38;2;59;65;97m│[0m   
   [38;2;59;65;97m│[0m                                                                                                                [38;2;59;65;97m│[0m   
   [38;2;59;65;97m│[0m    [38;2;158;206;105mDirectory:[0m [1;38;2;192;202;245m/tmp/nothing-here[0m[38;2;125;207;255m█[0m                                                                               [38;2;59;65;97m│[0m   
   [38;2;59;65;97m│[0m                                                                                                                [38;2;59;65;97m│[0m   
   [38;2;59;65;97m│[0m  [38;2;224;175;104m  ⚠ No git repositories found there.[0m                                                                          [38;2;59;65;97m│[0m   
   [38;2;59;65;97m│[0m  [38;2;115;121;162m  Check the path, or point at the directory one level up.[0m                                                     [38;2;59;65;97m│[0m   
   [38;2;59;65;97m│[0m                                                                                                                [38;2;59;65;97m│[0m   
   [38;2;59;65;97m│[0m  [38;2;115;121;162m  Edit the path and press Enter to try again.[0m                                                                 [38;2;59;65;97m│[0m   
   [38;2;59;65;97m│[0m                                                                                                                [38;2;59;65;97m│[0m   
   [38;2;59;65;97m╰────────────────────────────────────────────────────────────────────────────────────────────────────────────────╯[0m   
                                                                                                                        
                                                                                                                        
                                                                                                                        
                                                                                                                        
                                                                                                                        
                                                                                                                        
                                                                                                                        
                                                                                                                        
                                                                                                                        
                                                                                                                        
                                                                                                                        
                                                                                                                        
   [38;2;59;65;97m──────────────────────────────────────────────────────────────────────────────────────────────────────────────────[0m   
    [1;38;2;224;175;104mType[0m [38;2;115;121;162mDirectory path[0m  [1;38;2;158;206;105mEnter[0m [38;2;115;121;162mCheck[0m  [1;38;2;224;175;104mEsc[0m [38;2;115;121;162mSkip setup[0m                                                                    
