=== normal ===
                                    [38;2;0;255;255m ____   ____   _____  _       ___  __        __[0m                                     
                                    [38;2;0;255;255m|  _ \ |  _ \ |  ___|| |     / _ \ \ \      / /[0m                                     
                                    [38;2;0;255;255m| |_) || |_) || |_   | |    | | | | \ \ /\ / / [0m                                     
                                    [38;2;0;255;255m|  __/ |  _ < |  _|  | |___ | |_| |  \ V  V /  [0m                                     
                                    [38;2;0;255;255m|_|    |_| \_\|_|    |_____| \___/    \_/\_/   [0m                                     
                                 [38;2;0;255;255mSingle[0m [38;2;108;108;108m│[0m [38;2;255;0;255mBatch[0m [38;2;108;108;108m│[0m [38;2;255;255;0mRelease PRs[0m [38;2;108;108;108m│[0m [38;2;85;85;255mAll Open PRs[0m [38;2;108;108;108m│[0m [38;2;255;165;0mActions[0m                                  
   [38;2;170;85;255m╭────────────────────────────────────────────────────────────────────────────────────────────────────────────────╮[0m   
   [38;2;170;85;255m│[0m                                                                                                                [38;2;170;85;255m│[0m   
   [38;2;170;85;255m│[0m  [1;38;2;0;255;255m ?  Keyboard Shortcuts [0m                                                                                       [38;2;170;85;255m│[0m   
   [38;2;170;85;255m│[0m                                                                                                                [38;2;170;85;255m│[0m   
   [38;2;170;85;255m│[0m  [38;2;0;255;255m  ─── [0m[1;38;2;0;255;255mMAIN MENU[0m[38;2;0;255;255m ────────────────[0m                                                                              [38;2;170;85;255m│[0m   
   [38;2;170;85;255m│[0m      [1;38;2;255;255;0m1-6[0m   [38;2;255;255;255mSelect[0m                                                                                              [38;2;170;85;255m│[0m   
   [38;2;170;85;255m│[0m       [1;38;2;255;255;255m↑↓[0m   [38;2;255;255;255mNavigate[0m                                                                                            [38;2;170;85;255m│[0m   
   [38;2;170;85;255m│[0m    [1;38;2;0;255;0mEnter[0m   [38;2;255;255;255mSelect[0m                                                                                              [38;2;170;85;255m│[0m   
   [38;2;170;85;255m│[0m        [1;38;2;255;165;0ma[0m   [38;2;255;255;255mActions[0m                                                                                             [38;2;170;85;255m│[0m   
   [38;2;170;85;255m│[0m        [1;38;2;0;255;0mp[0m   [38;2;255;255;255mPull[0m                                                                                                [38;2;170;85;255m│[0m   
   [38;2;170;85;255m│[0m        [1;38;2;0;255;255mo[0m   [38;2;255;255;255mSettings[0m                                                                                            [38;2;170;85;255m│[0m   
   [38;2;170;85;255m│[0m        [1;38;2;255;0;255mc[0m   [38;2;255;255;255mConfig[0m                                                                                              [38;2;170;85;255m│[0m   
   [38;2;170;85;255m│[0m        [1;38;2;0;255;255mu[0m   [38;2;255;255;255mUpdate[0m                                                                                              [38;2;170;85;255m│[0m   
   [38;2;170;85;255m│[0m        [1;38;2;85;85;255mh[0m   [38;2;255;255;255mHistory[0m                                                                                             [38;2;170;85;255m│[0m   
   [38;2;170;85;255m│[0m        [1;38;2;255;0;0mq[0m   [38;2;255;255;255mQuit[0m                                                                                                [38;2;170;85;255m│[0m   
   [38;2;170;85;255m│[0m                                                                                                                [38;2;170;85;255m│[0m   
   [38;2;170;85;255m│[0m  [38;2;0;255;255m  ─── [0m[1;38;2;0;255;255mANYWHERE[0m[38;2;0;255;255m ─────────────────[0m                                                                              [38;2;170;85;255m│[0m   
   [38;2;170;85;255m│[0m         [1;38;2;0;255;255m?[0m   [38;2;255;255;255mThis help[0m                                                                                          [38;2;170;85;255m│[0m   
   [38;2;170;85;255m│[0m       [1;38;2;255;255;255m[ ][0m   [38;2;255;255;255mSwitch tab[0m                                                                                         [38;2;170;85;255m│[0m   
   [38;2;170;85;255m│[0m         [1;38;2;255;255;255mF[0m   [38;2;255;255;255mFullscreen[0m                                                                                         [38;2;170;85;255m│[0m   
   [38;2;170;85;255m│[0m    [1;38;2;255;0;0mCtrl+C[0m   [38;2;255;255;255mQuit[0m                                                                                               [38;2;170;85;255m│[0m   
   [38;2;170;85;255m│[0m                                                                                                                [38;2;170;85;255m│[0m   
   [38;2;170;85;255m│[0m  [38;2;108;108;108m  q closes this help. On most screens q quits;[0m                                                                [38;2;170;85;255m│[0m   
   [38;2;170;85;255m│[0m  [38;2;108;108;108m  on the error screen it goes back instead.[0m                                                                   [38;2;170;85;255m│[0m   
   [38;2;170;85;255m│[0m                                                                                                                [38;2;170;85;255m│[0m   
   [38;2;170;85;255m│[0m  [38;2;108;108;108m  Press c on the main menu to open the config folder.[0m                                                         [38;2;170;85;255m│[0m   
   [38;2;170;85;255m│[0m                                                                                                                [38;2;170;85;255m│[0m   
   [38;2;170;85;255m╰────────────────────────────────────────────────────────────────────────────────────────────────────────────────╯[0m   
                                                                                                                        
                                                   [38;2;108;108;108m╭────────────────╮[0m                                                   
                                                   [38;2;108;108;108m│[0m [1;38;2;255;255;0mEsc[0m [38;2;255;255;255mClose help[0m [38;2;108;108;108m│[0m                                                   
                                                   [38;2;108;108;108m╰────────────────╯[0m                                                   
                                                                                                                        
                                                                                                                        
=== fullscreen ===
   [38;2;170;85;255m╭────────────────────────────────────────────────────────────────────────────────────────────────────────────────╮[0m   
   [38;2;170;85;255m│[0m                                                                                                                [38;2;170;85;255m│[0m   
   [38;2;170;85;255m│[0m  [1;38;2;0;255;255m ?  Keyboard Shortcuts [0m                                                                                       [38;2;170;85;255m│[0m   
   [38;2;170;85;255m│[0m                                                                                                                [38;2;170;85;255m│[0m   
   [38;2;170;85;255m│[0m  [38;2;0;255;255m  ─── [0m[1;38;2;0;255;255mMAIN MENU[0m[38;2;0;255;255m ────────────────[0m                                                                              [38;2;170;85;255m│[0m   
   [38;2;170;85;255m│[0m      [1;38;2;255;255;0m1-6[0m   [38;2;255;255;255mSelect[0m                                                                                              [38;2;170;85;255m│[0m   
   [38;2;170;85;255m│[0m       [1;38;2;255;255;255m↑↓[0m   [38;2;255;255;255mNavigate[0m                                                                                            [38;2;170;85;255m│[0m   
   [38;2;170;85;255m│[0m    [1;38;2;0;255;0mEnter[0m   [38;2;255;255;255mSelect[0m                                                                                              [38;2;170;85;255m│[0m   
   [38;2;170;85;255m│[0m        [1;38;2;255;165;0ma[0m   [38;2;255;255;255mActions[0m                                                                                             [38;2;170;85;255m│[0m   
   [38;2;170;85;255m│[0m        [1;38;2;0;255;0mp[0m   [38;2;255;255;255mPull[0m                                                                                                [38;2;170;85;255m│[0m   
   [38;2;170;85;255m│[0m        [1;38;2;0;255;255mo[0m   [38;2;255;255;255mSettings[0m                                                                                            [38;2;170;85;255m│[0m   
   [38;2;170;85;255m│[0m        [1;38;2;255;0;255mc[0m   [38;2;255;255;255mConfig[0m                                                                                              [38;2;170;85;255m│[0m   
   [38;2;170;85;255m│[0m        [1;38;2;0;255;255mu[0m   [38;2;255;255;255mUpdate[0m                                                                                              [38;2;170;85;255m│[0m   
   [38;2;170;85;255m│[0m        [1;38;2;85;85;255mh[0m   [38;2;255;255;255mHistory[0m                                                                                             [38;2;170;85;255m│[0m   
   [38;2;170;85;255m│[0m        [1;38;2;255;0;0mq[0m   [38;2;255;255;255mQuit[0m                                                                                                [38;2;170;85;255m│[0m   
   [38;2;170;85;255m│[0m                                                                                                                [38;2;170;85;255m│[0m   
   [38;2;170;85;255m│[0m  [38;2;0;255;255m  ─── [0m[1;38;2;0;255;255mANYWHERE[0m[38;2;0;255;255m ─────────────────[0m                                                                              [38;2;170;85;255m│[0m   
   [38;2;170;85;255m│[0m         [1;38;2;0;255;255m?[0m   [38;2;255;255;255mThis help[0m                                                                                          [38;2;170;85;255m│[0m   
   [38;2;170;85;255m│[0m       [1;38;2;255;255;255m[ ][0m   [38;2;255;255;255mSwitch tab[0m                                                                                         [38;2;170;85;255m│[0m   
   [38;2;170;85;255m│[0m         [1;38;2;255;255;255mF[0m   [38;2;255;255;255mFullscreen[0m                                                                                         [38;2;170;85;255m│[0m   
   [38;2;170;85;255m│[0m    [1;38;2;255;0;0mCtrl+C[0m   [38;2;255;255;255mQuit[0m                                                                                               [38;2;170;85;255m│[0m   
   [38;2;170;85;255m│[0m                                                                                                                [38;2;170;85;255m│[0m   
   [38;2;170;85;255m│[0m  [38;2;108;108;108m  q closes this help. On most screens q quits;[0m                                                                [38;2;170;85;255m│[0m   
   [38;2;170;85;255m│[0m  [38;2;108;108;108m  on the error screen it goes back instead.[0m                                                                   [38;2;170;85;255m│[0m   
   [38;2;170;85;255m│[0m                                                                                                                [38;2;170;85;255m│[0m   
   [38;2;170;85;255m│[0m  [38;2;108;108;108m  Press c on the main menu to open the config folder.[0m                                                         [38;2;170;85;255m│[0m   
   [38;2;170;85;255m│[0m                                                                                                                [38;2;170;85;255m│[0m   
   [38;2;170;85;255m╰────────────────────────────────────────────────────────────────────────────────────────────────────────────────╯[0m   
                                                                                                                        
                                                   [38;2;108;108;108m╭────────────────╮[0m                                                   
                                                   [38;2;108;108;108m│[0m [1;38;2;255;255;0mEsc[0m [38;2;255;255;255mClose help[0m [38;2;108;108;108m│[0m                                                   
                                                   [38;2;108;108;108m╰────────────────╯[0m                                                   
                                                                                                                        
                                                                                                                        
                                                                                                                        
                                                                                                                        
                                                                                                                        
                                                                                                                        
                                                                                                                        
                                                                                                                        
