=== normal ===
   [1;38;2;187;154;247m◆[0m [1;38;2;192;202;245mprflow[0m  [48;2;115;218;202m [0m[1;38;2;22;22;30;48;2;115;218;202mHome[0m[48;2;115;218;202m [0m [38;2;115;121;162mSingle[0m  [38;2;115;121;162mBatch[0m  [38;2;115;121;162mRelease PRs[0m  [38;2;115;121;162mAll Open PRs[0m  [38;2;115;121;162mActions[0m  [38;2;115;121;162mShipped[0m                   [38;2;115;121;162mgh: someone · v1.2.3[0m   
   [38;2;59;65;97m──────────────────────────────────────────────────────────────────────────────────────────────────────────────────[0m   
                                                                                                                        
                                                                                                                        
                                                                                                                        
   [38;2;59;65;97m╭────────────────────────────────────────────────────────────────────────────────────────────────────────────────╮[0m   
   [38;2;59;65;97m│[0m                                                                                                                [38;2;59;65;97m│[0m   
   [38;2;59;65;97m│[0m  [1;38;2;125;207;255m ?  Keyboard Shortcuts [0m                                                                                       [38;2;59;65;97m│[0m   
   [38;2;59;65;97m│[0m                                                                                                                [38;2;59;65;97m│[0m   
   [38;2;59;65;97m│[0m  [38;2;125;207;255m  ─── [0m[1;38;2;125;207;255mMAIN MENU[0m[38;2;125;207;255m ────────────────[0m                                                                              [38;2;59;65;97m│[0m   
   [38;2;59;65;97m│[0m      [1;38;2;224;175;104m1-6[0m   [38;2;192;202;245mSelect[0m                                                                                              [38;2;59;65;97m│[0m   
   [38;2;59;65;97m│[0m       [1;38;2;192;202;245m↑↓[0m   [38;2;192;202;245mNavigate[0m                                                                                            [38;2;59;65;97m│[0m   
   [38;2;59;65;97m│[0m    [1;38;2;158;206;105mEnter[0m   [38;2;192;202;245mSelect[0m                                                                                              [38;2;59;65;97m│[0m   
   [38;2;59;65;97m│[0m        [1;38;2;158;206;105mr[0m   [38;2;192;202;245mRefresh[0m                                                                                             [38;2;59;65;97m│[0m   
   [38;2;59;65;97m│[0m        [1;38;2;255;158;100ma[0m   [38;2;192;202;245mActions[0m                                                                                             [38;2;59;65;97m│[0m   
   [38;2;59;65;97m│[0m        [1;38;2;158;206;105mp[0m   [38;2;192;202;245mPull[0m                                                                                                [38;2;59;65;97m│[0m   
   [38;2;59;65;97m│[0m        [1;38;2;125;207;255mo[0m   [38;2;192;202;245mSettings[0m                                                                                            [38;2;59;65;97m│[0m   
   [38;2;59;65;97m│[0m        [1;38;2;187;154;247mc[0m   [38;2;192;202;245mConfig[0m                                                                                              [38;2;59;65;97m│[0m   
   [38;2;59;65;97m│[0m        [1;38;2;125;207;255mu[0m   [38;2;192;202;245mUpdate[0m                                                                                              [38;2;59;65;97m│[0m   
   [38;2;59;65;97m│[0m        [1;38;2;121;162;247mh[0m   [38;2;192;202;245mHistory[0m                                                                                             [38;2;59;65;97m│[0m   
   [38;2;59;65;97m│[0m        [1;38;2;247;118;142mq[0m   [38;2;192;202;245mQuit[0m                                                                                                [38;2;59;65;97m│[0m   
   [38;2;59;65;97m│[0m                                                                                                                [38;2;59;65;97m│[0m   
   [38;2;59;65;97m│[0m  [38;2;125;207;255m  ─── [0m[1;38;2;125;207;255mANYWHERE[0m[38;2;125;207;255m ─────────────────[0m                                                                              [38;2;59;65;97m│[0m   
   [38;2;59;65;97m│[0m         [1;38;2;125;207;255m?[0m   [38;2;192;202;245mThis help[0m                                                                                          [38;2;59;65;97m│[0m   
   [38;2;59;65;97m│[0m       [1;38;2;192;202;245m[ ][0m   [38;2;192;202;245mSwitch tab[0m                                                                                         [38;2;59;65;97m│[0m   
   [38;2;59;65;97m│[0m         [1;38;2;192;202;245mF[0m   [38;2;192;202;245mFullscreen[0m                                                                                         [38;2;59;65;97m│[0m   
   [38;2;59;65;97m│[0m    [1;38;2;247;118;142mCtrl+C[0m   [38;2;192;202;245mQuit[0m                                                                                               [38;2;59;65;97m│[0m   
   [38;2;59;65;97m│[0m                                                                                                                [38;2;59;65;97m│[0m   
   [38;2;59;65;97m│[0m  [38;2;115;121;162m  q closes this help. On most screens q quits;[0m                                                                [38;2;59;65;97m│[0m   
   [38;2;59;65;97m│[0m  [38;2;115;121;162m  on the error screen it goes back instead.[0m                                                                   [38;2;59;65;97m│[0m   
   [38;2;59;65;97m│[0m                                                                                                                [38;2;59;65;97m│[0m   
   [38;2;59;65;97m│[0m  [38;2;115;121;162m  Press c on the main menu to open the config folder.[0m                                                         [38;2;59;65;97m│[0m   
   [38;2;59;65;97m│[0m                                                                                                                [38;2;59;65;97m│[0m   
   [38;2;59;65;97m╰────────────────────────────────────────────────────────────────────────────────────────────────────────────────╯[0m   
                                                                                                                        
                                                                                                                        
                                                                                                                        
                                                                                                                        
   [38;2;59;65;97m──────────────────────────────────────────────────────────────────────────────────────────────────────────────────[0m   
    [1;38;2;224;175;104mEsc[0m [38;2;115;121;162mClose help[0m                                                                                                      
=== fullscreen ===
                                                                                                                        
                                                                                                                        
                                                                                                                        
                                                                                                                        
   [38;2;59;65;97m╭────────────────────────────────────────────────────────────────────────────────────────────────────────────────╮[0m   
   [38;2;59;65;97m│[0m                                                                                                                [38;2;59;65;97m│[0m   
   [38;2;59;65;97m│[0m  [1;38;2;125;207;255m ?  Keyboard Shortcuts [0m                                                                                       [38;2;59;65;97m│[0m   
   [38;2;59;65;97m│[0m                                                                                                                [38;2;59;65;97m│[0m   
   [38;2;59;65;97m│[0m  [38;2;125;207;255m  ─── [0m[1;38;2;125;207;255mMAIN MENU[0m[38;2;125;207;255m ────────────────[0m                                                                              [38;2;59;65;97m│[0m   
   [38;2;59;65;97m│[0m      [1;38;2;224;175;104m1-6[0m   [38;2;192;202;245mSelect[0m                                                                                              [38;2;59;65;97m│[0m   
   [38;2;59;65;97m│[0m       [1;38;2;192;202;245m↑↓[0m   [38;2;192;202;245mNavigate[0m                                                                                            [38;2;59;65;97m│[0m   
   [38;2;59;65;97m│[0m    [1;38;2;158;206;105mEnter[0m   [38;2;192;202;245mSelect[0m                                                                                              [38;2;59;65;97m│[0m   
   [38;2;59;65;97m│[0m        [1;38;2;158;206;105mr[0m   [38;2;192;202;245mRefresh[0m                                                                                             [38;2;59;65;97m│[0m   
   [38;2;59;65;97m│[0m        [1;38;2;255;158;100ma[0m   [38;2;192;202;245mActions[0m                                                                                             [38;2;59;65;97m│[0m   
   [38;2;59;65;97m│[0m        [1;38;2;158;206;105mp[0m   [38;2;192;202;245mPull[0m                                                                                                [38;2;59;65;97m│[0m   
   [38;2;59;65;97m│[0m        [1;38;2;125;207;255mo[0m   [38;2;192;202;245mSettings[0m                                                                                            [38;2;59;65;97m│[0m   
   [38;2;59;65;97m│[0m        [1;38;2;187;154;247mc[0m   [38;2;192;202;245mConfig[0m                                                                                              [38;2;59;65;97m│[0m   
   [38;2;59;65;97m│[0m        [1;38;2;125;207;255mu[0m   [38;2;192;202;245mUpdate[0m                                                                                              [38;2;59;65;97m│[0m   
   [38;2;59;65;97m│[0m        [1;38;2;121;162;247mh[0m   [38;2;192;202;245mHistory[0m                                                                                             [38;2;59;65;97m│[0m   
   [38;2;59;65;97m│[0m        [1;38;2;247;118;142mq[0m   [38;2;192;202;245mQuit[0m                                                                                                [38;2;59;65;97m│[0m   
   [38;2;59;65;97m│[0m                                                                                                                [38;2;59;65;97m│[0m   
   [38;2;59;65;97m│[0m  [38;2;125;207;255m  ─── [0m[1;38;2;125;207;255mANYWHERE[0m[38;2;125;207;255m ─────────────────[0m                                                                              [38;2;59;65;97m│[0m   
   [38;2;59;65;97m│[0m         [1;38;2;125;207;255m?[0m   [38;2;192;202;245mThis help[0m                                                                                          [38;2;59;65;97m│[0m   
   [38;2;59;65;97m│[0m       [1;38;2;192;202;245m[ ][0m   [38;2;192;202;245mSwitch tab[0m                                                                                         [38;2;59;65;97m│[0m   
   [38;2;59;65;97m│[0m         [1;38;2;192;202;245mF[0m   [38;2;192;202;245mFullscreen[0m                                                                                         [38;2;59;65;97m│[0m   
   [38;2;59;65;97m│[0m    [1;38;2;247;118;142mCtrl+C[0m   [38;2;192;202;245mQuit[0m                                                                                               [38;2;59;65;97m│[0m   
   [38;2;59;65;97m│[0m                                                                                                                [38;2;59;65;97m│[0m   
   [38;2;59;65;97m│[0m  [38;2;115;121;162m  q closes this help. On most screens q quits;[0m                                                                [38;2;59;65;97m│[0m   
   [38;2;59;65;97m│[0m  [38;2;115;121;162m  on the error screen it goes back instead.[0m                                                                   [38;2;59;65;97m│[0m   
   [38;2;59;65;97m│[0m                                                                                                                [38;2;59;65;97m│[0m   
   [38;2;59;65;97m│[0m  [38;2;115;121;162m  Press c on the main menu to open the config folder.[0m                                                         [38;2;59;65;97m│[0m   
   [38;2;59;65;97m│[0m                                                                                                                [38;2;59;65;97m│[0m   
   [38;2;59;65;97m╰────────────────────────────────────────────────────────────────────────────────────────────────────────────────╯[0m   
                                                                                                                        
                                                                                                                        
                                                                                                                        
                                                                                                                        
                                                                                                                        
   [38;2;59;65;97m──────────────────────────────────────────────────────────────────────────────────────────────────────────────────[0m   
    [1;38;2;224;175;104mEsc[0m [38;2;115;121;162mClose help[0m                                                                                                      
