=== normal ===
   [1;38;2;187;154;247m◆[0m [1;38;2;192;202;245mprflow[0m  [48;2;125;207;255m [0m[1;38;2;22;22;30;48;2;125;207;255mSingle[0m[48;2;125;207;255m [0m [38;2;115;121;162mBatch[0m  [38;2;115;121;162mRelease PRs[0m  [38;2;115;121;162mAll Open PRs[0m  [38;2;115;121;162mActions[0m                                  [38;2;115;121;162mgh: someone · v1.2.3[0m   
   [38;2;59;65;97m──────────────────────────────────────────────────────────────────────────────────────────────────────────────────[0m   
   [38;2;59;65;97m╭────────────────────────────────────────────────────────────────────────────────────────────────────────────────╮[0m   
   [38;2;59;65;97m│[0m                                                                                                                [38;2;59;65;97m│[0m   
   [38;2;59;65;97m│[0m  [1;38;2;125;207;255m Explicit repos [0m                                                                                              [38;2;59;65;97m│[0m   
   [38;2;59;65;97m│[0m                                                                                                                [38;2;59;65;97m│[0m   
   [38;2;59;65;97m│[0m  [38;2;115;121;162m  Individual repositories outside the repo directory.[0m                                                         [38;2;59;65;97m│[0m   
   [38;2;59;65;97m│[0m  [38;2;115;121;162m  Groups in use: Backend, Frontend, Services[0m                                                                  [38;2;59;65;97m│[0m   
   [38;2;59;65;97m│[0m                                                                                                                [38;2;59;65;97m│[0m   
   [38;2;59;65;97m│[0m       [38;2;115;121;162mPATH[0m                                [38;2;115;121;162mGROUP[0m                                                                [38;2;59;65;97m│[0m   
   [38;2;59;65;97m│[0m  [38;2;115;121;162m      ↑ 7 more above[0m                                                                                          [38;2;59;65;97m│[0m   
   [38;2;59;65;97m│[0m      [38;2;115;121;162m~/Projects/service-07[0m               [38;2;115;121;162mServices[0m                                                              [38;2;59;65;97m│[0m   
   [38;2;59;65;97m│[0m      [38;2;115;121;162m~/Projects/service-08[0m               [38;2;115;121;162mServices[0m                                                              [38;2;59;65;97m│[0m   
   [38;2;59;65;97m│[0m      [38;2;115;121;162m~/Projects/service-09[0m               [38;2;115;121;162mServices[0m                                                              [38;2;59;65;97m│[0m   
   [38;2;59;65;97m│[0m      [38;2;115;121;162m~/Projects/service-10[0m               [38;2;115;121;162mServices[0m                                                              [38;2;59;65;97m│[0m   
   [38;2;59;65;97m│[0m      [38;2;115;121;162m~/Projects/service-11[0m               [38;2;115;121;162mServices[0m                                                              [38;2;59;65;97m│[0m   
   [38;2;59;65;97m│[0m      [38;2;115;121;162m~/Projects/service-12[0m               [38;2;115;121;162mServices[0m                                                              [38;2;59;65;97m│[0m   
   [38;2;59;65;97m│[0m      [38;2;115;121;162m~/Projects/service-13[0m               [38;2;115;121;162mServices[0m                                                              [38;2;59;65;97m│[0m   
   [38;2;59;65;97m│[0m      [38;2;115;121;162m~/Projects/service-14[0m               [38;2;115;121;162mServices[0m                                                              [38;2;59;65;97m│[0m   
   [38;2;59;65;97m│[0m      [38;2;115;121;162m~/Projects/service-15[0m               [38;2;115;121;162mServices[0m                                                              [38;2;59;65;97m│[0m   
   [38;2;59;65;97m│[0m      [38;2;115;121;162m~/Projects/service-16[0m               [38;2;115;121;162mServices[0m                                                              [38;2;59;65;97m│[0m   
   [38;2;59;65;97m│[0m      [38;2;115;121;162m~/Projects/service-17[0m               [38;2;115;121;162mServices[0m                                                              [38;2;59;65;97m│[0m   
   [38;2;59;65;97m│[0m      [38;2;115;121;162m~/Projects/service-18[0m               [38;2;115;121;162mServices[0m                                                              [38;2;59;65;97m│[0m   
   [38;2;59;65;97m│[0m      [38;2;115;121;162m~/Projects/service-19[0m               [38;2;115;121;162mServices[0m                                                              [38;2;59;65;97m│[0m   
   [38;2;59;65;97m│[0m      [38;2;115;121;162m~/Projects/service-20[0m               [38;2;115;121;162mServices[0m                                                              [38;2;59;65;97m│[0m   
   [38;2;59;65;97m│[0m      [38;2;115;121;162m~/Projects/service-21[0m               [38;2;115;121;162mServices[0m                                                              [38;2;59;65;97m│[0m   
   [38;2;59;65;97m│[0m      [38;2;115;121;162m~/Projects/service-22[0m               [38;2;115;121;162mServices[0m                                                              [38;2;59;65;97m│[0m   
   [38;2;59;65;97m│[0m      [38;2;115;121;162m~/Projects/service-23[0m               [38;2;115;121;162mServices[0m                                                              [38;2;59;65;97m│[0m   
   [38;2;59;65;97m│[0m    ▶ [1;38;2;125;207;255m~/Projects/service-24[0m               [38;2;192;202;245mServices[0m                                                              [38;2;59;65;97m│[0m   
   [38;2;59;65;97m│[0m      [38;2;115;121;162m~/Projects/service-25[0m               [38;2;115;121;162mServices[0m                                                              [38;2;59;65;97m│[0m   
   [38;2;59;65;97m│[0m      [38;2;115;121;162m~/Projects/service-26[0m               [38;2;115;121;162mServices[0m                                                              [38;2;59;65;97m│[0m   
   [38;2;59;65;97m│[0m      [38;2;115;121;162m~/Projects/service-27[0m               [38;2;115;121;162mServices[0m                                                              [38;2;59;65;97m│[0m   
   [38;2;59;65;97m│[0m      [38;2;115;121;162m~/Projects/service-28[0m               [38;2;115;121;162mServices[0m                                                              [38;2;59;65;97m│[0m   
   [38;2;59;65;97m│[0m      [38;2;115;121;162m~/Projects/service-29[0m               [38;2;115;121;162mServices[0m                                                              [38;2;59;65;97m│[0m   
   [38;2;59;65;97m│[0m                                                                                                                [38;2;59;65;97m│[0m   
   [38;2;59;65;97m╰────────────────────────────────────────────────────────────────────────────────────────────────────────────────╯[0m   
                                                                                                                        
                                                                                                                        
   [38;2;59;65;97m──────────────────────────────────────────────────────────────────────────────────────────────────────────────────[0m   
    [1;38;2;192;202;245m↑↓[0m [38;2;115;121;162mNavigate[0m  [1;38;2;192;202;245m←→[0m [38;2;115;121;162mCell[0m  [1;38;2;158;206;105mEnter[0m [38;2;115;121;162mEdit[0m  [1;38;2;125;207;255ma[0m [38;2;115;121;162mAdd[0m  [1;38;2;247;118;142md[0m [38;2;115;121;162mDelete[0m  [1;38;2;224;175;104mEsc[0m [38;2;115;121;162mBack[0m  [1;38;2;115;121;162m?[0m [38;2;115;121;162mHelp[0m  [1;38;2;115;121;162m[ ][0m [38;2;115;121;162mTabs[0m  [1;38;2;115;121;162mF[0m [38;2;115;121;162mFullscreen[0m                         
=== fullscreen ===
   [38;2;59;65;97m╭────────────────────────────────────────────────────────────────────────────────────────────────────────────────╮[0m   
   [38;2;59;65;97m│[0m                                                                                                                [38;2;59;65;97m│[0m   
   [38;2;59;65;97m│[0m  [1;38;2;125;207;255m Explicit repos [0m                                                                                              [38;2;59;65;97m│[0m   
   [38;2;59;65;97m│[0m                                                                                                                [38;2;59;65;97m│[0m   
   [38;2;59;65;97m│[0m  [38;2;115;121;162m  Individual repositories outside the repo directory.[0m                                                         [38;2;59;65;97m│[0m   
   [38;2;59;65;97m│[0m  [38;2;115;121;162m  Groups in use: Backend, Frontend, Services[0m                                                                  [38;2;59;65;97m│[0m   
   [38;2;59;65;97m│[0m                                                                                                                [38;2;59;65;97m│[0m   
   [38;2;59;65;97m│[0m       [38;2;115;121;162mPATH[0m                                [38;2;115;121;162mGROUP[0m                                                                [38;2;59;65;97m│[0m   
   [38;2;59;65;97m│[0m  [38;2;115;121;162m      ↑ 4 more above[0m                                                                                          [38;2;59;65;97m│[0m   
   [38;2;59;65;97m│[0m      [38;2;115;121;162m~/Projects/service-04[0m               [38;2;115;121;162mServices[0m                                                              [38;2;59;65;97m│[0m   
   [38;2;59;65;97m│[0m      [38;2;115;121;162m~/Projects/service-05[0m               [38;2;115;121;162mServices[0m                                                              [38;2;59;65;97m│[0m   
   [38;2;59;65;97m│[0m      [38;2;115;121;162m~/Projects/service-06[0m               [38;2;115;121;162mServices[0m                                                              [38;2;59;65;97m│[0m   
   [38;2;59;65;97m│[0m      [38;2;115;121;162m~/Projects/service-07[0m               [38;2;115;121;162mServices[0m                                                              [38;2;59;65;97m│[0m   
   [38;2;59;65;97m│[0m      [38;2;115;121;162m~/Projects/service-08[0m               [38;2;115;121;162mServices[0m                                                              [38;2;59;65;97m│[0m   
   [38;2;59;65;97m│[0m      [38;2;115;121;162m~/Projects/service-09[0m               [38;2;115;121;162mServices[0m                                                              [38;2;59;65;97m│[0m   
   [38;2;59;65;97m│[0m      [38;2;115;121;162m~/Projects/service-10[0m               [38;2;115;121;162mServices[0m                                                              [38;2;59;65;97m│[0m   
   [38;2;59;65;97m│[0m      [38;2;115;121;162m~/Projects/service-11[0m               [38;2;115;121;162mServices[0m                                                              [38;2;59;65;97m│[0m   
   [38;2;59;65;97m│[0m      [38;2;115;121;162m~/Projects/service-12[0m               [38;2;115;121;162mServices[0m                                                              [38;2;59;65;97m│[0m   
   [38;2;59;65;97m│[0m      [38;2;115;121;162m~/Projects/service-13[0m               [38;2;115;121;162mServices[0m                                                              [38;2;59;65;97m│[0m   
   [38;2;59;65;97m│[0m      [38;2;115;121;162m~/Projects/service-14[0m               [38;2;115;121;162mServices[0m                                                              [38;2;59;65;97m│[0m   
   [38;2;59;65;97m│[0m      [38;2;115;121;162m~/Projects/service-15[0m               [38;2;115;121;162mServices[0m                                                              [38;2;59;65;97m│[0m   
   [38;2;59;65;97m│[0m      [38;2;115;121;162m~/Projects/service-16[0m               [38;2;115;121;162mServices[0m                                                              [38;2;59;65;97m│[0m   
   [38;2;59;65;97m│[0m      [38;2;115;121;162m~/Projects/service-17[0m               [38;2;115;121;162mServices[0m                                                              [38;2;59;65;97m│[0m   
   [38;2;59;65;97m│[0m      [38;2;115;121;162m~/Projects/service-18[0m               [38;2;115;121;162mServices[0m                                                              [38;2;59;65;97m│[0m   
   [38;2;59;65;97m│[0m      [38;2;115;121;162m~/Projects/service-19[0m               [38;2;115;121;162mServices[0m                                                              [38;2;59;65;97m│[0m   
   [38;2;59;65;97m│[0m      [38;2;115;121;162m~/Projects/service-20[0m               [38;2;115;121;162mServices[0m                                                              [38;2;59;65;97m│[0m   
   [38;2;59;65;97m│[0m      [38;2;115;121;162m~/Projects/service-21[0m               [38;2;115;121;162mServices[0m                                                              [38;2;59;65;97m│[0m   
   [38;2;59;65;97m│[0m      [38;2;115;121;162m~/Projects/service-22[0m               [38;2;115;121;162mServices[0m                                                              [38;2;59;65;97m│[0m   
   [38;2;59;65;97m│[0m      [38;2;115;121;162m~/Projects/service-23[0m               [38;2;115;121;162mServices[0m                                                              [38;2;59;65;97m│[0m   
   [38;2;59;65;97m│[0m    ▶ [1;38;2;125;207;255m~/Projects/service-24[0m               [38;2;192;202;245mServices[0m                                                              [38;2;59;65;97m│[0m   
   [38;2;59;65;97m│[0m      [38;2;115;121;162m~/Projects/service-25[0m               [38;2;115;121;162mServices[0m                                                              [38;2;59;65;97m│[0m   
   [38;2;59;65;97m│[0m      [38;2;115;121;162m~/Projects/service-26[0m               [38;2;115;121;162mServices[0m                                                              [38;2;59;65;97m│[0m   
   [38;2;59;65;97m│[0m      [38;2;115;121;162m~/Projects/service-27[0m               [38;2;115;121;162mServices[0m                                                              [38;2;59;65;97m│[0m   
   [38;2;59;65;97m│[0m      [38;2;115;121;162m~/Projects/service-28[0m               [38;2;115;121;162mServices[0m                                                              [38;2;59;65;97m│[0m   
   [38;2;59;65;97m│[0m      [38;2;115;121;162m~/Projects/service-29[0m               [38;2;115;121;162mServices[0m                                                              [38;2;59;65;97m│[0m   
   [38;2;59;65;97m│[0m                                                                                                                [38;2;59;65;97m│[0m   
   [38;2;59;65;97m╰────────────────────────────────────────────────────────────────────────────────────────────────────────────────╯[0m   
                                                                                                                        
   [38;2;59;65;97m──────────────────────────────────────────────────────────────────────────────────────────────────────────────────[0m   
    [1;38;2;192;202;245m↑↓[0m [38;2;115;121;162mNavigate[0m  [1;38;2;192;202;245m←→[0m [38;2;115;121;162mCell[0m  [1;38;2;158;206;105mEnter[0m [38;2;115;121;162mEdit[0m  [1;38;2;125;207;255ma[0m [38;2;115;121;162mAdd[0m  [1;38;2;247;118;142md[0m [38;2;115;121;162mDelete[0m  [1;38;2;224;175;104mEsc[0m [38;2;115;121;162mBack[0m  [1;38;2;115;121;162m?[0m [38;2;115;121;162mHelp[0m  [1;38;2;115;121;162m[ ][0m [38;2;115;121;162mTabs[0m  [1;38;2;115;121;162mF[0m [38;2;115;121;162mFullscreen[0m                         
