=== normal ===
   [1;38;2;187;154;247m◆[0m [1;38;2;192;202;245mprflow[0m   [38;2;115;121;162mHome[0m [48;2;125;207;255m [0m[1;38;2;22;22;30;48;2;125;207;255mSingle[0m[48;2;125;207;255m [0m [38;2;115;121;162mBatch[0m  [38;2;115;121;162mRelease PRs[0m  [38;2;115;121;162mAll Open PRs[0m  [38;2;115;121;162mActions[0m                            [38;2;115;121;162mgh: someone · v1.2.3[0m   
   [38;2;59;65;97m──────────────────────────────────────────────────────────────────────────────────────────────────────────────────[0m   
                                                                                                                        
                                                                                                                        
                                                                                                                        
                                                                                                                        
                                                                                                                        
                                                                                                                        
                                                                                                                        
                                                                                                                        
                                                                                                                        
                                                                                                                        
                                                                                                                        
   [38;2;59;65;97m╭────────────────────────────────────────────────────────────────────────────────────────────────────────────────╮[0m   
   [38;2;59;65;97m│[0m                                                                                                                [38;2;59;65;97m│[0m   
   [38;2;59;65;97m│[0m  [1;38;2;125;207;255m Repo globs [0m                                                                                                  [38;2;59;65;97m│[0m   
   [38;2;59;65;97m│[0m                                                                                                                [38;2;59;65;97m│[0m   
   [38;2;59;65;97m│[0m  [38;2;115;121;162m  Patterns searched under the repo directory, each assigned to a group.[0m                                       [38;2;59;65;97m│[0m   
   [38;2;59;65;97m│[0m  [38;2;115;121;162m  Groups in use: Backend, Frontend[0m                                                                            [38;2;59;65;97m│[0m   
   [38;2;59;65;97m│[0m                                                                                                                [38;2;59;65;97m│[0m   
   [38;2;59;65;97m│[0m       [38;2;115;121;162mPATTERN[0m                             [38;2;115;121;162mGROUP[0m                                                                [38;2;59;65;97m│[0m   
   [38;2;59;65;97m│[0m      [38;2;115;121;162mfrontend/*[0m                          [38;2;115;121;162mFrontend[0m                                                              [38;2;59;65;97m│[0m   
   [38;2;59;65;97m│[0m      [38;2;192;202;245mbackend/*[0m                           [1;38;2;192;202;245mServices[0m[38;2;125;207;255m█[0m                                                             [38;2;59;65;97m│[0m   
   [38;2;59;65;97m│[0m                                                                                                                [38;2;59;65;97m│[0m   
   [38;2;59;65;97m╰────────────────────────────────────────────────────────────────────────────────────────────────────────────────╯[0m   
                                                                                                                        
                                                                                                                        
                                                                                                                        
                                                                                                                        
                                                                                                                        
                                                                                                                        
                                                                                                                        
                                                                                                                        
                                                                                                                        
                                                                                                                        
                                                                                                                        
                                                                                                                        
                                                                                                                        
   [38;2;59;65;97m──────────────────────────────────────────────────────────────────────────────────────────────────────────────────[0m   
    [1;38;2;158;206;105mEnter[0m [38;2;115;121;162mSave cell[0m  [1;38;2;224;175;104mEsc[0m [38;2;115;121;162mCancel[0m                                                                                         
=== fullscreen ===
                                                                                                                        
                                                                                                                        
                                                                                                                        
                                                                                                                        
                                                                                                                        
                                                                                                                        
                                                                                                                        
                                                                                                                        
                                                                                                                        
                                                                                                                        
                                                                                                                        
                                                                                                                        
   [38;2;59;65;97m╭────────────────────────────────────────────────────────────────────────────────────────────────────────────────╮[0m   
   [38;2;59;65;97m│[0m                                                                                                                [38;2;59;65;97m│[0m   
   [38;2;59;65;97m│[0m  [1;38;2;125;207;255m Repo globs [0m                                                                                                  [38;2;59;65;97m│[0m   
   [38;2;59;65;97m│[0m                                                                                                                [38;2;59;65;97m│[0m   
   [38;2;59;65;97m│[0m  [38;2;115;121;162m  Patterns searched under the repo directory, each assigned to a group.[0m                                       [38;2;59;65;97m│[0m   
   [38;2;59;65;97m│[0m  [38;2;115;121;162m  Groups in use: Backend, Frontend[0m                                                                            [38;2;59;65;97m│[0m   
   [38;2;59;65;97m│[0m                                                                                                                [38;2;59;65;97m│[0m   
   [38;2;59;65;97m│[0m       [38;2;115;121;162mPATTERN[0m                             [38;2;115;121;162mGROUP[0m                                                                [38;2;59;65;97m│[0m   
   [38;2;59;65;97m│[0m      [38;2;115;121;162mfrontend/*[0m                          [38;2;115;121;162mFrontend[0m                                                              [38;2;59;65;97m│[0m   
   [38;2;59;65;97m│[0m      [38;2;192;202;245mbackend/*[0m                           [1;38;2;192;202;245mServices[0m[38;2;125;207;255m█[0m                                                             [38;2;59;65;97m│[0m   
   [38;2;59;65;97m│[0m                                                                                                                [38;2;59;65;97m│[0m   
   [38;2;59;65;97m╰────────────────────────────────────────────────────────────────────────────────────────────────────────────────╯[0m   
                                                                                                                        
                                                                                                                        
                                                                                                                        
                                                                                                                        
                                                                                                                        
                                                                                                                        
                                                                                                                        
                                                                                                                        
                                                                                                                        
                                                                                                                        
                                                                                                                        
                                                                                                                        
                                                                                                                        
                                                                                                                        
   [38;2;59;65;97m──────────────────────────────────────────────────────────────────────────────────────────────────────────────────[0m   
    [1;38;2;158;206;105mEnter[0m [38;2;115;121;162mSave cell[0m  [1;38;2;224;175;104mEsc[0m [38;2;115;121;162mCancel[0m                                                                                         
