=== normal ===
   [1;38;2;187;154;247m◆[0m [1;38;2;192;202;245mprflow[0m  [48;2;125;207;255m [0m[1;38;2;22;22;30;48;2;125;207;255mSingle[0m[48;2;125;207;255m [0m [38;2;115;121;162mBatch[0m  [38;2;115;121;162mRelease PRs[0m  [38;2;115;121;162mAll Open PRs[0m  [38;2;115;121;162mActions[0m                                  [38;2;115;121;162mgh: someone · v1.2.3[0m   
   [38;2;59;65;97m──────────────────────────────────────────────────────────────────────────────────────────────────────────────────[0m   
                                                                                                                        
                                                                                                                        
                                                                                                                        
                                                                                                                        
                                                                                                                        
                                                                                                                        
                                                                                                                        
                                                                                                                        
                                                                                                                        
                                                                                                                        
                                                                                                                        
   [38;2;59;65;97m╭────────────────────────────────────────────────────────────────────────────────────────────────────────────────╮[0m   
   [38;2;59;65;97m│[0m                                                                                                                [38;2;59;65;97m│[0m   
   [38;2;59;65;97m│[0m  [1;38;2;125;207;255m Release steps [0m                                                                                               [38;2;59;65;97m│[0m   
   [38;2;59;65;97m│[0m                                                                                                                [38;2;59;65;97m│[0m   
   [38;2;59;65;97m│[0m  [38;2;115;121;162m  Each step is one PR: HEAD merged into BASE, top to bottom.[0m                                                  [38;2;59;65;97m│[0m   
   [38;2;59;65;97m│[0m  [38;2;115;121;162m  Base @default means each repo's own default branch.[0m                                                         [38;2;59;65;97m│[0m   
   [38;2;59;65;97m│[0m                                                                                                                [38;2;59;65;97m│[0m   
   [38;2;59;65;97m│[0m       [38;2;115;121;162mHEAD[0m                    [38;2;115;121;162mBASE[0m                    [38;2;115;121;162mPR TITLE[0m                                                 [38;2;59;65;97m│[0m   
   [38;2;59;65;97m│[0m      [38;2;115;121;162mdev[0m                     [38;2;115;121;162mstaging[0m                 [38;2;115;121;162m—[0m                                                         [38;2;59;65;97m│[0m   
   [38;2;59;65;97m│[0m    ▶ [38;2;192;202;245mstaging[0m                 [38;2;192;202;245m@default[0m                [1;38;2;125;207;255m—[0m                                                         [38;2;59;65;97m│[0m   
   [38;2;59;65;97m│[0m                                                                                                                [38;2;59;65;97m│[0m   
   [38;2;59;65;97m╰────────────────────────────────────────────────────────────────────────────────────────────────────────────────╯[0m   
                                                                                                                        
                                                                                                                        
                                                                                                                        
                                                                                                                        
                                                                                                                        
                                                                                                                        
                                                                                                                        
                                                                                                                        
                                                                                                                        
                                                                                                                        
                                                                                                                        
                                                                                                                        
                                                                                                                        
   [38;2;59;65;97m──────────────────────────────────────────────────────────────────────────────────────────────────────────────────[0m   
    [1;38;2;192;202;245m↑↓[0m [38;2;115;121;162mNavigate[0m  [1;38;2;192;202;245m←→[0m [38;2;115;121;162mCell[0m  [1;38;2;158;206;105mEnter[0m [38;2;115;121;162mEdit[0m  [1;38;2;125;207;255ma[0m [38;2;115;121;162mAdd[0m  [1;38;2;247;118;142md[0m [38;2;115;121;162mDelete[0m  [1;38;2;224;175;104mEsc[0m [38;2;115;121;162mBack[0m  [1;38;2;115;121;162m?[0m [38;2;115;121;162mHelp[0m  [1;38;2;115;121;162m[ ][0m [38;2;115;121;162mTabs[0m  [1;38;2;115;121;162mF[0m [38;2;115;121;162mFullscreen[0m                         
=== fullscreen ===
                                                                                                                        
                                                                                                                        
                                                                                                                        
                                                                                                                        
                                                                                                                        
                                                                                                                        
                                                                                                                        
                                                                                                                        
                                                                                                                        
                                                                                                                        
                                                                                                                        
                                                                                                                        
   [38;2;59;65;97m╭────────────────────────────────────────────────────────────────────────────────────────────────────────────────╮[0m   
   [38;2;59;65;97m│[0m                                                                                                                [38;2;59;65;97m│[0m   
   [38;2;59;65;97m│[0m  [1;38;2;125;207;255m Release steps [0m                                                                                               [38;2;59;65;97m│[0m   
   [38;2;59;65;97m│[0m                                                                                                                [38;2;59;65;97m│[0m   
   [38;2;59;65;97m│[0m  [38;2;115;121;162m  Each step is one PR: HEAD merged into BASE, top to bottom.[0m                                                  [38;2;59;65;97m│[0m   
   [38;2;59;65;97m│[0m  [38;2;115;121;162m  Base @default means each repo's own default branch.[0m                                                         [38;2;59;65;97m│[0m   
   [38;2;59;65;97m│[0m                                                                                                                [38;2;59;65;97m│[0m   
   [38;2;59;65;97m│[0m       [38;2;115;121;162mHEAD[0m                    [38;2;115;121;162mBASE[0m                    [38;2;115;121;162mPR TITLE[0m                                                 [38;2;59;65;97m│[0m   
   [38;2;59;65;97m│[0m      [38;2;115;121;162mdev[0m                     [38;2;115;121;162mstaging[0m                 [38;2;115;121;162m—[0m                                                         [38;2;59;65;97m│[0m   
   [38;2;59;65;97m│[0m    ▶ [38;2;192;202;245mstaging[0m                 [38;2;192;202;245m@default[0m                [1;38;2;125;207;255m—[0m                                                         [38;2;59;65;97m│[0m   
   [38;2;59;65;97m│[0m                                                                                                                [38;2;59;65;97m│[0m   
   [38;2;59;65;97m╰────────────────────────────────────────────────────────────────────────────────────────────────────────────────╯[0m   
                                                                                                                        
                                                                                                                        
                                                                                                                        
                                                                                                                        
                                                                                                                        
                                                                                                                        
                                                                                                                        
                                                                                                                        
                                                                                                                        
                                                                                                                        
                                                                                                                        
                                                                                                                        
                                                                                                                        
                                                                                                                        
   [38;2;59;65;97m──────────────────────────────────────────────────────────────────────────────────────────────────────────────────[0m   
    [1;38;2;192;202;245m↑↓[0m [38;2;115;121;162mNavigate[0m  [1;38;2;192;202;245m←→[0m [38;2;115;121;162mCell[0m  [1;38;2;158;206;105mEnter[0m [38;2;115;121;162mEdit[0m  [1;38;2;125;207;255ma[0m [38;2;115;121;162mAdd[0m  [1;38;2;247;118;142md[0m [38;2;115;121;162mDelete[0m  [1;38;2;224;175;104mEsc[0m [38;2;115;121;162mBack[0m  [1;38;2;115;121;162m?[0m [38;2;115;121;162mHelp[0m  [1;38;2;115;121;162m[ ][0m [38;2;115;121;162mTabs[0m  [1;38;2;115;121;162mF[0m [38;2;115;121;162mFullscreen[0m                         
