=== normal ===
                                    [38;2;125;207;255m ____   ____   _____  _       ___  __        __[0m                                     
                                    [38;2;125;207;255m|  _ \ |  _ \ |  ___|| |     / _ \ \ \      / /[0m                                     
                                    [38;2;125;207;255m| |_) || |_) || |_   | |    | | | | \ \ /\ / / [0m                                     
                                    [38;2;125;207;255m|  __/ |  _ < |  _|  | |___ | |_| |  \ V  V /  [0m                                     
                                    [38;2;125;207;255m|_|    |_| \_\|_|    |_____| \___/    \_/\_/   [0m                                     
                                 [38;2;125;207;255mSingle[0m [38;2;115;121;162m│[0m [38;2;187;154;247mBatch[0m [38;2;115;121;162m│[0m [38;2;224;175;104mRelease PRs[0m [38;2;115;121;162m│[0m [38;2;121;162;247mAll Open PRs[0m [38;2;115;121;162m│[0m [38;2;255;158;100mActions[0m                                  
   [38;2;59;65;97m╭────────────────────────────────────────────────────────────────────────────────────────────────────────────────╮[0m   
   [38;2;59;65;97m│[0m                                                                                                                [38;2;59;65;97m│[0m   
   [38;2;59;65;97m│[0m   [1;38;2;255;158;100m Select Mode [0m                                  [38;2;115;121;162m│[0m [1;38;2;192;202;245m Release PRs [0m                                               [38;2;59;65;97m│[0m   
   [38;2;59;65;97m│[0m                                                  [38;2;115;121;162m│[0m                                                             [38;2;59;65;97m│[0m   
   [38;2;59;65;97m│[0m   [38;2;125;207;255m  [0m1.  [1;38;2;125;207;255mSINGLE REPO[0m                              [38;2;115;121;162m│[0m     [1;38;2;158;206;105mdev[0m[38;2;125;207;255m → [0m[1;38;2;224;175;104mqa[0m                                                [38;2;59;65;97m│[0m   
   [38;2;59;65;97m│[0m          [38;2;192;202;245mCreate PR for current repo[0m              [38;2;115;121;162m│[0m     [1;38;2;224;175;104mqa[0m[38;2;125;207;255m → [0m[1;38;2;247;118;142mstaging[0m                                            [38;2;59;65;97m│[0m   
   [38;2;59;65;97m│[0m                                                  [38;2;115;121;162m│[0m     [1;38;2;247;118;142mstaging[0m[38;2;125;207;255m → [0m[1;38;2;187;154;247mmain[0m                                          [38;2;59;65;97m│[0m   
   [38;2;59;65;97m│[0m   [38;2;187;154;247m  [0m2.  [1;38;2;187;154;247mBATCH MODE[0m                               [38;2;115;121;162m│[0m                                                             [38;2;59;65;97m│[0m   
   [38;2;59;65;97m│[0m          [38;2;192;202;245mCreate PRs for multiple repos[0m           [38;2;115;121;162m│[0m   • Select and batch merge                                  [38;2;59;65;97m│[0m   
   [38;2;59;65;97m│[0m                                                  [38;2;115;121;162m│[0m   • Smart ordering (earliest first)                         [38;2;59;65;97m│[0m   
   [38;2;59;65;97m│[0m   [48;2;40;52;87m[38;2;224;175;104;48;2;40;52;87m▶ [0m[48;2;40;52;87m3.  [0m[1;38;2;224;175;104;48;2;40;52;87mRELEASE PRS[0m[0m[48;2;40;52;87m                             [0m [38;2;115;121;162m│[0m   • Open or copy URLs                                       [38;2;59;65;97m│[0m   
   [38;2;59;65;97m│[0m   [48;2;40;52;87m       [38;2;192;202;245;48;2;40;52;87mView open release PRs[0m[0m[48;2;40;52;87m                  [0m [38;2;115;121;162m│[0m                                                             [38;2;59;65;97m│[0m   
   [38;2;59;65;97m│[0m                                                  [38;2;115;121;162m│[0m                                                             [38;2;59;65;97m│[0m   
   [38;2;59;65;97m│[0m   [38;2;121;162;247m  [0m4.  [1;38;2;121;162;247mALL OPEN PRS[0m                             [38;2;115;121;162m│[0m                                                             [38;2;59;65;97m│[0m   
   [38;2;59;65;97m│[0m          [38;2;192;202;245mSee all open PRs across repos[0m           [38;2;115;121;162m│[0m                                                             [38;2;59;65;97m│[0m   
   [38;2;59;65;97m│[0m                                                  [38;2;115;121;162m│[0m                                                             [38;2;59;65;97m│[0m   
   [38;2;59;65;97m│[0m   [38;2;255;158;100m  [0m5.  [1;38;2;255;158;100mGITHUB ACTIONS[0m                           [38;2;115;121;162m│[0m                                                             [38;2;59;65;97m│[0m   
   [38;2;59;65;97m│[0m          [38;2;192;202;245mMonitor workflow runs[0m                   [38;2;115;121;162m│[0m                                                             [38;2;59;65;97m│[0m   
   [38;2;59;65;97m│[0m                                                  [38;2;115;121;162m│[0m                                                             [38;2;59;65;97m│[0m   
   [38;2;59;65;97m│[0m   [38;2;247;118;142m  [0m6.  [1;38;2;247;118;142mQUIT[0m                                     [38;2;115;121;162m│[0m                                                             [38;2;59;65;97m│[0m   
   [38;2;59;65;97m│[0m          [38;2;192;202;245mExit application[0m                        [38;2;115;121;162m│[0m                                                             [38;2;59;65;97m│[0m   
   [38;2;59;65;97m│[0m                                                  [38;2;115;121;162m│[0m                                                             [38;2;59;65;97m│[0m   
   [38;2;59;65;97m│[0m                                                                                                                [38;2;59;65;97m│[0m   
   [38;2;59;65;97m╰────────────────────────────────────────────────────────────────────────────────────────────────────────────────╯[0m   
                                                                                                                        
    [38;2;115;121;162m╭─────────────────────────────────────────────────────────────────────────────────────────────────────────────╮[0m     
    [38;2;115;121;162m│[0m [1;38;2;224;175;104m1-6[0m [38;2;192;202;245mSelect[0m  [1;38;2;192;202;245m↑↓[0m [38;2;192;202;245mNavigate[0m  [1;38;2;158;206;105mEnter[0m [38;2;192;202;245mSelect[0m  [1;38;2;255;158;100ma[0m [38;2;192;202;245mActions[0m  [1;38;2;158;206;105mp[0m [38;2;192;202;245mPull[0m  [1;38;2;125;207;255mo[0m [38;2;192;202;245mSettings[0m  [1;38;2;187;154;247mc[0m [38;2;192;202;245mConfig[0m  [1;38;2;125;207;255mu[0m [38;2;192;202;245mUpdate[0m  [1;38;2;121;162;247mh[0m [38;2;192;202;245mHistory[0m  [1;38;2;247;118;142mq[0m [38;2;192;202;245mQuit[0m [38;2;115;121;162m│[0m     
    [38;2;115;121;162m│[0m [1;38;2;115;121;162m?[0m [38;2;192;202;245mHelp[0m  [1;38;2;115;121;162m[ ][0m [38;2;192;202;245mTab[0m  [1;38;2;115;121;162mF[0m [38;2;192;202;245mFullscreen[0m                                                                               [38;2;115;121;162m│[0m     
    [38;2;115;121;162m│[0m [38;2;115;121;162m                                      Version: 1.2.3  •  gh: someone                                       [0m [38;2;115;121;162m│[0m     
    [38;2;115;121;162m╰─────────────────────────────────────────────────────────────────────────────────────────────────────────────╯[0m     
                                                                                                                        
                                                                                                                        
                                                                                                                        
                                                                                                                        
=== fullscreen ===
   [38;2;59;65;97m╭────────────────────────────────────────────────────────────────────────────────────────────────────────────────╮[0m   
   [38;2;59;65;97m│[0m                                                                                                                [38;2;59;65;97m│[0m   
   [38;2;59;65;97m│[0m   [1;38;2;255;158;100m Select Mode [0m                                  [38;2;115;121;162m│[0m [1;38;2;192;202;245m Release PRs [0m                                               [38;2;59;65;97m│[0m   
   [38;2;59;65;97m│[0m                                                  [38;2;115;121;162m│[0m                                                             [38;2;59;65;97m│[0m   
   [38;2;59;65;97m│[0m   [38;2;125;207;255m  [0m1.  [1;38;2;125;207;255mSINGLE REPO[0m                              [38;2;115;121;162m│[0m     [1;38;2;158;206;105mdev[0m[38;2;125;207;255m → [0m[1;38;2;224;175;104mqa[0m                                                [38;2;59;65;97m│[0m   
   [38;2;59;65;97m│[0m          [38;2;192;202;245mCreate PR for current repo[0m              [38;2;115;121;162m│[0m     [1;38;2;224;175;104mqa[0m[38;2;125;207;255m → [0m[1;38;2;247;118;142mstaging[0m                                            [38;2;59;65;97m│[0m   
   [38;2;59;65;97m│[0m                                                  [38;2;115;121;162m│[0m     [1;38;2;247;118;142mstaging[0m[38;2;125;207;255m → [0m[1;38;2;187;154;247mmain[0m                                          [38;2;59;65;97m│[0m   
   [38;2;59;65;97m│[0m   [38;2;187;154;247m  [0m2.  [1;38;2;187;154;247mBATCH MODE[0m                               [38;2;115;121;162m│[0m                                                             [38;2;59;65;97m│[0m   
   [38;2;59;65;97m│[0m          [38;2;192;202;245mCreate PRs for multiple repos[0m           [38;2;115;121;162m│[0m   • Select and batch merge                                  [38;2;59;65;97m│[0m   
   [38;2;59;65;97m│[0m                                                  [38;2;115;121;162m│[0m   • Smart ordering (earliest first)                         [38;2;59;65;97m│[0m   
   [38;2;59;65;97m│[0m   [48;2;40;52;87m[38;2;224;175;104;48;2;40;52;87m▶ [0m[48;2;40;52;87m3.  [0m[1;38;2;224;175;104;48;2;40;52;87mRELEASE PRS[0m[0m[48;2;40;52;87m                             [0m [38;2;115;121;162m│[0m   • Open or copy URLs                                       [38;2;59;65;97m│[0m   
   [38;2;59;65;97m│[0m   [48;2;40;52;87m       [38;2;192;202;245;48;2;40;52;87mView open release PRs[0m[0m[48;2;40;52;87m                  [0m [38;2;115;121;162m│[0m                                                             [38;2;59;65;97m│[0m   
   [38;2;59;65;97m│[0m                                                  [38;2;115;121;162m│[0m                                                             [38;2;59;65;97m│[0m   
   [38;2;59;65;97m│[0m   [38;2;121;162;247m  [0m4.  [1;38;2;121;162;247mALL OPEN PRS[0m                             [38;2;115;121;162m│[0m                                                             [38;2;59;65;97m│[0m   
   [38;2;59;65;97m│[0m          [38;2;192;202;245mSee all open PRs across repos[0m           [38;2;115;121;162m│[0m                                                             [38;2;59;65;97m│[0m   
   [38;2;59;65;97m│[0m                                                  [38;2;115;121;162m│[0m                                                             [38;2;59;65;97m│[0m   
   [38;2;59;65;97m│[0m   [38;2;255;158;100m  [0m5.  [1;38;2;255;158;100mGITHUB ACTIONS[0m                           [38;2;115;121;162m│[0m                                                             [38;2;59;65;97m│[0m   
   [38;2;59;65;97m│[0m          [38;2;192;202;245mMonitor workflow runs[0m                   [38;2;115;121;162m│[0m                                                             [38;2;59;65;97m│[0m   
   [38;2;59;65;97m│[0m                                                  [38;2;115;121;162m│[0m                                                             [38;2;59;65;97m│[0m   
   [38;2;59;65;97m│[0m   [38;2;247;118;142m  [0m6.  [1;38;2;247;118;142mQUIT[0m                                     [38;2;115;121;162m│[0m                                                             [38;2;59;65;97m│[0m   
   [38;2;59;65;97m│[0m          [38;2;192;202;245mExit application[0m                        [38;2;115;121;162m│[0m                                                             [38;2;59;65;97m│[0m   
   [38;2;59;65;97m│[0m                                                  [38;2;115;121;162m│[0m                                                             [38;2;59;65;97m│[0m   
   [38;2;59;65;97m│[0m                                                                                                                [38;2;59;65;97m│[0m   
   [38;2;59;65;97m╰────────────────────────────────────────────────────────────────────────────────────────────────────────────────╯[0m   
                                                                                                                        
    [38;2;115;121;162m╭─────────────────────────────────────────────────────────────────────────────────────────────────────────────╮[0m     
    [38;2;115;121;162m│[0m [1;38;2;224;175;104m1-6[0m [38;2;192;202;245mSelect[0m  [1;38;2;192;202;245m↑↓[0m [38;2;192;202;245mNavigate[0m  [1;38;2;158;206;105mEnter[0m [38;2;192;202;245mSelect[0m  [1;38;2;255;158;100ma[0m [38;2;192;202;245mActions[0m  [1;38;2;158;206;105mp[0m [38;2;192;202;245mPull[0m  [1;38;2;125;207;255mo[0m [38;2;192;202;245mSettings[0m  [1;38;2;187;154;247mc[0m [38;2;192;202;245mConfig[0m  [1;38;2;125;207;255mu[0m [38;2;192;202;245mUpdate[0m  [1;38;2;121;162;247mh[0m [38;2;192;202;245mHistory[0m  [1;38;2;247;118;142mq[0m [38;2;192;202;245mQuit[0m [38;2;115;121;162m│[0m     
    [38;2;115;121;162m│[0m [1;38;2;115;121;162m?[0m [38;2;192;202;245mHelp[0m  [1;38;2;115;121;162m[ ][0m [38;2;192;202;245mTab[0m  [1;38;2;115;121;162mF[0m [38;2;192;202;245mFullscreen[0m                                                                               [38;2;115;121;162m│[0m     
    [38;2;115;121;162m│[0m [38;2;115;121;162m                                      Version: 1.2.3  •  gh: someone                                       [0m [38;2;115;121;162m│[0m     
    [38;2;115;121;162m╰─────────────────────────────────────────────────────────────────────────────────────────────────────────────╯[0m     
                                                                                                                        
                                                                                                                        
                                                                                                                        
                                                                                                                        
                                                                                                                        
                                                                                                                        
                                                                                                                        
                                                                                                                        
                                                                                                                        
                                                                                                                        
