=== normal ===
                                    [38;2;0;255;255m ____   ____   _____  _       ___  __        __[0m                                     
                                    [38;2;0;255;255m|  _ \ |  _ \ |  ___|| |     / _ \ \ \      / /[0m                                     
                                    [38;2;0;255;255m| |_) || |_) || |_   | |    | | | | \ \ /\ / / [0m                                     
                                    [38;2;0;255;255m|  __/ |  _ < |  _|  | |___ | |_| |  \ V  V /  [0m                                     
                                    [38;2;0;255;255m|_|    |_| \_\|_|    |_____| \___/    \_/\_/   [0m                                     
                                 [38;2;0;255;255mSingle[0m [38;2;108;108;108m│[0m [38;2;255;0;255mBatch[0m [38;2;108;108;108m│[0m [38;2;255;255;0mRelease PRs[0m [38;2;108;108;108m│[0m [38;2;85;85;255mAll Open PRs[0m [38;2;108;108;108m│[0m [38;2;255;165;0mActions[0m                                  
   [38;2;170;85;255m╭────────────────────────────────────────────────────────────────────────────────────────────────────────────────╮[0m   
   [38;2;170;85;255m│[0m                                                                                                                [38;2;170;85;255m│[0m   
   [38;2;170;85;255m│[0m   [1;38;2;255;165;0m Select Mode [0m                                  [38;2;108;108;108m│[0m [1;38;2;255;255;255m Release PRs [0m                                               [38;2;170;85;255m│[0m   
   [38;2;170;85;255m│[0m                                                  [38;2;108;108;108m│[0m                                                             [38;2;170;85;255m│[0m   
   [38;2;170;85;255m│[0m   [38;2;0;255;255m  [0m1.  [1;38;2;0;255;255mSINGLE REPO[0m                              [38;2;108;108;108m│[0m     [1;38;2;0;255;0mdev[0m[38;2;0;255;255m → [0m[1;38;2;255;255;0mqa[0m                                                [38;2;170;85;255m│[0m   
   [38;2;170;85;255m│[0m          [38;2;255;255;255mCreate PR for current repo[0m              [38;2;108;108;108m│[0m     [1;38;2;255;255;0mqa[0m[38;2;0;255;255m → [0m[1;38;2;255;0;0mstaging[0m                                            [38;2;170;85;255m│[0m   
   [38;2;170;85;255m│[0m                                                  [38;2;108;108;108m│[0m     [1;38;2;255;0;0mstaging[0m[38;2;0;255;255m → [0m[1;38;2;255;0;255mmain[0m                                          [38;2;170;85;255m│[0m   
   [38;2;170;85;255m│[0m   [38;2;255;0;255m  [0m2.  [1;38;2;255;0;255mBATCH MODE[0m                               [38;2;108;108;108m│[0m                                                             [38;2;170;85;255m│[0m   
   [38;2;170;85;255m│[0m          [38;2;255;255;255mCreate PRs for multiple repos[0m           [38;2;108;108;108m│[0m   • Select and batch merge                                  [38;2;170;85;255m│[0m   
   [38;2;170;85;255m│[0m                                                  [38;2;108;108;108m│[0m   • Smart ordering (earliest first)                         [38;2;170;85;255m│[0m   
   [38;2;170;85;255m│[0m   [48;2;108;108;108m[38;2;255;255;0;48;2;108;108;108m▶ [0m[48;2;108;108;108m3.  [0m[1;38;2;255;255;0;48;2;108;108;108mRELEASE PRS[0m[0m[48;2;108;108;108m                             [0m [38;2;108;108;108m│[0m   • Open or copy URLs                                       [38;2;170;85;255m│[0m   
   [38;2;170;85;255m│[0m   [48;2;108;108;108m       [38;2;255;255;255;48;2;108;108;108mView open release PRs[0m[0m[48;2;108;108;108m                  [0m [38;2;108;108;108m│[0m                                                             [38;2;170;85;255m│[0m   
   [38;2;170;85;255m│[0m                                                  [38;2;108;108;108m│[0m                                                             [38;2;170;85;255m│[0m   
   [38;2;170;85;255m│[0m   [38;2;85;85;255m  [0m4.  [1;38;2;85;85;255mALL OPEN PRS[0m                             [38;2;108;108;108m│[0m                                                             [38;2;170;85;255m│[0m   
   [38;2;170;85;255m│[0m          [38;2;255;255;255mSee all open PRs across repos[0m           [38;2;108;108;108m│[0m                                                             [38;2;170;85;255m│[0m   
   [38;2;170;85;255m│[0m                                                  [38;2;108;108;108m│[0m                                                             [38;2;170;85;255m│[0m   
   [38;2;170;85;255m│[0m   [38;2;255;165;0m  [0m5.  [1;38;2;255;165;0mGITHUB ACTIONS[0m                           [38;2;108;108;108m│[0m                                                             [38;2;170;85;255m│[0m   
   [38;2;170;85;255m│[0m          [38;2;255;255;255mMonitor workflow runs[0m                   [38;2;108;108;108m│[0m                                                             [38;2;170;85;255m│[0m   
   [38;2;170;85;255m│[0m                                                  [38;2;108;108;108m│[0m                                                             [38;2;170;85;255m│[0m   
   [38;2;170;85;255m│[0m   [38;2;255;0;0m  [0m6.  [1;38;2;255;0;0mQUIT[0m                                     [38;2;108;108;108m│[0m                                                             [38;2;170;85;255m│[0m   
   [38;2;170;85;255m│[0m          [38;2;255;255;255mExit application[0m                        [38;2;108;108;108m│[0m                                                             [38;2;170;85;255m│[0m   
   [38;2;170;85;255m│[0m                                                  [38;2;108;108;108m│[0m                                                             [38;2;170;85;255m│[0m   
   [38;2;170;85;255m│[0m                                                                                                                [38;2;170;85;255m│[0m   
   [38;2;170;85;255m╰────────────────────────────────────────────────────────────────────────────────────────────────────────────────╯[0m   
                                                                                                                        
    [38;2;108;108;108m╭─────────────────────────────────────────────────────────────────────────────────────────────────────────────╮[0m     
    [38;2;108;108;108m│[0m [1;38;2;255;255;0m1-6[0m [38;2;255;255;255mSelect[0m  [1;38;2;255;255;255m↑↓[0m [38;2;255;255;255mNavigate[0m  [1;38;2;0;255;0mEnter[0m [38;2;255;255;255mSelect[0m  [1;38;2;255;165;0ma[0m [38;2;255;255;255mActions[0m  [1;38;2;0;255;0mp[0m [38;2;255;255;255mPull[0m  [1;38;2;0;255;255mo[0m [38;2;255;255;255mSettings[0m  [1;38;2;255;0;255mc[0m [38;2;255;255;255mConfig[0m  [1;38;2;0;255;255mu[0m [38;2;255;255;255mUpdate[0m  [1;38;2;85;85;255mh[0m [38;2;255;255;255mHistory[0m  [1;38;2;255;0;0mq[0m [38;2;255;255;255mQuit[0m [38;2;108;108;108m│[0m     
    [38;2;108;108;108m│[0m [1;38;2;108;108;108m?[0m [38;2;255;255;255mHelp[0m  [1;38;2;108;108;108m[ ][0m [38;2;255;255;255mTab[0m  [1;38;2;108;108;108mF[0m [38;2;255;255;255mFullscreen[0m                                                                               [38;2;108;108;108m│[0m     
    [38;2;108;108;108m│[0m [38;2;108;108;108m                                      Version: 1.2.3  •  gh: someone                                       [0m [38;2;108;108;108m│[0m     
    [38;2;108;108;108m╰─────────────────────────────────────────────────────────────────────────────────────────────────────────────╯[0m     
                                                                                                                        
                                                                                                                        
                                                                                                                        
                                                                                                                        
=== fullscreen ===
   [38;2;170;85;255m╭────────────────────────────────────────────────────────────────────────────────────────────────────────────────╮[0m   
   [38;2;170;85;255m│[0m                                                                                                                [38;2;170;85;255m│[0m   
   [38;2;170;85;255m│[0m   [1;38;2;255;165;0m Select Mode [0m                                  [38;2;108;108;108m│[0m [1;38;2;255;255;255m Release PRs [0m                                               [38;2;170;85;255m│[0m   
   [38;2;170;85;255m│[0m                                                  [38;2;108;108;108m│[0m                                                             [38;2;170;85;255m│[0m   
   [38;2;170;85;255m│[0m   [38;2;0;255;255m  [0m1.  [1;38;2;0;255;255mSINGLE REPO[0m                              [38;2;108;108;108m│[0m     [1;38;2;0;255;0mdev[0m[38;2;0;255;255m → [0m[1;38;2;255;255;0mqa[0m                                                [38;2;170;85;255m│[0m   
   [38;2;170;85;255m│[0m          [38;2;255;255;255mCreate PR for current repo[0m              [38;2;108;108;108m│[0m     [1;38;2;255;255;0mqa[0m[38;2;0;255;255m → [0m[1;38;2;255;0;0mstaging[0m                                            [38;2;170;85;255m│[0m   
   [38;2;170;85;255m│[0m                                                  [38;2;108;108;108m│[0m     [1;38;2;255;0;0mstaging[0m[38;2;0;255;255m → [0m[1;38;2;255;0;255mmain[0m                                          [38;2;170;85;255m│[0m   
   [38;2;170;85;255m│[0m   [38;2;255;0;255m  [0m2.  [1;38;2;255;0;255mBATCH MODE[0m                               [38;2;108;108;108m│[0m                                                             [38;2;170;85;255m│[0m   
   [38;2;170;85;255m│[0m          [38;2;255;255;255mCreate PRs for multiple repos[0m           [38;2;108;108;108m│[0m   • Select and batch merge                                  [38;2;170;85;255m│[0m   
   [38;2;170;85;255m│[0m                                                  [38;2;108;108;108m│[0m   • Smart ordering (earliest first)                         [38;2;170;85;255m│[0m   
   [38;2;170;85;255m│[0m   [48;2;108;108;108m[38;2;255;255;0;48;2;108;108;108m▶ [0m[48;2;108;108;108m3.  [0m[1;38;2;255;255;0;48;2;108;108;108mRELEASE PRS[0m[0m[48;2;108;108;108m                             [0m [38;2;108;108;108m│[0m   • Open or copy URLs                                       [38;2;170;85;255m│[0m   
   [38;2;170;85;255m│[0m   [48;2;108;108;108m       [38;2;255;255;255;48;2;108;108;108mView open release PRs[0m[0m[48;2;108;108;108m                  [0m [38;2;108;108;108m│[0m                                                             [38;2;170;85;255m│[0m   
   [38;2;170;85;255m│[0m                                                  [38;2;108;108;108m│[0m                                                             [38;2;170;85;255m│[0m   
   [38;2;170;85;255m│[0m   [38;2;85;85;255m  [0m4.  [1;38;2;85;85;255mALL OPEN PRS[0m                             [38;2;108;108;108m│[0m                                                             [38;2;170;85;255m│[0m   
   [38;2;170;85;255m│[0m          [38;2;255;255;255mSee all open PRs across repos[0m           [38;2;108;108;108m│[0m                                                             [38;2;170;85;255m│[0m   
   [38;2;170;85;255m│[0m                                                  [38;2;108;108;108m│[0m                                                             [38;2;170;85;255m│[0m   
   [38;2;170;85;255m│[0m   [38;2;255;165;0m  [0m5.  [1;38;2;255;165;0mGITHUB ACTIONS[0m                           [38;2;108;108;108m│[0m                                                             [38;2;170;85;255m│[0m   
   [38;2;170;85;255m│[0m          [38;2;255;255;255mMonitor workflow runs[0m                   [38;2;108;108;108m│[0m                                                             [38;2;170;85;255m│[0m   
   [38;2;170;85;255m│[0m                                                  [38;2;108;108;108m│[0m                                                             [38;2;170;85;255m│[0m   
   [38;2;170;85;255m│[0m   [38;2;255;0;0m  [0m6.  [1;38;2;255;0;0mQUIT[0m                                     [38;2;108;108;108m│[0m                                                             [38;2;170;85;255m│[0m   
   [38;2;170;85;255m│[0m          [38;2;255;255;255mExit application[0m                        [38;2;108;108;108m│[0m                                                             [38;2;170;85;255m│[0m   
   [38;2;170;85;255m│[0m                                                  [38;2;108;108;108m│[0m                                                             [38;2;170;85;255m│[0m   
   [38;2;170;85;255m│[0m                                                                                                                [38;2;170;85;255m│[0m   
   [38;2;170;85;255m╰────────────────────────────────────────────────────────────────────────────────────────────────────────────────╯[0m   
                                                                                                                        
    [38;2;108;108;108m╭─────────────────────────────────────────────────────────────────────────────────────────────────────────────╮[0m     
    [38;2;108;108;108m│[0m [1;38;2;255;255;0m1-6[0m [38;2;255;255;255mSelect[0m  [1;38;2;255;255;255m↑↓[0m [38;2;255;255;255mNavigate[0m  [1;38;2;0;255;0mEnter[0m [38;2;255;255;255mSelect[0m  [1;38;2;255;165;0ma[0m [38;2;255;255;255mActions[0m  [1;38;2;0;255;0mp[0m [38;2;255;255;255mPull[0m  [1;38;2;0;255;255mo[0m [38;2;255;255;255mSettings[0m  [1;38;2;255;0;255mc[0m [38;2;255;255;255mConfig[0m  [1;38;2;0;255;255mu[0m [38;2;255;255;255mUpdate[0m  [1;38;2;85;85;255mh[0m [38;2;255;255;255mHistory[0m  [1;38;2;255;0;0mq[0m [38;2;255;255;255mQuit[0m [38;2;108;108;108m│[0m     
    [38;2;108;108;108m│[0m [1;38;2;108;108;108m?[0m [38;2;255;255;255mHelp[0m  [1;38;2;108;108;108m[ ][0m [38;2;255;255;255mTab[0m  [1;38;2;108;108;108mF[0m [38;2;255;255;255mFullscreen[0m                                                                               [38;2;108;108;108m│[0m     
    [38;2;108;108;108m│[0m [38;2;108;108;108m                                      Version: 1.2.3  •  gh: someone                                       [0m [38;2;108;108;108m│[0m     
    [38;2;108;108;108m╰─────────────────────────────────────────────────────────────────────────────────────────────────────────────╯[0m     
                                                                                                                        
                                                                                                                        
                                                                                                                        
                                                                                                                        
                                                                                                                        
                                                                                                                        
                                                                                                                        
                                                                                                                        
                                                                                                                        
                                                                                                                        
