=== normal ===
   [1;38;2;187;154;247m◆[0m [1;38;2;192;202;245mprflow[0m   [38;2;115;121;162mHome[0m [48;2;125;207;255m [0m[1;38;2;22;22;30;48;2;125;207;255mSingle[0m[48;2;125;207;255m [0m [38;2;115;121;162mBatch[0m  [38;2;115;121;162mRelease PRs[0m  [38;2;115;121;162mAll Open PRs[0m  [38;2;115;121;162mActions[0m                            [38;2;115;121;162mgh: someone · v1.2.3[0m   
   [38;2;59;65;97m──────────────────────────────────────────────────────────────────────────────────────────────────────────────────[0m   
                                                                                                                        
                                                                                                                        
                                                                                                                        
                                                                                                                        
                                                                                                                        
                                                                                                                        
                                                                                                                        
                                                                                                                        
                                                                                                                        
                                                                                                                        
   [38;2;59;65;97m╭────────────────────────────────────────────────────────────────────────────────────────────────────────────────╮[0m   
   [38;2;59;65;97m│[0m                                                                                                                [38;2;59;65;97m│[0m   
   [38;2;59;65;97m│[0m   [1;38;2;125;207;255m Frontend/web-app [0m                             [38;2;115;121;162m│[0m [1;38;2;192;202;245m PR Details [0m                                                [38;2;59;65;97m│[0m   
   [38;2;59;65;97m│[0m                                                  [38;2;115;121;162m│[0m                                                             [38;2;59;65;97m│[0m   
   [38;2;59;65;97m│[0m   [48;2;40;52;87m[38;2;125;207;255;48;2;40;52;87m▶ [0m[1;38;2;224;175;104;48;2;40;52;87m1.[0m[48;2;40;52;87m [0m[1;38;2;158;206;105;48;2;40;52;87mdev[0m[48;2;40;52;87m → [0m[1;38;2;224;175;104;48;2;40;52;87mqa[0m[0m[48;2;40;52;87m                                 [0m [38;2;115;121;162m│[0m   [1;38;2;158;206;105mdev[0m[1;38;2;192;202;245m → [0m[1;38;2;224;175;104mqa[0m                                                  [38;2;59;65;97m│[0m   
   [38;2;59;65;97m│[0m   [48;2;40;52;87m      [38;2;192;202;245;48;2;40;52;87mMerge to qa[0m[0m[48;2;40;52;87m                             [0m [38;2;115;121;162m│[0m                                                             [38;2;59;65;97m│[0m   
   [38;2;59;65;97m│[0m                                                  [38;2;115;121;162m│[0m   Merge dev into qa for the                                 [38;2;59;65;97m│[0m   
   [38;2;59;65;97m│[0m   [38;2;125;207;255m  [0m[1;38;2;224;175;104m2.[0m [1;38;2;224;175;104mqa[0m → [1;38;2;247;118;142mstaging[0m                              [38;2;115;121;162m│[0m   next stage of review.                                     [38;2;59;65;97m│[0m   
   [38;2;59;65;97m│[0m         [38;2;192;202;245mMerge to staging[0m                         [38;2;115;121;162m│[0m                                                             [38;2;59;65;97m│[0m   
   [38;2;59;65;97m│[0m                                                  [38;2;115;121;162m│[0m [38;2;192;202;245m  Base: [0m[1;38;2;224;175;104mqa[0m                                                  [38;2;59;65;97m│[0m   
   [38;2;59;65;97m│[0m   [38;2;125;207;255m  [0m[1;38;2;224;175;104m3.[0m [1;38;2;247;118;142mstaging[0m → [1;38;2;187;154;247mmain[0m                            [38;2;115;121;162m│[0m [38;2;192;202;245m  Head: [0m[1;38;2;158;206;105mdev[0m                                                 [38;2;59;65;97m│[0m   
   [38;2;59;65;97m│[0m         [38;2;192;202;245mRelease to main[0m                          [38;2;115;121;162m│[0m                                                             [38;2;59;65;97m│[0m   
   [38;2;59;65;97m│[0m                                                  [38;2;115;121;162m│[0m                                                             [38;2;59;65;97m│[0m   
   [38;2;59;65;97m│[0m                                                                                                                [38;2;59;65;97m│[0m   
   [38;2;59;65;97m╰────────────────────────────────────────────────────────────────────────────────────────────────────────────────╯[0m   
                                                                                                                        
                                                                                                                        
                                                                                                                        
                                                                                                                        
                                                                                                                        
                                                                                                                        
                                                                                                                        
                                                                                                                        
                                                                                                                        
                                                                                                                        
                                                                                                                        
   [38;2;59;65;97m──────────────────────────────────────────────────────────────────────────────────────────────────────────────────[0m   
    [1;38;2;224;175;104m1-3[0m [38;2;115;121;162mSelect[0m  [1;38;2;192;202;245m↑↓[0m [38;2;115;121;162mNavigate[0m  [1;38;2;158;206;105mEnter[0m [38;2;115;121;162mSelect[0m  [1;38;2;224;175;104mEsc[0m [38;2;115;121;162mBack[0m  [1;38;2;115;121;162m?[0m [38;2;115;121;162mHelp[0m  [1;38;2;115;121;162m[ ][0m [38;2;115;121;162mTabs[0m  [1;38;2;115;121;162mF[0m [38;2;115;121;162mFullscreen[0m                                     
=== fullscreen ===
                                                                                                                        
                                                                                                                        
                                                                                                                        
                                                                                                                        
                                                                                                                        
                                                                                                                        
                                                                                                                        
                                                                                                                        
                                                                                                                        
                                                                                                                        
                                                                                                                        
   [38;2;59;65;97m╭────────────────────────────────────────────────────────────────────────────────────────────────────────────────╮[0m   
   [38;2;59;65;97m│[0m                                                                                                                [38;2;59;65;97m│[0m   
   [38;2;59;65;97m│[0m   [1;38;2;125;207;255m Frontend/web-app [0m                             [38;2;115;121;162m│[0m [1;38;2;192;202;245m PR Details [0m                                                [38;2;59;65;97m│[0m   
   [38;2;59;65;97m│[0m                                                  [38;2;115;121;162m│[0m                                                             [38;2;59;65;97m│[0m   
   [38;2;59;65;97m│[0m   [48;2;40;52;87m[38;2;125;207;255;48;2;40;52;87m▶ [0m[1;38;2;224;175;104;48;2;40;52;87m1.[0m[48;2;40;52;87m [0m[1;38;2;158;206;105;48;2;40;52;87mdev[0m[48;2;40;52;87m → [0m[1;38;2;224;175;104;48;2;40;52;87mqa[0m[0m[48;2;40;52;87m                                 [0m [38;2;115;121;162m│[0m   [1;38;2;158;206;105mdev[0m[1;38;2;192;202;245m → [0m[1;38;2;224;175;104mqa[0m                                                  [38;2;59;65;97m│[0m   
   [38;2;59;65;97m│[0m   [48;2;40;52;87m      [38;2;192;202;245;48;2;40;52;87mMerge to qa[0m[0m[48;2;40;52;87m                             [0m [38;2;115;121;162m│[0m                                                             [38;2;59;65;97m│[0m   
   [38;2;59;65;97m│[0m                                                  [38;2;115;121;162m│[0m   Merge dev into qa for the                                 [38;2;59;65;97m│[0m   
   [38;2;59;65;97m│[0m   [38;2;125;207;255m  [0m[1;38;2;224;175;104m2.[0m [1;38;2;224;175;104mqa[0m → [1;38;2;247;118;142mstaging[0m                              [38;2;115;121;162m│[0m   next stage of review.                                     [38;2;59;65;97m│[0m   
   [38;2;59;65;97m│[0m         [38;2;192;202;245mMerge to staging[0m                         [38;2;115;121;162m│[0m                                                             [38;2;59;65;97m│[0m   
   [38;2;59;65;97m│[0m                                                  [38;2;115;121;162m│[0m [38;2;192;202;245m  Base: [0m[1;38;2;224;175;104mqa[0m                                                  [38;2;59;65;97m│[0m   
   [38;2;59;65;97m│[0m   [38;2;125;207;255m  [0m[1;38;2;224;175;104m3.[0m [1;38;2;247;118;142mstaging[0m → [1;38;2;187;154;247mmain[0m                            [38;2;115;121;162m│[0m [38;2;192;202;245m  Head: [0m[1;38;2;158;206;105mdev[0m                                                 [38;2;59;65;97m│[0m   
   [38;2;59;65;97m│[0m         [38;2;192;202;245mRelease to main[0m                          [38;2;115;121;162m│[0m                                                             [38;2;59;65;97m│[0m   
   [38;2;59;65;97m│[0m                                                  [38;2;115;121;162m│[0m                                                             [38;2;59;65;97m│[0m   
   [38;2;59;65;97m│[0m                                                                                                                [38;2;59;65;97m│[0m   
   [38;2;59;65;97m╰────────────────────────────────────────────────────────────────────────────────────────────────────────────────╯[0m   
                                                                                                                        
                                                                                                                        
                                                                                                                        
                                                                                                                        
                                                                                                                        
                                                                                                                        
                                                                                                                        
                                                                                                                        
                                                                                                                        
                                                                                                                        
                                                                                                                        
                                                                                                                        
   [38;2;59;65;97m──────────────────────────────────────────────────────────────────────────────────────────────────────────────────[0m   
    [1;38;2;224;175;104m1-3[0m [38;2;115;121;162mSelect[0m  [1;38;2;192;202;245m↑↓[0m [38;2;115;121;162mNavigate[0m  [1;38;2;158;206;105mEnter[0m [38;2;115;121;162mSelect[0m  [1;38;2;224;175;104mEsc[0m [38;2;115;121;162mBack[0m  [1;38;2;115;121;162m?[0m [38;2;115;121;162mHelp[0m  [1;38;2;115;121;162m[ ][0m [38;2;115;121;162mTabs[0m  [1;38;2;115;121;162mF[0m [38;2;115;121;162mFullscreen[0m                                     
