=== normal ===
                                    [38;2;0;255;255m ____   ____   _____  _       ___  __        __[0m                                     
                                    [38;2;0;255;255m|  _ \ |  _ \ |  ___|| |     / _ \ \ \      / /[0m                                     
                                    [38;2;0;255;255m| |_) || |_) || |_   | |    | | | | \ \ /\ / / [0m                                     
                                    [38;2;0;255;255m|  __/ |  _ < |  _|  | |___ | |_| |  \ V  V /  [0m                                     
                                    [38;2;0;255;255m|_|    |_| \_\|_|    |_____| \___/    \_/\_/   [0m                                     
                                [48;2;0;255;255m [0m[1;38;2;0;0;0;48;2;0;255;255mSingle[0m[48;2;0;255;255m [0m[38;2;108;108;108m│[0m [38;2;255;0;255mBatch[0m [38;2;108;108;108m│[0m [38;2;255;255;0mRelease PRs[0m [38;2;108;108;108m│[0m [38;2;85;85;255mAll Open PRs[0m [38;2;108;108;108m│[0m [38;2;255;165;0mActions[0m                                  
   [38;2;170;85;255m╭────────────────────────────────────────────────────────────────────────────────────────────────────────────────╮[0m   
   [38;2;170;85;255m│[0m                                                                                                                [38;2;170;85;255m│[0m   
   [38;2;170;85;255m│[0m   [1;38;2;0;255;255m Select Branch to Pull [0m                        [38;2;108;108;108m│[0m [1;38;2;255;255;255m Branch Info [0m                                               [38;2;170;85;255m│[0m   
   [38;2;170;85;255m│[0m                                                  [38;2;108;108;108m│[0m                                                             [38;2;170;85;255m│[0m   
   [38;2;170;85;255m│[0m   [48;2;108;108;108m[38;2;0;255;255;48;2;108;108;108m▶ [0m[1;38;2;255;255;0;48;2;108;108;108m1.[0m[48;2;108;108;108m [0m[1;38;2;0;255;0;48;2;108;108;108mdev[0m[0m[48;2;108;108;108m                                      [0m [38;2;108;108;108m│[0m   [1;38;2;0;255;0mdev[0m                                                       [38;2;170;85;255m│[0m   
   [38;2;170;85;255m│[0m   [48;2;108;108;108m      [38;2;255;255;255;48;2;108;108;108mPull the dev branch everywhere[0m[0m[48;2;108;108;108m          [0m [38;2;108;108;108m│[0m                                                             [38;2;170;85;255m│[0m   
   [38;2;170;85;255m│[0m                                                  [38;2;108;108;108m│[0m   Pull the dev branch across                                [38;2;170;85;255m│[0m   
   [38;2;170;85;255m│[0m   [38;2;0;255;255m  [0m[1;38;2;255;255;0m2.[0m [1;38;2;255;255;0mstaging[0m                                   [38;2;108;108;108m│[0m   all configured repos.                                     [38;2;170;85;255m│[0m   
   [38;2;170;85;255m│[0m         [38;2;255;255;255mPull the staging branch everywhere[0m       [38;2;108;108;108m│[0m                                                             [38;2;170;85;255m│[0m   
   [38;2;170;85;255m│[0m                                                  [38;2;108;108;108m│[0m   Repos without the branch are                              [38;2;170;85;255m│[0m   
   [38;2;170;85;255m│[0m   [38;2;0;255;255m  [0m[1;38;2;255;255;0m3.[0m [1;38;2;255;0;0mmain[0m                                      [38;2;108;108;108m│[0m   skipped rather than failed.                               [38;2;170;85;255m│[0m   
   [38;2;170;85;255m│[0m         [38;2;255;255;255mPull each repo's default branch[0m          [38;2;108;108;108m│[0m                                                             [38;2;170;85;255m│[0m   
   [38;2;170;85;255m│[0m                                                  [38;2;108;108;108m│[0m                                                             [38;2;170;85;255m│[0m   
   [38;2;170;85;255m│[0m                                                                                                                [38;2;170;85;255m│[0m   
   [38;2;170;85;255m╰────────────────────────────────────────────────────────────────────────────────────────────────────────────────╯[0m   
                                                                                                                        
                    [38;2;108;108;108m╭──────────────────────────────────────────────────────────────────────────────╮[0m                    
                    [38;2;108;108;108m│[0m [1;38;2;255;255;0m1-3[0m [38;2;255;255;255mSelect[0m  [1;38;2;255;255;255m↑↓[0m [38;2;255;255;255mNavigate[0m  [1;38;2;0;255;0mEnter[0m [38;2;255;255;255mPull[0m  [1;38;2;255;255;0mEsc[0m [38;2;255;255;255mBack[0m  [1;38;2;108;108;108m?[0m [38;2;255;255;255mHelp[0m  [1;38;2;108;108;108m[ ][0m [38;2;255;255;255mTab[0m  [1;38;2;108;108;108mF[0m [38;2;255;255;255mFullscreen[0m [38;2;108;108;108m│[0m                    
                    [38;2;108;108;108m│[0m [38;2;108;108;108m                       Version: 1.2.3  •  gh: someone                       [0m [38;2;108;108;108m│[0m                    
                    [38;2;108;108;108m╰──────────────────────────────────────────────────────────────────────────────╯[0m                    
                                                                                                                        
                                                                                                                        
                                                                                                                        
                                                                                                                        
                                                                                                                        
                                                                                                                        
                                                                                                                        
                                                                                                                        
                                                                                                                        
                                                                                                                        
                                                                                                                        
                                                                                                                        
                                                                                                                        
                                                                                                                        
=== fullscreen ===
   [38;2;170;85;255m╭────────────────────────────────────────────────────────────────────────────────────────────────────────────────╮[0m   
   [38;2;170;85;255m│[0m                                                                                                                [38;2;170;85;255m│[0m   
   [38;2;170;85;255m│[0m   [1;38;2;0;255;255m Select Branch to Pull [0m                        [38;2;108;108;108m│[0m [1;38;2;255;255;255m Branch Info [0m                                               [38;2;170;85;255m│[0m   
   [38;2;170;85;255m│[0m                                                  [38;2;108;108;108m│[0m                                                             [38;2;170;85;255m│[0m   
   [38;2;170;85;255m│[0m   [48;2;108;108;108m[38;2;0;255;255;48;2;108;108;108m▶ [0m[1;38;2;255;255;0;48;2;108;108;108m1.[0m[48;2;108;108;108m [0m[1;38;2;0;255;0;48;2;108;108;108mdev[0m[0m[48;2;108;108;108m                                      [0m [38;2;108;108;108m│[0m   [1;38;2;0;255;0mdev[0m                                                       [38;2;170;85;255m│[0m   
   [38;2;170;85;255m│[0m   [48;2;108;108;108m      [38;2;255;255;255;48;2;108;108;108mPull the dev branch everywhere[0m[0m[48;2;108;108;108m          [0m [38;2;108;108;108m│[0m                                                             [38;2;170;85;255m│[0m   
   [38;2;170;85;255m│[0m                                                  [38;2;108;108;108m│[0m   Pull the dev branch across                                [38;2;170;85;255m│[0m   
   [38;2;170;85;255m│[0m   [38;2;0;255;255m  [0m[1;38;2;255;255;0m2.[0m [1;38;2;255;255;0mstaging[0m                                   [38;2;108;108;108m│[0m   all configured repos.                                     [38;2;170;85;255m│[0m   
   [38;2;170;85;255m│[0m         [38;2;255;255;255mPull the staging branch everywhere[0m       [38;2;108;108;108m│[0m                                                             [38;2;170;85;255m│[0m   
   [38;2;170;85;255m│[0m                                                  [38;2;108;108;108m│[0m   Repos without the branch are                              [38;2;170;85;255m│[0m   
   [38;2;170;85;255m│[0m   [38;2;0;255;255m  [0m[1;38;2;255;255;0m3.[0m [1;38;2;255;0;0mmain[0m                                      [38;2;108;108;108m│[0m   skipped rather than failed.                               [38;2;170;85;255m│[0m   
   [38;2;170;85;255m│[0m         [38;2;255;255;255mPull each repo's default branch[0m          [38;2;108;108;108m│[0m                                                             [38;2;170;85;255m│[0m   
   [38;2;170;85;255m│[0m                                                  [38;2;108;108;108m│[0m                                                             [38;2;170;85;255m│[0m   
   [38;2;170;85;255m│[0m                                                                                                                [38;2;170;85;255m│[0m   
   [38;2;170;85;255m╰────────────────────────────────────────────────────────────────────────────────────────────────────────────────╯[0m   
                                                                                                                        
                    [38;2;108;108;108m╭──────────────────────────────────────────────────────────────────────────────╮[0m                    
                    [38;2;108;108;108m│[0m [1;38;2;255;255;0m1-3[0m [38;2;255;255;255mSelect[0m  [1;38;2;255;255;255m↑↓[0m [38;2;255;255;255mNavigate[0m  [1;38;2;0;255;0mEnter[0m [38;2;255;255;255mPull[0m  [1;38;2;255;255;0mEsc[0m [38;2;255;255;255mBack[0m  [1;38;2;108;108;108m?[0m [38;2;255;255;255mHelp[0m  [1;38;2;108;108;108m[ ][0m [38;2;255;255;255mTab[0m  [1;38;2;108;108;108mF[0m [38;2;255;255;255mFullscreen[0m [38;2;108;108;108m│[0m                    
                    [38;2;108;108;108m│[0m [38;2;108;108;108m                       Version: 1.2.3  •  gh: someone                       [0m [38;2;108;108;108m│[0m                    
                    [38;2;108;108;108m╰──────────────────────────────────────────────────────────────────────────────╯[0m                    
                                                                                                                        
                                                                                                                        
                                                                                                                        
                                                                                                                        
                                                                                                                        
                                                                                                                        
                                                                                                                        
                                                                                                                        
                                                                                                                        
                                                                                                                        
                                                                                                                        
                                                                                                                        
                                                                                                                        
                                                                                                                        
                                                                                                                        
                                                                                                                        
                                                                                                                        
                                                                                                                        
                                                                                                                        
                                                                                                                        
