=== normal ===
                                    [38;2;0;255;255m ____   ____   _____  _       ___  __        __[0m                                     
                                    [38;2;0;255;255m|  _ \ |  _ \ |  ___|| |     / _ \ \ \      / /[0m                                     
                                    [38;2;0;255;255m| |_) || |_) || |_   | |    | | | | \ \ /\ / / [0m                                     
                                    [38;2;0;255;255m|  __/ |  _ < |  _|  | |___ | |_| |  \ V  V /  [0m                                     
                                    [38;2;0;255;255m|_|    |_| \_\|_|    |_____| \___/    \_/\_/   [0m                                     
                                [48;2;0;255;255m [0m[1;38;2;0;0;0;48;2;0;255;255mSingle[0m[48;2;0;255;255m [0m[38;2;108;108;108m│[0m [38;2;255;0;255mBatch[0m [38;2;108;108;108m│[0m [38;2;255;255;0mRelease PRs[0m [38;2;108;108;108m│[0m [38;2;85;85;255mAll Open PRs[0m [38;2;108;108;108m│[0m [38;2;255;165;0mActions[0m                                  
        [38;2;255;255;0m╭──────────────────────────────────────────────────────────────────────────────────────────────────────╮[0m        
        [38;2;255;255;0m│[0m[1;38;2;255;255;0m  Pull Summary  [0m                                                                                      [38;2;255;255;0m│[0m        
        [38;2;255;255;0m│[0m[1;38;2;0;255;0mPull Complete: [0m[1;38;2;255;255;0mstaging[0m                                                                                [38;2;255;255;0m│[0m        
        [38;2;255;255;0m│[0m                                                                                                      [38;2;255;255;0m│[0m        
        [38;2;255;255;0m│[0m[1;38;2;0;255;0mUpdated (1):[0m                                                                                          [38;2;255;255;0m│[0m        
        [38;2;255;255;0m│[0m  [38;2;0;255;255mFrontend/web-app[0m[38;2;108;108;108m (4 commits)[0m                                                                        [38;2;255;255;0m│[0m        
        [38;2;255;255;0m│[0m                                                                                                      [38;2;255;255;0m│[0m        
        [38;2;255;255;0m│[0m[38;2;108;108;108mAlready up to date (1):[0m                                                                               [38;2;255;255;0m│[0m        
        [38;2;255;255;0m│[0m  [38;2;108;108;108mBackend/api-service[0m                                                                                 [38;2;255;255;0m│[0m        
        [38;2;255;255;0m│[0m                                                                                                      [38;2;255;255;0m│[0m        
        [38;2;255;255;0m│[0m[1;38;2;255;255;0mSkipped - local changes (1):[0m                                                                          [38;2;255;255;0m│[0m        
        [38;2;255;255;0m│[0m  [38;2;108;108;108mBackend/日本語-サービス[0m                                                                             [38;2;255;255;0m│[0m        
        [38;2;255;255;0m│[0m                                                                                                      [38;2;255;255;0m│[0m        
        [38;2;255;255;0m│[0m[1;38;2;255;0;0mFailed (1):[0m                                                                                           [38;2;255;255;0m│[0m        
        [38;2;255;255;0m│[0m  [38;2;0;255;255mFrontend/🚀-launcher[0m[38;2;108;108;108m - network unreachable[0m                                                          [38;2;255;255;0m│[0m        
        [38;2;255;255;0m│[0m                                                                                                      [38;2;255;255;0m│[0m        
        [38;2;255;255;0m│[0m                                                                                                      [38;2;255;255;0m│[0m        
        [38;2;255;255;0m│[0m                                                                                                      [38;2;255;255;0m│[0m        
        [38;2;255;255;0m│[0m                                                                                                      [38;2;255;255;0m│[0m        
        [38;2;255;255;0m│[0m                                                                                                      [38;2;255;255;0m│[0m        
        [38;2;255;255;0m│[0m                                                                                                      [38;2;255;255;0m│[0m        
        [38;2;255;255;0m│[0m                                                                                                      [38;2;255;255;0m│[0m        
        [38;2;255;255;0m│[0m                                                                                                      [38;2;255;255;0m│[0m        
        [38;2;255;255;0m│[0m                                                                                                      [38;2;255;255;0m│[0m        
        [38;2;255;255;0m│[0m                                                                                                      [38;2;255;255;0m│[0m        
        [38;2;255;255;0m╰──────────────────────────────────────────────────────────────────────────────────────────────────────╯[0m        
                                                                                                                        
                                 [38;2;108;108;108m╭───────────────────────────────────────────────────╮[0m                                  
                                 [38;2;108;108;108m│[0m [1;38;2;0;255;0mEnter[0m [38;2;255;255;255mDone[0m  [1;38;2;255;0;0mq[0m [38;2;255;255;255mQuit[0m  [1;38;2;108;108;108m?[0m [38;2;255;255;255mHelp[0m  [1;38;2;108;108;108m[ ][0m [38;2;255;255;255mTab[0m  [1;38;2;108;108;108mF[0m [38;2;255;255;255mFullscreen[0m [38;2;108;108;108m│[0m                                  
                                 [38;2;108;108;108m│[0m [38;2;108;108;108m         Version: 1.2.3  •  gh: someone          [0m [38;2;108;108;108m│[0m                                  
                                 [38;2;108;108;108m╰───────────────────────────────────────────────────╯[0m                                  
                                                                                                                        
                                                                                                                        
                                                                                                                        
=== fullscreen ===
        [38;2;255;255;0m╭──────────────────────────────────────────────────────────────────────────────────────────────────────╮[0m        
        [38;2;255;255;0m│[0m[1;38;2;255;255;0m  Pull Summary  [0m                                                                                      [38;2;255;255;0m│[0m        
        [38;2;255;255;0m│[0m[1;38;2;0;255;0mPull Complete: [0m[1;38;2;255;255;0mstaging[0m                                                                                [38;2;255;255;0m│[0m        
        [38;2;255;255;0m│[0m                                                                                                      [38;2;255;255;0m│[0m        
        [38;2;255;255;0m│[0m[1;38;2;0;255;0mUpdated (1):[0m                                                                                          [38;2;255;255;0m│[0m        
        [38;2;255;255;0m│[0m  [38;2;0;255;255mFrontend/web-app[0m[38;2;108;108;108m (4 commits)[0m                                                                        [38;2;255;255;0m│[0m        
        [38;2;255;255;0m│[0m                                                                                                      [38;2;255;255;0m│[0m        
        [38;2;255;255;0m│[0m[38;2;108;108;108mAlready up to date (1):[0m                                                                               [38;2;255;255;0m│[0m        
        [38;2;255;255;0m│[0m  [38;2;108;108;108mBackend/api-service[0m                                                                                 [38;2;255;255;0m│[0m        
        [38;2;255;255;0m│[0m                                                                                                      [38;2;255;255;0m│[0m        
        [38;2;255;255;0m│[0m[1;38;2;255;255;0mSkipped - local changes (1):[0m                                                                          [38;2;255;255;0m│[0m        
        [38;2;255;255;0m│[0m  [38;2;108;108;108mBackend/日本語-サービス[0m                                                                             [38;2;255;255;0m│[0m        
        [38;2;255;255;0m│[0m                                                                                                      [38;2;255;255;0m│[0m        
        [38;2;255;255;0m│[0m[1;38;2;255;0;0mFailed (1):[0m                                                                                           [38;2;255;255;0m│[0m        
        [38;2;255;255;0m│[0m  [38;2;0;255;255mFrontend/🚀-launcher[0m[38;2;108;108;108m - network unreachable[0m                                                          [38;2;255;255;0m│[0m        
        [38;2;255;255;0m│[0m                                                                                                      [38;2;255;255;0m│[0m        
        [38;2;255;255;0m│[0m                                                                                                      [38;2;255;255;0m│[0m        
        [38;2;255;255;0m│[0m                                                                                                      [38;2;255;255;0m│[0m        
        [38;2;255;255;0m│[0m                                                                                                      [38;2;255;255;0m│[0m        
        [38;2;255;255;0m│[0m                                                                                                      [38;2;255;255;0m│[0m        
        [38;2;255;255;0m│[0m                                                                                                      [38;2;255;255;0m│[0m        
        [38;2;255;255;0m│[0m                                                                                                      [38;2;255;255;0m│[0m        
        [38;2;255;255;0m│[0m                                                                                                      [38;2;255;255;0m│[0m        
        [38;2;255;255;0m│[0m                                                                                                      [38;2;255;255;0m│[0m        
        [38;2;255;255;0m│[0m                                                                                                      [38;2;255;255;0m│[0m        
        [38;2;255;255;0m│[0m                                                                                                      [38;2;255;255;0m│[0m        
        [38;2;255;255;0m│[0m                                                                                                      [38;2;255;255;0m│[0m        
        [38;2;255;255;0m│[0m                                                                                                      [38;2;255;255;0m│[0m        
        [38;2;255;255;0m│[0m                                                                                                      [38;2;255;255;0m│[0m        
        [38;2;255;255;0m│[0m                                                                                                      [38;2;255;255;0m│[0m        
        [38;2;255;255;0m│[0m                                                                                                      [38;2;255;255;0m│[0m        
        [38;2;255;255;0m│[0m                                                                                                      [38;2;255;255;0m│[0m        
        [38;2;255;255;0m│[0m                                                                                                      [38;2;255;255;0m│[0m        
        [38;2;255;255;0m╰──────────────────────────────────────────────────────────────────────────────────────────────────────╯[0m        
                                                                                                                        
                                 [38;2;108;108;108m╭───────────────────────────────────────────────────╮[0m                                  
                                 [38;2;108;108;108m│[0m [1;38;2;0;255;0mEnter[0m [38;2;255;255;255mDone[0m  [1;38;2;255;0;0mq[0m [38;2;255;255;255mQuit[0m  [1;38;2;108;108;108m?[0m [38;2;255;255;255mHelp[0m  [1;38;2;108;108;108m[ ][0m [38;2;255;255;255mTab[0m  [1;38;2;108;108;108mF[0m [38;2;255;255;255mFullscreen[0m [38;2;108;108;108m│[0m                                  
                                 [38;2;108;108;108m│[0m [38;2;108;108;108m         Version: 1.2.3  •  gh: someone          [0m [38;2;108;108;108m│[0m                                  
                                 [38;2;108;108;108m╰───────────────────────────────────────────────────╯[0m                                  
                                                                                                                        
