=== normal ===
   [1;38;2;187;154;247m◆[0m [1;38;2;192;202;245mprflow[0m  [48;2;125;207;255m [0m[1;38;2;22;22;30;48;2;125;207;255mSingle[0m[48;2;125;207;255m [0m [38;2;115;121;162mBatch[0m  [38;2;115;121;162mRelease PRs[0m  [38;2;115;121;162mAll Open PRs[0m  [38;2;115;121;162mActions[0m                                  [38;2;115;121;162mgh: someone · v1.2.3[0m   
   [38;2;59;65;97m──────────────────────────────────────────────────────────────────────────────────────────────────────────────────[0m   
                                                                                                                        
                                                                                                                        
                                                                                                                        
                                                                                                                        
                                                                                                                        
                                                                                                                        
                                                                                                                        
                                                                                                                        
                                                                                                                        
                                                                                                                        
   [38;2;59;65;97m╭────────────────────────────────────────────────────────────────────────────────────────────────────────────────╮[0m   
   [38;2;59;65;97m│[0m                                                                                                                [38;2;59;65;97m│[0m   
   [38;2;59;65;97m│[0m   [1;38;2;125;207;255m Select Branch to Pull [0m                        [38;2;115;121;162m│[0m [1;38;2;192;202;245m Branch Info [0m                                               [38;2;59;65;97m│[0m   
   [38;2;59;65;97m│[0m                                                  [38;2;115;121;162m│[0m                                                             [38;2;59;65;97m│[0m   
   [38;2;59;65;97m│[0m   [48;2;40;52;87m[38;2;125;207;255;48;2;40;52;87m▶ [0m[1;38;2;224;175;104;48;2;40;52;87m1.[0m[48;2;40;52;87m [0m[1;38;2;158;206;105;48;2;40;52;87mdev[0m[0m[48;2;40;52;87m                                      [0m [38;2;115;121;162m│[0m   [1;38;2;158;206;105mdev[0m                                                       [38;2;59;65;97m│[0m   
   [38;2;59;65;97m│[0m   [48;2;40;52;87m      [38;2;192;202;245;48;2;40;52;87mPull the dev branch everywhere[0m[0m[48;2;40;52;87m          [0m [38;2;115;121;162m│[0m                                                             [38;2;59;65;97m│[0m   
   [38;2;59;65;97m│[0m                                                  [38;2;115;121;162m│[0m   Pull the dev branch across                                [38;2;59;65;97m│[0m   
   [38;2;59;65;97m│[0m   [38;2;125;207;255m  [0m[1;38;2;224;175;104m2.[0m [1;38;2;224;175;104mstaging[0m                                   [38;2;115;121;162m│[0m   all configured repos.                                     [38;2;59;65;97m│[0m   
   [38;2;59;65;97m│[0m         [38;2;192;202;245mPull the staging branch everywhere[0m       [38;2;115;121;162m│[0m                                                             [38;2;59;65;97m│[0m   
   [38;2;59;65;97m│[0m                                                  [38;2;115;121;162m│[0m   Repos without the branch are                              [38;2;59;65;97m│[0m   
   [38;2;59;65;97m│[0m   [38;2;125;207;255m  [0m[1;38;2;224;175;104m3.[0m [1;38;2;247;118;142mmain[0m                                      [38;2;115;121;162m│[0m   skipped rather than failed.                               [38;2;59;65;97m│[0m   
   [38;2;59;65;97m│[0m         [38;2;192;202;245mPull each repo's default branch[0m          [38;2;115;121;162m│[0m                                                             [38;2;59;65;97m│[0m   
   [38;2;59;65;97m│[0m                                                  [38;2;115;121;162m│[0m                                                             [38;2;59;65;97m│[0m   
   [38;2;59;65;97m│[0m                                                                                                                [38;2;59;65;97m│[0m   
   [38;2;59;65;97m╰────────────────────────────────────────────────────────────────────────────────────────────────────────────────╯[0m   
                                                                                                                        
                                                                                                                        
                                                                                                                        
                                                                                                                        
                                                                                                                        
                                                                                                                        
                                                                                                                        
                                                                                                                        
                                                                                                                        
                                                                                                                        
                                                                                                                        
   [38;2;59;65;97m──────────────────────────────────────────────────────────────────────────────────────────────────────────────────[0m   
    [1;38;2;224;175;104m1-3[0m [38;2;115;121;162mSelect[0m  [1;38;2;192;202;245m↑↓[0m [38;2;115;121;162mNavigate[0m  [1;38;2;158;206;105mEnter[0m [38;2;115;121;162mPull[0m  [1;38;2;224;175;104mEsc[0m [38;2;115;121;162mBack[0m  [1;38;2;115;121;162m?[0m [38;2;115;121;162mHelp[0m  [1;38;2;115;121;162m[ ][0m [38;2;115;121;162mTabs[0m  [1;38;2;115;121;162mF[0m [38;2;115;121;162mFullscreen[0m                                       
=== fullscreen ===
                                                                                                                        
                                                                                                                        
                                                                                                                        
                                                                                                                        
                                                                                                                        
                                                                                                                        
                                                                                                                        
                                                                                                                        
                                                                                                                        
                                                                                                                        
                                                                                                                        
   [38;2;59;65;97m╭────────────────────────────────────────────────────────────────────────────────────────────────────────────────╮[0m   
   [38;2;59;65;97m│[0m                                                                                                                [38;2;59;65;97m│[0m   
   [38;2;59;65;97m│[0m   [1;38;2;125;207;255m Select Branch to Pull [0m                        [38;2;115;121;162m│[0m [1;38;2;192;202;245m Branch Info [0m                                               [38;2;59;65;97m│[0m   
   [38;2;59;65;97m│[0m                                                  [38;2;115;121;162m│[0m                                                             [38;2;59;65;97m│[0m   
   [38;2;59;65;97m│[0m   [48;2;40;52;87m[38;2;125;207;255;48;2;40;52;87m▶ [0m[1;38;2;224;175;104;48;2;40;52;87m1.[0m[48;2;40;52;87m [0m[1;38;2;158;206;105;48;2;40;52;87mdev[0m[0m[48;2;40;52;87m                                      [0m [38;2;115;121;162m│[0m   [1;38;2;158;206;105mdev[0m                                                       [38;2;59;65;97m│[0m   
   [38;2;59;65;97m│[0m   [48;2;40;52;87m      [38;2;192;202;245;48;2;40;52;87mPull the dev branch everywhere[0m[0m[48;2;40;52;87m          [0m [38;2;115;121;162m│[0m                                                             [38;2;59;65;97m│[0m   
   [38;2;59;65;97m│[0m                                                  [38;2;115;121;162m│[0m   Pull the dev branch across                                [38;2;59;65;97m│[0m   
   [38;2;59;65;97m│[0m   [38;2;125;207;255m  [0m[1;38;2;224;175;104m2.[0m [1;38;2;224;175;104mstaging[0m                                   [38;2;115;121;162m│[0m   all configured repos.                                     [38;2;59;65;97m│[0m   
   [38;2;59;65;97m│[0m         [38;2;192;202;245mPull the staging branch everywhere[0m       [38;2;115;121;162m│[0m                                                             [38;2;59;65;97m│[0m   
   [38;2;59;65;97m│[0m                                                  [38;2;115;121;162m│[0m   Repos without the branch are                              [38;2;59;65;97m│[0m   
   [38;2;59;65;97m│[0m   [38;2;125;207;255m  [0m[1;38;2;224;175;104m3.[0m [1;38;2;247;118;142mmain[0m                                      [38;2;115;121;162m│[0m   skipped rather than failed.                               [38;2;59;65;97m│[0m   
   [38;2;59;65;97m│[0m         [38;2;192;202;245mPull each repo's default branch[0m          [38;2;115;121;162m│[0m                                                             [38;2;59;65;97m│[0m   
   [38;2;59;65;97m│[0m                                                  [38;2;115;121;162m│[0m                                                             [38;2;59;65;97m│[0m   
   [38;2;59;65;97m│[0m                                                                                                                [38;2;59;65;97m│[0m   
   [38;2;59;65;97m╰────────────────────────────────────────────────────────────────────────────────────────────────────────────────╯[0m   
                                                                                                                        
                                                                                                                        
                                                                                                                        
                                                                                                                        
                                                                                                                        
                                                                                                                        
                                                                                                                        
                                                                                                                        
                                                                                                                        
                                                                                                                        
                                                                                                                        
                                                                                                                        
   [38;2;59;65;97m──────────────────────────────────────────────────────────────────────────────────────────────────────────────────[0m   
    [1;38;2;224;175;104m1-3[0m [38;2;115;121;162mSelect[0m  [1;38;2;192;202;245m↑↓[0m [38;2;115;121;162mNavigate[0m  [1;38;2;158;206;105mEnter[0m [38;2;115;121;162mPull[0m  [1;38;2;224;175;104mEsc[0m [38;2;115;121;162mBack[0m  [1;38;2;115;121;162m?[0m [38;2;115;121;162mHelp[0m  [1;38;2;115;121;162m[ ][0m [38;2;115;121;162mTabs[0m  [1;38;2;115;121;162mF[0m [38;2;115;121;162mFullscreen[0m                                       
