=== normal ===
                                    [38;2;0;255;255m ____   ____   _____  _       ___  __        __[0m                                     
                                    [38;2;0;255;255m|  _ \ |  _ \ |  ___|| |     / _ \ \ \      / /[0m                                     
                                    [38;2;0;255;255m| |_) || |_) || |_   | |    | | | | \ \ /\ / / [0m                                     
                                    [38;2;0;255;255m|  __/ |  _ < |  _|  | |___ | |_| |  \ V  V /  [0m                                     
                                    [38;2;0;255;255m|_|    |_| \_\|_|    |_____| \___/    \_/\_/   [0m                                     
                                [48;2;0;255;255m [0m[1;38;2;0;0;0;48;2;0;255;255mSingle[0m[48;2;0;255;255m [0m[38;2;108;108;108m│[0m [38;2;255;0;255mBatch[0m [38;2;108;108;108m│[0m [38;2;255;255;0mRelease PRs[0m [38;2;108;108;108m│[0m [38;2;85;85;255mAll Open PRs[0m [38;2;108;108;108m│[0m [38;2;255;165;0mActions[0m                                  
   [38;2;170;85;255m╭────────────────────────────────────────────────────────────────────────────────────────────────────────────────╮[0m   
   [38;2;170;85;255m│[0m                                                                                                                [38;2;170;85;255m│[0m   
   [38;2;170;85;255m│[0m  [1;38;2;0;255;255m ⚙  Settings [0m                                                                                                 [38;2;170;85;255m│[0m   
   [38;2;170;85;255m│[0m                                                                                                                [38;2;170;85;255m│[0m   
   [38;2;170;85;255m│[0m      [38;2;0;255;0mRepo directory:[0m  [1;38;2;255;255;255msome.person[0m[38;2;0;255;255m█[0m                                                                             [38;2;170;85;255m│[0m   
   [38;2;170;85;255m│[0m           [38;2;108;108;108mEnter a path, then Enter to save (~ is expanded)[0m                                                     [38;2;170;85;255m│[0m   
   [38;2;170;85;255m│[0m                                                                                                                [38;2;170;85;255m│[0m   
   [38;2;170;85;255m│[0m      [38;2;108;108;108mTicket pattern:[0m  [38;2;108;108;108m[A-Z][A-Z0-9]+-[0-9]+[0m                                                                    [38;2;170;85;255m│[0m   
   [38;2;170;85;255m│[0m           [38;2;108;108;108mRegex for pulling ticket IDs out of commits[0m                                                          [38;2;170;85;255m│[0m   
   [38;2;170;85;255m│[0m                                                                                                                [38;2;170;85;255m│[0m   
   [38;2;170;85;255m│[0m      [38;2;108;108;108mLinear org:[0m  [38;2;108;108;108mnot set[0m                                                                                      [38;2;170;85;255m│[0m   
   [38;2;170;85;255m│[0m           [38;2;108;108;108mWorkspace slug used to build ticket links[0m                                                            [38;2;170;85;255m│[0m   
   [38;2;170;85;255m│[0m                                                                                                                [38;2;170;85;255m│[0m   
   [38;2;170;85;255m│[0m      [38;2;108;108;108mRelease steps:[0m  [38;2;108;108;108mdev → staging → main[38;2;108;108;108m  ›[0m[0m                                                                   [38;2;170;85;255m│[0m   
   [38;2;170;85;255m│[0m           [38;2;108;108;108mThe chain of PRs a release moves through[0m                                                             [38;2;170;85;255m│[0m   
   [38;2;170;85;255m│[0m                                                                                                                [38;2;170;85;255m│[0m   
   [38;2;170;85;255m│[0m      [38;2;108;108;108mRepo globs:[0m  [38;2;108;108;108m2 patterns[38;2;108;108;108m  ›[0m[0m                                                                                [38;2;170;85;255m│[0m   
   [38;2;170;85;255m│[0m           [38;2;108;108;108mPatterns searched under the repo directory[0m                                                           [38;2;170;85;255m│[0m   
   [38;2;170;85;255m│[0m                                                                                                                [38;2;170;85;255m│[0m   
   [38;2;170;85;255m│[0m      [38;2;108;108;108mExplicit repos:[0m  [38;2;108;108;108mnone[38;2;108;108;108m  ›[0m[0m                                                                                  [38;2;170;85;255m│[0m   
   [38;2;170;85;255m│[0m           [38;2;108;108;108mRepositories outside the repo directory[0m                                                              [38;2;170;85;255m│[0m   
   [38;2;170;85;255m│[0m                                                                                                                [38;2;170;85;255m│[0m   
   [38;2;170;85;255m│[0m  [38;2;108;108;108m      ↓ 6 more below[0m                                                                                          [38;2;170;85;255m│[0m   
   [38;2;170;85;255m│[0m                                                                                                                [38;2;170;85;255m│[0m   
   [38;2;170;85;255m╰────────────────────────────────────────────────────────────────────────────────────────────────────────────────╯[0m   
                                                                                                                        
                                           [38;2;108;108;108m╭────────────────────────────────╮[0m                                           
                                           [38;2;108;108;108m│[0m [1;38;2;0;255;0mEnter[0m [38;2;255;255;255mSave[0m  [1;38;2;255;255;0mEsc[0m [38;2;255;255;255mCancel[0m         [38;2;108;108;108m│[0m                                           
                                           [38;2;108;108;108m│[0m [38;2;108;108;108mVersion: 1.2.3  •  gh: someone[0m [38;2;108;108;108m│[0m                                           
                                           [38;2;108;108;108m╰────────────────────────────────╯[0m                                           
                                                                                                                        
                                                                                                                        
                                                                                                                        
                                                                                                                        
=== fullscreen ===
   [38;2;170;85;255m╭────────────────────────────────────────────────────────────────────────────────────────────────────────────────╮[0m   
   [38;2;170;85;255m│[0m                                                                                                                [38;2;170;85;255m│[0m   
   [38;2;170;85;255m│[0m  [1;38;2;0;255;255m ⚙  Settings [0m                                                                                                 [38;2;170;85;255m│[0m   
   [38;2;170;85;255m│[0m                                                                                                                [38;2;170;85;255m│[0m   
   [38;2;170;85;255m│[0m      [38;2;0;255;0mRepo directory:[0m  [1;38;2;255;255;255msome.person[0m[38;2;0;255;255m█[0m                                                                             [38;2;170;85;255m│[0m   
   [38;2;170;85;255m│[0m           [38;2;108;108;108mEnter a path, then Enter to save (~ is expanded)[0m                                                     [38;2;170;85;255m│[0m   
   [38;2;170;85;255m│[0m                                                                                                                [38;2;170;85;255m│[0m   
   [38;2;170;85;255m│[0m      [38;2;108;108;108mTicket pattern:[0m  [38;2;108;108;108m[A-Z][A-Z0-9]+-[0-9]+[0m                                                                    [38;2;170;85;255m│[0m   
   [38;2;170;85;255m│[0m           [38;2;108;108;108mRegex for pulling ticket IDs out of commits[0m                                                          [38;2;170;85;255m│[0m   
   [38;2;170;85;255m│[0m                                                                                                                [38;2;170;85;255m│[0m   
   [38;2;170;85;255m│[0m      [38;2;108;108;108mLinear org:[0m  [38;2;108;108;108mnot set[0m                                                                                      [38;2;170;85;255m│[0m   
   [38;2;170;85;255m│[0m           [38;2;108;108;108mWorkspace slug used to build ticket links[0m                                                            [38;2;170;85;255m│[0m   
   [38;2;170;85;255m│[0m                                                                                                                [38;2;170;85;255m│[0m   
   [38;2;170;85;255m│[0m      [38;2;108;108;108mRelease steps:[0m  [38;2;108;108;108mdev → staging → main[38;2;108;108;108m  ›[0m[0m                                                                   [38;2;170;85;255m│[0m   
   [38;2;170;85;255m│[0m           [38;2;108;108;108mThe chain of PRs a release moves through[0m                                                             [38;2;170;85;255m│[0m   
   [38;2;170;85;255m│[0m                                                                                                                [38;2;170;85;255m│[0m   
   [38;2;170;85;255m│[0m      [38;2;108;108;108mRepo globs:[0m  [38;2;108;108;108m2 patterns[38;2;108;108;108m  ›[0m[0m                                                                                [38;2;170;85;255m│[0m   
   [38;2;170;85;255m│[0m           [38;2;108;108;108mPatterns searched under the repo directory[0m                                                           [38;2;170;85;255m│[0m   
   [38;2;170;85;255m│[0m                                                                                                                [38;2;170;85;255m│[0m   
   [38;2;170;85;255m│[0m      [38;2;108;108;108mExplicit repos:[0m  [38;2;108;108;108mnone[38;2;108;108;108m  ›[0m[0m                                                                                  [38;2;170;85;255m│[0m   
   [38;2;170;85;255m│[0m           [38;2;108;108;108mRepositories outside the repo directory[0m                                                              [38;2;170;85;255m│[0m   
   [38;2;170;85;255m│[0m                                                                                                                [38;2;170;85;255m│[0m   
   [38;2;170;85;255m│[0m      [38;2;108;108;108mLeft column:[0m  [38;2;108;108;108mFrontend[38;2;108;108;108m  ›[0m[0m                                                                                 [38;2;170;85;255m│[0m   
   [38;2;170;85;255m│[0m           [38;2;108;108;108mGroups shown in the left-hand column[0m                                                                 [38;2;170;85;255m│[0m   
   [38;2;170;85;255m│[0m                                                                                                                [38;2;170;85;255m│[0m   
   [38;2;170;85;255m│[0m      [38;2;108;108;108mRight column:[0m  [38;2;108;108;108mBackend[38;2;108;108;108m  ›[0m[0m                                                                                 [38;2;170;85;255m│[0m   
   [38;2;170;85;255m│[0m           [38;2;108;108;108mGroups shown in the right-hand column[0m                                                                [38;2;170;85;255m│[0m   
   [38;2;170;85;255m│[0m                                                                                                                [38;2;170;85;255m│[0m   
   [38;2;170;85;255m│[0m      [1;38;2;0;255;0m[ON] [0m  [38;2;108;108;108mQA tagging[0m                                                                                         [38;2;170;85;255m│[0m   
   [38;2;170;85;255m│[0m           [38;2;108;108;108mTag tickets for QA after merging[0m                                                                     [38;2;170;85;255m│[0m   
   [38;2;170;85;255m│[0m                                                                                                                [38;2;170;85;255m│[0m   
   [38;2;170;85;255m│[0m  [38;2;108;108;108m      ↓ 3 more below[0m                                                                                          [38;2;170;85;255m│[0m   
   [38;2;170;85;255m│[0m                                                                                                                [38;2;170;85;255m│[0m   
   [38;2;170;85;255m╰────────────────────────────────────────────────────────────────────────────────────────────────────────────────╯[0m   
                                                                                                                        
                                           [38;2;108;108;108m╭────────────────────────────────╮[0m                                           
                                           [38;2;108;108;108m│[0m [1;38;2;0;255;0mEnter[0m [38;2;255;255;255mSave[0m  [1;38;2;255;255;0mEsc[0m [38;2;255;255;255mCancel[0m         [38;2;108;108;108m│[0m                                           
                                           [38;2;108;108;108m│[0m [38;2;108;108;108mVersion: 1.2.3  •  gh: someone[0m [38;2;108;108;108m│[0m                                           
                                           [38;2;108;108;108m╰────────────────────────────────╯[0m                                           
                                                                                                                        
