=== normal ===
                                    [38;2;125;207;255m ____   ____   _____  _       ___  __        __[0m                                     
                                    [38;2;125;207;255m|  _ \ |  _ \ |  ___|| |     / _ \ \ \      / /[0m                                     
                                    [38;2;125;207;255m| |_) || |_) || |_   | |    | | | | \ \ /\ / / [0m                                     
                                    [38;2;125;207;255m|  __/ |  _ < |  _|  | |___ | |_| |  \ V  V /  [0m                                     
                                    [38;2;125;207;255m|_|    |_| \_\|_|    |_____| \___/    \_/\_/   [0m                                     
                                [48;2;125;207;255m [0m[1;38;2;22;22;30;48;2;125;207;255mSingle[0m[48;2;125;207;255m [0m[38;2;115;121;162m│[0m [38;2;187;154;247mBatch[0m [38;2;115;121;162m│[0m [38;2;224;175;104mRelease PRs[0m [38;2;115;121;162m│[0m [38;2;121;162;247mAll Open PRs[0m [38;2;115;121;162m│[0m [38;2;255;158;100mActions[0m                                  
   [38;2;59;65;97m╭────────────────────────────────────────────────────────────────────────────────────────────────────────────────╮[0m   
   [38;2;59;65;97m│[0m                                                                                                                [38;2;59;65;97m│[0m   
   [38;2;59;65;97m│[0m  [1;38;2;125;207;255m Settings [0m                                                                                                    [38;2;59;65;97m│[0m   
   [38;2;59;65;97m│[0m                                                                                                                [38;2;59;65;97m│[0m   
   [38;2;59;65;97m│[0m    ▶ [38;2;158;206;105mRepo directory:[0m  [38;2;125;207;255m/tmp/prflow-golden[0m                                                                       [38;2;59;65;97m│[0m   
   [38;2;59;65;97m│[0m           [38;2;115;121;162mWhere to look for repositories[0m                                                                       [38;2;59;65;97m│[0m   
   [38;2;59;65;97m│[0m                                                                                                                [38;2;59;65;97m│[0m   
   [38;2;59;65;97m│[0m      [38;2;115;121;162mTicket pattern:[0m  [38;2;115;121;162m[A-Z][A-Z0-9]+-[0-9]+[0m                                                                    [38;2;59;65;97m│[0m   
   [38;2;59;65;97m│[0m           [38;2;115;121;162mRegex for pulling ticket IDs out of commits[0m                                                          [38;2;59;65;97m│[0m   
   [38;2;59;65;97m│[0m                                                                                                                [38;2;59;65;97m│[0m   
   [38;2;59;65;97m│[0m      [38;2;115;121;162mLinear org:[0m  [38;2;115;121;162mnot set[0m                                                                                      [38;2;59;65;97m│[0m   
   [38;2;59;65;97m│[0m           [38;2;115;121;162mWorkspace slug used to build ticket links[0m                                                            [38;2;59;65;97m│[0m   
   [38;2;59;65;97m│[0m                                                                                                                [38;2;59;65;97m│[0m   
   [38;2;59;65;97m│[0m      [38;2;115;121;162mRelease steps:[0m  [38;2;115;121;162mdev → staging → main[38;2;115;121;162m  ›[0m[0m                                                                   [38;2;59;65;97m│[0m   
   [38;2;59;65;97m│[0m           [38;2;115;121;162mThe chain of PRs a release moves through[0m                                                             [38;2;59;65;97m│[0m   
   [38;2;59;65;97m│[0m                                                                                                                [38;2;59;65;97m│[0m   
   [38;2;59;65;97m│[0m      [38;2;115;121;162mRepo globs:[0m  [38;2;115;121;162m2 patterns[38;2;115;121;162m  ›[0m[0m                                                                                [38;2;59;65;97m│[0m   
   [38;2;59;65;97m│[0m           [38;2;115;121;162mPatterns searched under the repo directory[0m                                                           [38;2;59;65;97m│[0m   
   [38;2;59;65;97m│[0m                                                                                                                [38;2;59;65;97m│[0m   
   [38;2;59;65;97m│[0m      [38;2;115;121;162mExplicit repos:[0m  [38;2;115;121;162mnone[38;2;115;121;162m  ›[0m[0m                                                                                  [38;2;59;65;97m│[0m   
   [38;2;59;65;97m│[0m           [38;2;115;121;162mRepositories outside the repo directory[0m                                                              [38;2;59;65;97m│[0m   
   [38;2;59;65;97m│[0m                                                                                                                [38;2;59;65;97m│[0m   
   [38;2;59;65;97m│[0m  [38;2;115;121;162m      ↓ 6 more below[0m                                                                                          [38;2;59;65;97m│[0m   
   [38;2;59;65;97m│[0m                                                                                                                [38;2;59;65;97m│[0m   
   [38;2;59;65;97m╰────────────────────────────────────────────────────────────────────────────────────────────────────────────────╯[0m   
                                                                                                                        
                     [38;2;115;121;162m╭───────────────────────────────────────────────────────────────────────────╮[0m                      
                     [38;2;115;121;162m│[0m [1;38;2;192;202;245m↑↓[0m [38;2;192;202;245mNavigate[0m  [1;38;2;158;206;105mEnter[0m [38;2;192;202;245mEdit / toggle[0m  [1;38;2;224;175;104mEsc[0m [38;2;192;202;245mBack[0m  [1;38;2;115;121;162m?[0m [38;2;192;202;245mHelp[0m  [1;38;2;115;121;162m[ ][0m [38;2;192;202;245mTab[0m  [1;38;2;115;121;162mF[0m [38;2;192;202;245mFullscreen[0m [38;2;115;121;162m│[0m                      
                     [38;2;115;121;162m│[0m [38;2;115;121;162m                     Version: 1.2.3  •  gh: someone                      [0m [38;2;115;121;162m│[0m                      
                     [38;2;115;121;162m╰───────────────────────────────────────────────────────────────────────────╯[0m                      
                                                                                                                        
                                                                                                                        
                                                                                                                        
                                                                                                                        
=== fullscreen ===
   [38;2;59;65;97m╭────────────────────────────────────────────────────────────────────────────────────────────────────────────────╮[0m   
   [38;2;59;65;97m│[0m                                                                                                                [38;2;59;65;97m│[0m   
   [38;2;59;65;97m│[0m  [1;38;2;125;207;255m Settings [0m                                                                                                    [38;2;59;65;97m│[0m   
   [38;2;59;65;97m│[0m                                                                                                                [38;2;59;65;97m│[0m   
   [38;2;59;65;97m│[0m    ▶ [38;2;158;206;105mRepo directory:[0m  [38;2;125;207;255m/tmp/prflow-golden[0m                                                                       [38;2;59;65;97m│[0m   
   [38;2;59;65;97m│[0m           [38;2;115;121;162mWhere to look for repositories[0m                                                                       [38;2;59;65;97m│[0m   
   [38;2;59;65;97m│[0m                                                                                                                [38;2;59;65;97m│[0m   
   [38;2;59;65;97m│[0m      [38;2;115;121;162mTicket pattern:[0m  [38;2;115;121;162m[A-Z][A-Z0-9]+-[0-9]+[0m                                                                    [38;2;59;65;97m│[0m   
   [38;2;59;65;97m│[0m           [38;2;115;121;162mRegex for pulling ticket IDs out of commits[0m                                                          [38;2;59;65;97m│[0m   
   [38;2;59;65;97m│[0m                                                                                                                [38;2;59;65;97m│[0m   
   [38;2;59;65;97m│[0m      [38;2;115;121;162mLinear org:[0m  [38;2;115;121;162mnot set[0m                                                                                      [38;2;59;65;97m│[0m   
   [38;2;59;65;97m│[0m           [38;2;115;121;162mWorkspace slug used to build ticket links[0m                                                            [38;2;59;65;97m│[0m   
   [38;2;59;65;97m│[0m                                                                                                                [38;2;59;65;97m│[0m   
   [38;2;59;65;97m│[0m      [38;2;115;121;162mRelease steps:[0m  [38;2;115;121;162mdev → staging → main[38;2;115;121;162m  ›[0m[0m                                                                   [38;2;59;65;97m│[0m   
   [38;2;59;65;97m│[0m           [38;2;115;121;162mThe chain of PRs a release moves through[0m                                                             [38;2;59;65;97m│[0m   
   [38;2;59;65;97m│[0m                                                                                                                [38;2;59;65;97m│[0m   
   [38;2;59;65;97m│[0m      [38;2;115;121;162mRepo globs:[0m  [38;2;115;121;162m2 patterns[38;2;115;121;162m  ›[0m[0m                                                                                [38;2;59;65;97m│[0m   
   [38;2;59;65;97m│[0m           [38;2;115;121;162mPatterns searched under the repo directory[0m                                                           [38;2;59;65;97m│[0m   
   [38;2;59;65;97m│[0m                                                                                                                [38;2;59;65;97m│[0m   
   [38;2;59;65;97m│[0m      [38;2;115;121;162mExplicit repos:[0m  [38;2;115;121;162mnone[38;2;115;121;162m  ›[0m[0m                                                                                  [38;2;59;65;97m│[0m   
   [38;2;59;65;97m│[0m           [38;2;115;121;162mRepositories outside the repo directory[0m                                                              [38;2;59;65;97m│[0m   
   [38;2;59;65;97m│[0m                                                                                                                [38;2;59;65;97m│[0m   
   [38;2;59;65;97m│[0m      [38;2;115;121;162mLeft column:[0m  [38;2;115;121;162mFrontend[38;2;115;121;162m  ›[0m[0m                                                                                 [38;2;59;65;97m│[0m   
   [38;2;59;65;97m│[0m           [38;2;115;121;162mGroups shown in the left-hand column[0m                                                                 [38;2;59;65;97m│[0m   
   [38;2;59;65;97m│[0m                                                                                                                [38;2;59;65;97m│[0m   
   [38;2;59;65;97m│[0m      [38;2;115;121;162mRight column:[0m  [38;2;115;121;162mBackend[38;2;115;121;162m  ›[0m[0m                                                                                 [38;2;59;65;97m│[0m   
   [38;2;59;65;97m│[0m           [38;2;115;121;162mGroups shown in the right-hand column[0m                                                                [38;2;59;65;97m│[0m   
   [38;2;59;65;97m│[0m                                                                                                                [38;2;59;65;97m│[0m   
   [38;2;59;65;97m│[0m      [1;38;2;158;206;105m[ON] [0m  [38;2;115;121;162mQA tagging[0m                                                                                         [38;2;59;65;97m│[0m   
   [38;2;59;65;97m│[0m           [38;2;115;121;162mTag tickets for QA after merging[0m                                                                     [38;2;59;65;97m│[0m   
   [38;2;59;65;97m│[0m                                                                                                                [38;2;59;65;97m│[0m   
   [38;2;59;65;97m│[0m  [38;2;115;121;162m      ↓ 3 more below[0m                                                                                          [38;2;59;65;97m│[0m   
   [38;2;59;65;97m│[0m                                                                                                                [38;2;59;65;97m│[0m   
   [38;2;59;65;97m╰────────────────────────────────────────────────────────────────────────────────────────────────────────────────╯[0m   
                                                                                                                        
                     [38;2;115;121;162m╭───────────────────────────────────────────────────────────────────────────╮[0m                      
                     [38;2;115;121;162m│[0m [1;38;2;192;202;245m↑↓[0m [38;2;192;202;245mNavigate[0m  [1;38;2;158;206;105mEnter[0m [38;2;192;202;245mEdit / toggle[0m  [1;38;2;224;175;104mEsc[0m [38;2;192;202;245mBack[0m  [1;38;2;115;121;162m?[0m [38;2;192;202;245mHelp[0m  [1;38;2;115;121;162m[ ][0m [38;2;192;202;245mTab[0m  [1;38;2;115;121;162mF[0m [38;2;192;202;245mFullscreen[0m [38;2;115;121;162m│[0m                      
                     [38;2;115;121;162m│[0m [38;2;115;121;162m                     Version: 1.2.3  •  gh: someone                      [0m [38;2;115;121;162m│[0m                      
                     [38;2;115;121;162m╰───────────────────────────────────────────────────────────────────────────╯[0m                      
                                                                                                                        
