=== normal ===
   [1;38;2;187;154;247m◆[0m [1;38;2;192;202;245mprflow[0m   [38;2;115;121;162mHome[0m  [38;2;115;121;162mAll Open PRs[0m  [38;2;115;121;162mActions[0m                                                        [38;2;115;121;162mgh: someone · v1.2.3[0m   
   [38;2;59;65;97m──────────────────────────────────────────────────────────────────────────────────────────────────────────────────[0m   
   [38;2;59;65;97m╭────────────────────────────────────────────────────────────────────────────────────────────────────────────────╮[0m   
   [38;2;59;65;97m│[0m                                                                                                                [38;2;59;65;97m│[0m   
   [38;2;59;65;97m│[0m  [1;38;2;125;207;255m Settings [0m                                                                                                    [38;2;59;65;97m│[0m   
   [38;2;59;65;97m│[0m                                                                                                                [38;2;59;65;97m│[0m   
   [38;2;59;65;97m│[0m      [38;2;115;121;162mRepo directory:[0m  [38;2;115;121;162m/tmp/prflow-golden[0m                                                                       [38;2;59;65;97m│[0m   
   [38;2;59;65;97m│[0m           [38;2;115;121;162mWhere to look for repositories[0m                                                                       [38;2;59;65;97m│[0m   
   [38;2;59;65;97m│[0m                                                                                                                [38;2;59;65;97m│[0m   
   [38;2;59;65;97m│[0m      [38;2;115;121;162mTicket pattern:[0m  [38;2;115;121;162m[A-Z][A-Z0-9]+-[0-9]+[0m                                                                    [38;2;59;65;97m│[0m   
   [38;2;59;65;97m│[0m           [38;2;115;121;162mRegex for pulling ticket IDs out of commits[0m                                                          [38;2;59;65;97m│[0m   
   [38;2;59;65;97m│[0m                                                                                                                [38;2;59;65;97m│[0m   
   [38;2;59;65;97m│[0m      [38;2;115;121;162mLinear org:[0m  [38;2;115;121;162mnot set[0m                                                                                      [38;2;59;65;97m│[0m   
   [38;2;59;65;97m│[0m           [38;2;115;121;162mWorkspace slug used to build ticket links[0m                                                            [38;2;59;65;97m│[0m   
   [38;2;59;65;97m│[0m                                                                                                                [38;2;59;65;97m│[0m   
   [38;2;59;65;97m│[0m    ▶ [1;38;2;158;206;105m[ON] [0m  [38;2;158;206;105mTrunk-based[0m                                                                                        [38;2;59;65;97m│[0m   
   [38;2;59;65;97m│[0m           [38;2;115;121;162mWork on the default branch; hides the release-chain screens[0m                                          [38;2;59;65;97m│[0m   
   [38;2;59;65;97m│[0m                                                                                                                [38;2;59;65;97m│[0m   
   [38;2;59;65;97m│[0m      [38;2;115;121;162mRelease steps:[0m  [38;2;115;121;162mdev → staging → main (unused: trunk-based)[38;2;115;121;162m  ›[0m[0m                                             [38;2;59;65;97m│[0m   
   [38;2;59;65;97m│[0m           [38;2;115;121;162mThe chain of PRs a release moves through[0m                                                             [38;2;59;65;97m│[0m   
   [38;2;59;65;97m│[0m                                                                                                                [38;2;59;65;97m│[0m   
   [38;2;59;65;97m│[0m      [38;2;115;121;162mRepo globs:[0m  [38;2;115;121;162m2 patterns[38;2;115;121;162m  ›[0m[0m                                                                                [38;2;59;65;97m│[0m   
   [38;2;59;65;97m│[0m           [38;2;115;121;162mPatterns searched under the repo directory[0m                                                           [38;2;59;65;97m│[0m   
   [38;2;59;65;97m│[0m                                                                                                                [38;2;59;65;97m│[0m   
   [38;2;59;65;97m│[0m      [38;2;115;121;162mExplicit repos:[0m  [38;2;115;121;162mnone[38;2;115;121;162m  ›[0m[0m                                                                                  [38;2;59;65;97m│[0m   
   [38;2;59;65;97m│[0m           [38;2;115;121;162mRepositories outside the repo directory[0m                                                              [38;2;59;65;97m│[0m   
   [38;2;59;65;97m│[0m                                                                                                                [38;2;59;65;97m│[0m   
   [38;2;59;65;97m│[0m      [38;2;115;121;162mLeft column:[0m  [38;2;115;121;162mFrontend[38;2;115;121;162m  ›[0m[0m                                                                                 [38;2;59;65;97m│[0m   
   [38;2;59;65;97m│[0m           [38;2;115;121;162mGroups shown in the left-hand column[0m                                                                 [38;2;59;65;97m│[0m   
   [38;2;59;65;97m│[0m                                                                                                                [38;2;59;65;97m│[0m   
   [38;2;59;65;97m│[0m      [38;2;115;121;162mRight column:[0m  [38;2;115;121;162mBackend[38;2;115;121;162m  ›[0m[0m                                                                                 [38;2;59;65;97m│[0m   
   [38;2;59;65;97m│[0m           [38;2;115;121;162mGroups shown in the right-hand column[0m                                                                [38;2;59;65;97m│[0m   
   [38;2;59;65;97m│[0m                                                                                                                [38;2;59;65;97m│[0m   
   [38;2;59;65;97m│[0m  [38;2;115;121;162m      ↓ 4 more below[0m                                                                                          [38;2;59;65;97m│[0m   
   [38;2;59;65;97m│[0m                                                                                                                [38;2;59;65;97m│[0m   
   [38;2;59;65;97m╰────────────────────────────────────────────────────────────────────────────────────────────────────────────────╯[0m   
                                                                                                                        
                                                                                                                        
   [38;2;59;65;97m──────────────────────────────────────────────────────────────────────────────────────────────────────────────────[0m   
    [1;38;2;192;202;245m↑↓[0m [38;2;115;121;162mNavigate[0m  [1;38;2;158;206;105mEnter[0m [38;2;115;121;162mEdit / toggle[0m  [1;38;2;224;175;104mEsc[0m [38;2;115;121;162mBack[0m  [1;38;2;115;121;162m?[0m [38;2;115;121;162mHelp[0m  [1;38;2;115;121;162m[ ][0m [38;2;115;121;162mTabs[0m  [1;38;2;115;121;162mF[0m [38;2;115;121;162mFullscreen[0m                                          
=== fullscreen ===
                                                                                                                        
   [38;2;59;65;97m╭────────────────────────────────────────────────────────────────────────────────────────────────────────────────╮[0m   
   [38;2;59;65;97m│[0m                                                                                                                [38;2;59;65;97m│[0m   
   [38;2;59;65;97m│[0m  [1;38;2;125;207;255m Settings [0m                                                                                                    [38;2;59;65;97m│[0m   
   [38;2;59;65;97m│[0m                                                                                                                [38;2;59;65;97m│[0m   
   [38;2;59;65;97m│[0m      [38;2;115;121;162mRepo directory:[0m  [38;2;115;121;162m/tmp/prflow-golden[0m                                                                       [38;2;59;65;97m│[0m   
   [38;2;59;65;97m│[0m           [38;2;115;121;162mWhere to look for repositories[0m                                                                       [38;2;59;65;97m│[0m   
   [38;2;59;65;97m│[0m                                                                                                                [38;2;59;65;97m│[0m   
   [38;2;59;65;97m│[0m      [38;2;115;121;162mTicket pattern:[0m  [38;2;115;121;162m[A-Z][A-Z0-9]+-[0-9]+[0m                                                                    [38;2;59;65;97m│[0m   
   [38;2;59;65;97m│[0m           [38;2;115;121;162mRegex for pulling ticket IDs out of commits[0m                                                          [38;2;59;65;97m│[0m   
   [38;2;59;65;97m│[0m                                                                                                                [38;2;59;65;97m│[0m   
   [38;2;59;65;97m│[0m      [38;2;115;121;162mLinear org:[0m  [38;2;115;121;162mnot set[0m                                                                                      [38;2;59;65;97m│[0m   
   [38;2;59;65;97m│[0m           [38;2;115;121;162mWorkspace slug used to build ticket links[0m                                                            [38;2;59;65;97m│[0m   
   [38;2;59;65;97m│[0m                                                                                                                [38;2;59;65;97m│[0m   
   [38;2;59;65;97m│[0m    ▶ [1;38;2;158;206;105m[ON] [0m  [38;2;158;206;105mTrunk-based[0m                                                                                        [38;2;59;65;97m│[0m   
   [38;2;59;65;97m│[0m           [38;2;115;121;162mWork on the default branch; hides the release-chain screens[0m                                          [38;2;59;65;97m│[0m   
   [38;2;59;65;97m│[0m                                                                                                                [38;2;59;65;97m│[0m   
   [38;2;59;65;97m│[0m      [38;2;115;121;162mRelease steps:[0m  [38;2;115;121;162mdev → staging → main (unused: trunk-based)[38;2;115;121;162m  ›[0m[0m                                             [38;2;59;65;97m│[0m   
   [38;2;59;65;97m│[0m           [38;2;115;121;162mThe chain of PRs a release moves through[0m                                                             [38;2;59;65;97m│[0m   
   [38;2;59;65;97m│[0m                                                                                                                [38;2;59;65;97m│[0m   
   [38;2;59;65;97m│[0m      [38;2;115;121;162mRepo globs:[0m  [38;2;115;121;162m2 patterns[38;2;115;121;162m  ›[0m[0m                                                                                [38;2;59;65;97m│[0m   
   [38;2;59;65;97m│[0m           [38;2;115;121;162mPatterns searched under the repo directory[0m                                                           [38;2;59;65;97m│[0m   
   [38;2;59;65;97m│[0m                                                                                                                [38;2;59;65;97m│[0m   
   [38;2;59;65;97m│[0m      [38;2;115;121;162mExplicit repos:[0m  [38;2;115;121;162mnone[38;2;115;121;162m  ›[0m[0m                                                                                  [38;2;59;65;97m│[0m   
   [38;2;59;65;97m│[0m           [38;2;115;121;162mRepositories outside the repo directory[0m                                                              [38;2;59;65;97m│[0m   
   [38;2;59;65;97m│[0m                                                                                                                [38;2;59;65;97m│[0m   
   [38;2;59;65;97m│[0m      [38;2;115;121;162mLeft column:[0m  [38;2;115;121;162mFrontend[38;2;115;121;162m  ›[0m[0m                                                                                 [38;2;59;65;97m│[0m   
   [38;2;59;65;97m│[0m           [38;2;115;121;162mGroups shown in the left-hand column[0m                                                                 [38;2;59;65;97m│[0m   
   [38;2;59;65;97m│[0m                                                                                                                [38;2;59;65;97m│[0m   
   [38;2;59;65;97m│[0m      [38;2;115;121;162mRight column:[0m  [38;2;115;121;162mBackend[38;2;115;121;162m  ›[0m[0m                                                                                 [38;2;59;65;97m│[0m   
   [38;2;59;65;97m│[0m           [38;2;115;121;162mGroups shown in the right-hand column[0m                                                                [38;2;59;65;97m│[0m   
   [38;2;59;65;97m│[0m                                                                                                                [38;2;59;65;97m│[0m   
   [38;2;59;65;97m│[0m  [38;2;115;121;162m      ↓ 4 more below[0m                                                                                          [38;2;59;65;97m│[0m   
   [38;2;59;65;97m│[0m                                                                                                                [38;2;59;65;97m│[0m   
   [38;2;59;65;97m╰────────────────────────────────────────────────────────────────────────────────────────────────────────────────╯[0m   
                                                                                                                        
                                                                                                                        
                                                                                                                        
   [38;2;59;65;97m──────────────────────────────────────────────────────────────────────────────────────────────────────────────────[0m   
    [1;38;2;192;202;245m↑↓[0m [38;2;115;121;162mNavigate[0m  [1;38;2;158;206;105mEnter[0m [38;2;115;121;162mEdit / toggle[0m  [1;38;2;224;175;104mEsc[0m [38;2;115;121;162mBack[0m  [1;38;2;115;121;162m?[0m [38;2;115;121;162mHelp[0m  [1;38;2;115;121;162m[ ][0m [38;2;115;121;162mTabs[0m  [1;38;2;115;121;162mF[0m [38;2;115;121;162mFullscreen[0m                                          
