=== normal ===
   [1;38;2;187;154;247m◆[0m [1;38;2;192;202;245mprflow[0m  [48;2;125;207;255m [0m[1;38;2;22;22;30;48;2;125;207;255mSingle[0m[48;2;125;207;255m [0m [38;2;115;121;162mBatch[0m  [38;2;115;121;162mRelease PRs[0m  [38;2;115;121;162mAll Open PRs[0m  [38;2;115;121;162mActions[0m                                  [38;2;115;121;162mgh: someone · v1.2.3[0m   
   [38;2;59;65;97m──────────────────────────────────────────────────────────────────────────────────────────────────────────────────[0m   
                                                                                                                        
                                                                                                                        
                                                                                                                        
                                                                                                                        
                                                                                                                        
                                                                                                                        
                                                                                                                        
                                                                                                                        
                                                                                                                        
                                                                                                                        
   [38;2;59;65;97m╭────────────────────────────────────────────────────────────────────────────────────────────────────────────────╮[0m   
   [38;2;59;65;97m│[0m                                                                                                                [38;2;59;65;97m│[0m   
   [38;2;59;65;97m│[0m                                                                                                                [38;2;59;65;97m│[0m   
   [38;2;59;65;97m│[0m  [38;2;125;207;255m  ─── [0m[1;38;2;125;207;255mUpdate Available![0m[38;2;125;207;255m ────────[0m                                                                              [38;2;59;65;97m│[0m   
   [38;2;59;65;97m│[0m                                                                                                                [38;2;59;65;97m│[0m   
   [38;2;59;65;97m│[0m     Current version: [38;2;224;175;104mv1.2.3[0m                                                                                    [38;2;59;65;97m│[0m   
   [38;2;59;65;97m│[0m     New version:     [1;38;2;158;206;105m1.3.0[0m                                                                                     [38;2;59;65;97m│[0m   
   [38;2;59;65;97m│[0m                                                                                                                [38;2;59;65;97m│[0m   
   [38;2;59;65;97m│[0m     What would you like to do?                                                                                 [38;2;59;65;97m│[0m   
   [38;2;59;65;97m│[0m                                                                                                                [38;2;59;65;97m│[0m   
   [38;2;59;65;97m│[0m     [48;2;158;206;105m [0m[1;38;2;22;22;30;48;2;158;206;105m[y] Update now[0m[48;2;158;206;105m [0m    [38;2;224;175;104m[n] Skip for now[0m     [38;2;247;118;142m[s] Skip this version[0m                                             [38;2;59;65;97m│[0m   
   [38;2;59;65;97m│[0m                                                                                                                [38;2;59;65;97m│[0m   
   [38;2;59;65;97m│[0m                                                                                                                [38;2;59;65;97m│[0m   
   [38;2;59;65;97m╰────────────────────────────────────────────────────────────────────────────────────────────────────────────────╯[0m   
                                                                                                                        
                                                                                                                        
                                                                                                                        
                                                                                                                        
                                                                                                                        
                                                                                                                        
                                                                                                                        
                                                                                                                        
                                                                                                                        
                                                                                                                        
                                                                                                                        
                                                                                                                        
   [38;2;59;65;97m──────────────────────────────────────────────────────────────────────────────────────────────────────────────────[0m   
    [1;38;2;192;202;245m←→[0m [38;2;115;121;162mSelect[0m  [1;38;2;158;206;105my[0m [38;2;115;121;162mUpdate[0m  [1;38;2;224;175;104mn[0m [38;2;115;121;162mSkip[0m  [1;38;2;247;118;142ms[0m [38;2;115;121;162mSkip version[0m  [1;38;2;158;206;105mEnter[0m [38;2;115;121;162mConfirm[0m  [1;38;2;115;121;162m?[0m [38;2;115;121;162mHelp[0m  [1;38;2;115;121;162m[ ][0m [38;2;115;121;162mTabs[0m  [1;38;2;115;121;162mF[0m [38;2;115;121;162mFullscreen[0m                          
=== fullscreen ===
                                                                                                                        
                                                                                                                        
                                                                                                                        
                                                                                                                        
                                                                                                                        
                                                                                                                        
                                                                                                                        
                                                                                                                        
                                                                                                                        
                                                                                                                        
                                                                                                                        
   [38;2;59;65;97m╭────────────────────────────────────────────────────────────────────────────────────────────────────────────────╮[0m   
   [38;2;59;65;97m│[0m                                                                                                                [38;2;59;65;97m│[0m   
   [38;2;59;65;97m│[0m                                                                                                                [38;2;59;65;97m│[0m   
   [38;2;59;65;97m│[0m  [38;2;125;207;255m  ─── [0m[1;38;2;125;207;255mUpdate Available![0m[38;2;125;207;255m ────────[0m                                                                              [38;2;59;65;97m│[0m   
   [38;2;59;65;97m│[0m                                                                                                                [38;2;59;65;97m│[0m   
   [38;2;59;65;97m│[0m     Current version: [38;2;224;175;104mv1.2.3[0m                                                                                    [38;2;59;65;97m│[0m   
   [38;2;59;65;97m│[0m     New version:     [1;38;2;158;206;105m1.3.0[0m                                                                                     [38;2;59;65;97m│[0m   
   [38;2;59;65;97m│[0m                                                                                                                [38;2;59;65;97m│[0m   
   [38;2;59;65;97m│[0m     What would you like to do?                                                                                 [38;2;59;65;97m│[0m   
   [38;2;59;65;97m│[0m                                                                                                                [38;2;59;65;97m│[0m   
   [38;2;59;65;97m│[0m     [48;2;158;206;105m [0m[1;38;2;22;22;30;48;2;158;206;105m[y] Update now[0m[48;2;158;206;105m [0m    [38;2;224;175;104m[n] Skip for now[0m     [38;2;247;118;142m[s] Skip this version[0m                                             [38;2;59;65;97m│[0m   
   [38;2;59;65;97m│[0m                                                                                                                [38;2;59;65;97m│[0m   
   [38;2;59;65;97m│[0m                                                                                                                [38;2;59;65;97m│[0m   
   [38;2;59;65;97m╰────────────────────────────────────────────────────────────────────────────────────────────────────────────────╯[0m   
                                                                                                                        
                                                                                                                        
                                                                                                                        
                                                                                                                        
                                                                                                                        
                                                                                                                        
                                                                                                                        
                                                                                                                        
                                                                                                                        
                                                                                                                        
                                                                                                                        
                                                                                                                        
                                                                                                                        
   [38;2;59;65;97m──────────────────────────────────────────────────────────────────────────────────────────────────────────────────[0m   
    [1;38;2;192;202;245m←→[0m [38;2;115;121;162mSelect[0m  [1;38;2;158;206;105my[0m [38;2;115;121;162mUpdate[0m  [1;38;2;224;175;104mn[0m [38;2;115;121;162mSkip[0m  [1;38;2;247;118;142ms[0m [38;2;115;121;162mSkip version[0m  [1;38;2;158;206;105mEnter[0m [38;2;115;121;162mConfirm[0m  [1;38;2;115;121;162m?[0m [38;2;115;121;162mHelp[0m  [1;38;2;115;121;162m[ ][0m [38;2;115;121;162mTabs[0m  [1;38;2;115;121;162mF[0m [38;2;115;121;162mFullscreen[0m                          
