=== normal ===
   [1;38;2;187;154;247m◆[0m [1;38;2;192;202;245mprflow[0m   [38;2;115;121;162mHome[0m [48;2;125;207;255m [0m[1;38;2;22;22;30;48;2;125;207;255mSingle[0m[48;2;125;207;255m [0m [38;2;115;121;162mBatch[0m  [38;2;115;121;162mRelease PRs[0m  [38;2;115;121;162mAll Open PRs[0m  [38;2;115;121;162mActions[0m                            [38;2;115;121;162mgh: someone · v1.2.3[0m   
   [38;2;59;65;97m──────────────────────────────────────────────────────────────────────────────────────────────────────────────────[0m   
                                                                                                                        
                                                                                                                        
        [38;2;121;162;247m╭──────────────────────────────────────────────────────────────────────────────────────────────────────╮[0m        
        [38;2;121;162;247m│[0m[1;38;2;121;162;247m  All Open PRs [38;2;115;121;162m(2)[0m [0m                                                                                   [38;2;121;162;247m│[0m        
        [38;2;121;162;247m│[0m                                                                     [38;2;115;121;162mCmt     Rev CI  Prev    E2E[0m      [38;2;121;162;247m│[0m        
        [38;2;121;162;247m│[0m[38;2;125;207;255m  Frontend/web-app[0m                                                                                    [38;2;121;162;247m│[0m        
        [38;2;121;162;247m│[0m[48;2;40;52;87m    [1;38;2;125;207;255;48;2;40;52;87m#101[0m   [38;2;192;202;245;48;2;40;52;87mAdd the ⚠ banner[0m                  [38;2;192;202;245;48;2;40;52;87m(dev → main)[0m            [38;2;224;175;104;48;2;40;52;87m4[0m[38;2;247;118;142;48;2;40;52;87m(1)[0m    [38;2;158;206;105m✓[0m   [38;2;158;206;105m✓[0m   [38;2;158;206;105m✓[0m     [38;2;158;206;105;48;2;40;52;87m12/12[0m[0m      [38;2;121;162;247m│[0m        
        [38;2;121;162;247m│[0m                                                                                                      [38;2;121;162;247m│[0m        
        [38;2;121;162;247m│[0m[38;2;125;207;255m  Backend/日本語-サービス[0m                                                                             [38;2;121;162;247m│[0m        
        [38;2;121;162;247m│[0m    [1;38;2;121;162;247m#7[0m     [38;2;192;202;245m日本語 のプルリクエスト[0m           [38;2;115;121;162m(staging → )[0m            [38;2;224;175;104m4[0m[38;2;247;118;142m(1)[0m    [38;2;247;118;142m✗[0m   [38;2;247;118;142m✗[0m   [38;2;224;175;104m⠸[0m      [38;2;247;118;142m3/10[0m      [38;2;121;162;247m│[0m        
        [38;2;121;162;247m│[0m                                                                                                      [38;2;121;162;247m│[0m        
        [38;2;121;162;247m│[0m                                                                                                      [38;2;121;162;247m│[0m        
        [38;2;121;162;247m│[0m                                                                                                      [38;2;121;162;247m│[0m        
        [38;2;121;162;247m│[0m                                                                                                      [38;2;121;162;247m│[0m        
        [38;2;121;162;247m│[0m                                                                                                      [38;2;121;162;247m│[0m        
        [38;2;121;162;247m│[0m                                                                                                      [38;2;121;162;247m│[0m        
        [38;2;121;162;247m│[0m                                                                                                      [38;2;121;162;247m│[0m        
        [38;2;121;162;247m│[0m                                                                                                      [38;2;121;162;247m│[0m        
        [38;2;121;162;247m│[0m                                                                                                      [38;2;121;162;247m│[0m        
        [38;2;121;162;247m│[0m                                                                                                      [38;2;121;162;247m│[0m        
        [38;2;121;162;247m│[0m                                                                                                      [38;2;121;162;247m│[0m        
        [38;2;121;162;247m│[0m                                                                                                      [38;2;121;162;247m│[0m        
        [38;2;121;162;247m│[0m                                                                                                      [38;2;121;162;247m│[0m        
        [38;2;121;162;247m│[0m                                                                                                      [38;2;121;162;247m│[0m        
        [38;2;121;162;247m│[0m                                                                                                      [38;2;121;162;247m│[0m        
        [38;2;121;162;247m│[0m                                                                                                      [38;2;121;162;247m│[0m        
        [38;2;121;162;247m│[0m                                                                                                      [38;2;121;162;247m│[0m        
        [38;2;121;162;247m│[0m                                                                                                      [38;2;121;162;247m│[0m        
        [38;2;121;162;247m│[0m                                                                                                      [38;2;121;162;247m│[0m        
        [38;2;121;162;247m│[0m                                                                                                      [38;2;121;162;247m│[0m        
        [38;2;121;162;247m│[0m                                                                                                      [38;2;121;162;247m│[0m        
        [38;2;121;162;247m│[0m[38;2;115;121;162mCmt N[0m[38;2;115;121;162m total  [0m[38;2;247;118;142m(N)[0m[38;2;115;121;162m unresponded[0m[38;2;115;121;162m  │  [0m[38;2;115;121;162mReview: [0m[38;2;158;206;105m✓[0m[38;2;115;121;162m reviewed  [0m[38;2;224;175;104m⚠[0m[38;2;115;121;162m stale  [0m[38;2;247;118;142m✗[0m[38;2;115;121;162m unresponded  [0m[38;2;224;175;104m○[0m[38;2;115;121;162m pending[0m[38;2;115;121;162m  │  [0m[38;2;115;121;162mCI/Preview [0m[38;2;158;206;105m[0m[38;2;115;121;162m[0m[38;2;247;118;142m[0m[38;2;115;121;162m[0m[38;2;121;162;247m│[0m        
        [38;2;121;162;247m╰──────────────────────────────────────────────────────────────────────────────────────────────────────╯[0m        
                                                                                                                        
                                                                                                                        
                                                                                                                        
   [38;2;59;65;97m──────────────────────────────────────────────────────────────────────────────────────────────────────────────────[0m   
    [1;38;2;158;206;105my[0m [38;2;115;121;162mMerge web-app#101 into main (squash)[0m  [1;38;2;224;175;104mAny key[0m [38;2;115;121;162mCancel[0m                                                              
=== fullscreen ===
                                                                                                                        
        [38;2;121;162;247m╭──────────────────────────────────────────────────────────────────────────────────────────────────────╮[0m        
        [38;2;121;162;247m│[0m[1;38;2;121;162;247m  All Open PRs [38;2;115;121;162m(2)[0m [0m                                                                                   [38;2;121;162;247m│[0m        
        [38;2;121;162;247m│[0m                                                                     [38;2;115;121;162mCmt     Rev CI  Prev    E2E[0m      [38;2;121;162;247m│[0m        
        [38;2;121;162;247m│[0m[38;2;125;207;255m  Frontend/web-app[0m                                                                                    [38;2;121;162;247m│[0m        
        [38;2;121;162;247m│[0m[48;2;40;52;87m    [1;38;2;125;207;255;48;2;40;52;87m#101[0m   [38;2;192;202;245;48;2;40;52;87mAdd the ⚠ banner[0m                  [38;2;192;202;245;48;2;40;52;87m(dev → main)[0m            [38;2;224;175;104;48;2;40;52;87m4[0m[38;2;247;118;142;48;2;40;52;87m(1)[0m    [38;2;158;206;105m✓[0m   [38;2;158;206;105m✓[0m   [38;2;158;206;105m✓[0m     [38;2;158;206;105;48;2;40;52;87m12/12[0m[0m      [38;2;121;162;247m│[0m        
        [38;2;121;162;247m│[0m                                                                                                      [38;2;121;162;247m│[0m        
        [38;2;121;162;247m│[0m[38;2;125;207;255m  Backend/日本語-サービス[0m                                                                             [38;2;121;162;247m│[0m        
        [38;2;121;162;247m│[0m    [1;38;2;121;162;247m#7[0m     [38;2;192;202;245m日本語 のプルリクエスト[0m           [38;2;115;121;162m(staging → )[0m            [38;2;224;175;104m4[0m[38;2;247;118;142m(1)[0m    [38;2;247;118;142m✗[0m   [38;2;247;118;142m✗[0m   [38;2;224;175;104m⠸[0m      [38;2;247;118;142m3/10[0m      [38;2;121;162;247m│[0m        
        [38;2;121;162;247m│[0m                                                                                                      [38;2;121;162;247m│[0m        
        [38;2;121;162;247m│[0m                                                                                                      [38;2;121;162;247m│[0m        
        [38;2;121;162;247m│[0m                                                                                                      [38;2;121;162;247m│[0m        
        [38;2;121;162;247m│[0m                                                                                                      [38;2;121;162;247m│[0m        
        [38;2;121;162;247m│[0m                                                                                                      [38;2;121;162;247m│[0m        
        [38;2;121;162;247m│[0m                                                                                                      [38;2;121;162;247m│[0m        
        [38;2;121;162;247m│[0m                                                                                                      [38;2;121;162;247m│[0m        
        [38;2;121;162;247m│[0m                                                                                                      [38;2;121;162;247m│[0m        
        [38;2;121;162;247m│[0m                                                                                                      [38;2;121;162;247m│[0m        
        [38;2;121;162;247m│[0m                                                                                                      [38;2;121;162;247m│[0m        
        [38;2;121;162;247m│[0m                                                                                                      [38;2;121;162;247m│[0m        
        [38;2;121;162;247m│[0m                                                                                                      [38;2;121;162;247m│[0m        
        [38;2;121;162;247m│[0m                                                                                                      [38;2;121;162;247m│[0m        
        [38;2;121;162;247m│[0m                                                                                                      [38;2;121;162;247m│[0m        
        [38;2;121;162;247m│[0m                                                                                                      [38;2;121;162;247m│[0m        
        [38;2;121;162;247m│[0m                                                                                                      [38;2;121;162;247m│[0m        
        [38;2;121;162;247m│[0m                                                                                                      [38;2;121;162;247m│[0m        
        [38;2;121;162;247m│[0m                                                                                                      [38;2;121;162;247m│[0m        
        [38;2;121;162;247m│[0m                                                                                                      [38;2;121;162;247m│[0m        
        [38;2;121;162;247m│[0m                                                                                                      [38;2;121;162;247m│[0m        
        [38;2;121;162;247m│[0m                                                                                                      [38;2;121;162;247m│[0m        
        [38;2;121;162;247m│[0m                                                                                                      [38;2;121;162;247m│[0m        
        [38;2;121;162;247m│[0m                                                                                                      [38;2;121;162;247m│[0m        
        [38;2;121;162;247m│[0m                                                                                                      [38;2;121;162;247m│[0m        
        [38;2;121;162;247m│[0m[38;2;115;121;162mCmt N[0m[38;2;115;121;162m total  [0m[38;2;247;118;142m(N)[0m[38;2;115;121;162m unresponded[0m[38;2;115;121;162m  │  [0m[38;2;115;121;162mReview: [0m[38;2;158;206;105m✓[0m[38;2;115;121;162m reviewed  [0m[38;2;224;175;104m⚠[0m[38;2;115;121;162m stale  [0m[38;2;247;118;142m✗[0m[38;2;115;121;162m unresponded  [0m[38;2;224;175;104m○[0m[38;2;115;121;162m pending[0m[38;2;115;121;162m  │  [0m[38;2;115;121;162mCI/Preview [0m[38;2;158;206;105m[0m[38;2;115;121;162m[0m[38;2;247;118;142m[0m[38;2;115;121;162m[0m[38;2;121;162;247m│[0m        
        [38;2;121;162;247m╰──────────────────────────────────────────────────────────────────────────────────────────────────────╯[0m        
                                                                                                                        
                                                                                                                        
                                                                                                                        
   [38;2;59;65;97m──────────────────────────────────────────────────────────────────────────────────────────────────────────────────[0m   
    [1;38;2;158;206;105my[0m [38;2;115;121;162mMerge web-app#101 into main (squash)[0m  [1;38;2;224;175;104mAny key[0m [38;2;115;121;162mCancel[0m                                                              
