=== normal ===
   [1;38;2;187;154;247m◆[0m [1;38;2;192;202;245mprflow[0m  [48;2;125;207;255m [0m[1;38;2;22;22;30;48;2;125;207;255mSingle[0m[48;2;125;207;255m [0m [38;2;115;121;162mBatch[0m  [38;2;115;121;162mRelease PRs[0m  [38;2;115;121;162mAll Open PRs[0m  [38;2;115;121;162mActions[0m                                  [38;2;115;121;162mgh: someone · v1.2.3[0m   
   [38;2;59;65;97m──────────────────────────────────────────────────────────────────────────────────────────────────────────────────[0m   
     [38;2;224;175;104m╭────────────────────────────────────────────────────────────────────────────────────────────────────────────╮[0m     
     [38;2;224;175;104m│[0m [1;38;2;224;175;104mOpen Release PRs (2 selected)[0m                                                                              [38;2;224;175;104m│[0m     
     [38;2;224;175;104m╰────────────────────────────────────────────────────────────────────────────────────────────────────────────╯[0m     
    [38;2;158;206;105m╭─────────────────────────────────────────────────────╮[0m  [38;2;115;121;162m╭─────────────────────────────────────────────────────╮[0m    
    [38;2;158;206;105m│[0m[38;2;158;206;105m  ─── [0m[1;38;2;158;206;105m● DEV → STAGING[0m[38;2;158;206;105m ──────[0m                         [38;2;158;206;105m│[0m  [38;2;115;121;162m│[0m[38;2;247;118;142m  ─── [0m[1;38;2;247;118;142m■ STAGING → MAIN[0m[38;2;247;118;142m ─────[0m                         [38;2;115;121;162m│[0m    
    [38;2;158;206;105m│[0m                                                     [38;2;158;206;105m│[0m  [38;2;115;121;162m│[0m                                                     [38;2;115;121;162m│[0m    
    [38;2;158;206;105m│[0m[1;38;2;158;206;105m▶ [0m[38;2;158;206;105m[✓][0m web-app [38;2;115;121;162m#101[0m                                   [38;2;158;206;105m│[0m  [38;2;115;121;162m│[0m[38;2;192;202;245m  [0m[38;2;247;118;142m[ ][0m api-service [38;2;115;121;162m#55[0m                                [38;2;115;121;162m│[0m    
    [38;2;158;206;105m│[0m[38;2;158;206;105m  [0m[38;2;158;206;105m[✓][0m 日本語-サービス [38;2;115;121;162m#7[0m                             [38;2;158;206;105m│[0m  [38;2;115;121;162m│[0m                                                     [38;2;115;121;162m│[0m    
    [38;2;158;206;105m│[0m                                                     [38;2;158;206;105m│[0m  [38;2;115;121;162m│[0m                                                     [38;2;115;121;162m│[0m    
    [38;2;158;206;105m│[0m                                                     [38;2;158;206;105m│[0m  [38;2;115;121;162m│[0m                                                     [38;2;115;121;162m│[0m    
    [38;2;158;206;105m│[0m                                                     [38;2;158;206;105m│[0m  [38;2;115;121;162m│[0m                                                     [38;2;115;121;162m│[0m    
    [38;2;158;206;105m│[0m                                                     [38;2;158;206;105m│[0m  [38;2;115;121;162m│[0m                                                     [38;2;115;121;162m│[0m    
    [38;2;158;206;105m│[0m                                                     [38;2;158;206;105m│[0m  [38;2;115;121;162m│[0m                                                     [38;2;115;121;162m│[0m    
    [38;2;158;206;105m│[0m                                                     [38;2;158;206;105m│[0m  [38;2;115;121;162m│[0m                                                     [38;2;115;121;162m│[0m    
    [38;2;158;206;105m│[0m                                                     [38;2;158;206;105m│[0m  [38;2;115;121;162m│[0m                                                     [38;2;115;121;162m│[0m    
    [38;2;158;206;105m│[0m                                                     [38;2;158;206;105m│[0m  [38;2;115;121;162m│[0m                                                     [38;2;115;121;162m│[0m    
    [38;2;158;206;105m│[0m                                                     [38;2;158;206;105m│[0m  [38;2;115;121;162m│[0m                                                     [38;2;115;121;162m│[0m    
    [38;2;158;206;105m│[0m                                                     [38;2;158;206;105m│[0m  [38;2;115;121;162m│[0m                                                     [38;2;115;121;162m│[0m    
    [38;2;158;206;105m│[0m                                                     [38;2;158;206;105m│[0m  [38;2;115;121;162m│[0m                                                     [38;2;115;121;162m│[0m    
    [38;2;158;206;105m│[0m                                                     [38;2;158;206;105m│[0m  [38;2;115;121;162m│[0m                                                     [38;2;115;121;162m│[0m    
    [38;2;158;206;105m│[0m                                                     [38;2;158;206;105m│[0m  [38;2;115;121;162m│[0m                                                     [38;2;115;121;162m│[0m    
    [38;2;158;206;105m│[0m                                                     [38;2;158;206;105m│[0m  [38;2;115;121;162m│[0m                                                     [38;2;115;121;162m│[0m    
    [38;2;158;206;105m│[0m                                                     [38;2;158;206;105m│[0m  [38;2;115;121;162m│[0m                                                     [38;2;115;121;162m│[0m    
    [38;2;158;206;105m│[0m                                                     [38;2;158;206;105m│[0m  [38;2;115;121;162m│[0m                                                     [38;2;115;121;162m│[0m    
    [38;2;158;206;105m│[0m                                                     [38;2;158;206;105m│[0m  [38;2;115;121;162m│[0m                                                     [38;2;115;121;162m│[0m    
    [38;2;158;206;105m│[0m                                                     [38;2;158;206;105m│[0m  [38;2;115;121;162m│[0m                                                     [38;2;115;121;162m│[0m    
    [38;2;158;206;105m│[0m                                                     [38;2;158;206;105m│[0m  [38;2;115;121;162m│[0m                                                     [38;2;115;121;162m│[0m    
    [38;2;158;206;105m╰─────────────────────────────────────────────────────╯[0m  [38;2;115;121;162m╰─────────────────────────────────────────────────────╯[0m    
                                  [38;2;247;118;142m⚠ 1 repo(s) could not be checked and are not listed[0m                                   
                                                                                                                        
                                                                                                                        
                                                                                                                        
                                                                                                                        
                                                                                                                        
                                                                                                                        
                                                                                                                        
   [38;2;59;65;97m──────────────────────────────────────────────────────────────────────────────────────────────────────────────────[0m   
    [1;38;2;192;202;245m↑↓[0m [38;2;115;121;162mNavigate[0m  [1;38;2;192;202;245m←→[0m [38;2;115;121;162mColumn[0m  [1;38;2;158;206;105mSpace[0m [38;2;115;121;162mToggle[0m  [1;38;2;158;206;105mTab[0m [38;2;115;121;162mContinue[0m  [1;38;2;121;162;247mr[0m [38;2;115;121;162mRefresh[0m  [1;38;2;224;175;104mEsc[0m [38;2;115;121;162mBack[0m  [1;38;2;115;121;162m?[0m [38;2;115;121;162mHelp[0m  [1;38;2;115;121;162m[ ][0m [38;2;115;121;162mTabs[0m  [1;38;2;115;121;162mF[0m [38;2;115;121;162mFullscreen[0m             
=== fullscreen ===
     [38;2;224;175;104m╭────────────────────────────────────────────────────────────────────────────────────────────────────────────╮[0m     
     [38;2;224;175;104m│[0m [1;38;2;224;175;104mOpen Release PRs (2 selected)[0m                                                                              [38;2;224;175;104m│[0m     
     [38;2;224;175;104m╰────────────────────────────────────────────────────────────────────────────────────────────────────────────╯[0m     
    [38;2;158;206;105m╭─────────────────────────────────────────────────────╮[0m  [38;2;115;121;162m╭─────────────────────────────────────────────────────╮[0m    
    [38;2;158;206;105m│[0m[38;2;158;206;105m  ─── [0m[1;38;2;158;206;105m● DEV → STAGING[0m[38;2;158;206;105m ──────[0m                         [38;2;158;206;105m│[0m  [38;2;115;121;162m│[0m[38;2;247;118;142m  ─── [0m[1;38;2;247;118;142m■ STAGING → MAIN[0m[38;2;247;118;142m ─────[0m                         [38;2;115;121;162m│[0m    
    [38;2;158;206;105m│[0m                                                     [38;2;158;206;105m│[0m  [38;2;115;121;162m│[0m                                                     [38;2;115;121;162m│[0m    
    [38;2;158;206;105m│[0m[1;38;2;158;206;105m▶ [0m[38;2;158;206;105m[✓][0m web-app [38;2;115;121;162m#101[0m                                   [38;2;158;206;105m│[0m  [38;2;115;121;162m│[0m[38;2;192;202;245m  [0m[38;2;247;118;142m[ ][0m api-service [38;2;115;121;162m#55[0m                                [38;2;115;121;162m│[0m    
    [38;2;158;206;105m│[0m[38;2;158;206;105m  [0m[38;2;158;206;105m[✓][0m 日本語-サービス [38;2;115;121;162m#7[0m                             [38;2;158;206;105m│[0m  [38;2;115;121;162m│[0m                                                     [38;2;115;121;162m│[0m    
    [38;2;158;206;105m│[0m                                                     [38;2;158;206;105m│[0m  [38;2;115;121;162m│[0m                                                     [38;2;115;121;162m│[0m    
    [38;2;158;206;105m│[0m                                                     [38;2;158;206;105m│[0m  [38;2;115;121;162m│[0m                                                     [38;2;115;121;162m│[0m    
    [38;2;158;206;105m│[0m                                                     [38;2;158;206;105m│[0m  [38;2;115;121;162m│[0m                                                     [38;2;115;121;162m│[0m    
    [38;2;158;206;105m│[0m                                                     [38;2;158;206;105m│[0m  [38;2;115;121;162m│[0m                                                     [38;2;115;121;162m│[0m    
    [38;2;158;206;105m│[0m                                                     [38;2;158;206;105m│[0m  [38;2;115;121;162m│[0m                                                     [38;2;115;121;162m│[0m    
    [38;2;158;206;105m│[0m                                                     [38;2;158;206;105m│[0m  [38;2;115;121;162m│[0m                                                     [38;2;115;121;162m│[0m    
    [38;2;158;206;105m│[0m                                                     [38;2;158;206;105m│[0m  [38;2;115;121;162m│[0m                                                     [38;2;115;121;162m│[0m    
    [38;2;158;206;105m│[0m                                                     [38;2;158;206;105m│[0m  [38;2;115;121;162m│[0m                                                     [38;2;115;121;162m│[0m    
    [38;2;158;206;105m│[0m                                                     [38;2;158;206;105m│[0m  [38;2;115;121;162m│[0m                                                     [38;2;115;121;162m│[0m    
    [38;2;158;206;105m│[0m                                                     [38;2;158;206;105m│[0m  [38;2;115;121;162m│[0m                                                     [38;2;115;121;162m│[0m    
    [38;2;158;206;105m│[0m                                                     [38;2;158;206;105m│[0m  [38;2;115;121;162m│[0m                                                     [38;2;115;121;162m│[0m    
    [38;2;158;206;105m│[0m                                                     [38;2;158;206;105m│[0m  [38;2;115;121;162m│[0m                                                     [38;2;115;121;162m│[0m    
    [38;2;158;206;105m│[0m                                                     [38;2;158;206;105m│[0m  [38;2;115;121;162m│[0m                                                     [38;2;115;121;162m│[0m    
    [38;2;158;206;105m│[0m                                                     [38;2;158;206;105m│[0m  [38;2;115;121;162m│[0m                                                     [38;2;115;121;162m│[0m    
    [38;2;158;206;105m│[0m                                                     [38;2;158;206;105m│[0m  [38;2;115;121;162m│[0m                                                     [38;2;115;121;162m│[0m    
    [38;2;158;206;105m│[0m                                                     [38;2;158;206;105m│[0m  [38;2;115;121;162m│[0m                                                     [38;2;115;121;162m│[0m    
    [38;2;158;206;105m│[0m                                                     [38;2;158;206;105m│[0m  [38;2;115;121;162m│[0m                                                     [38;2;115;121;162m│[0m    
    [38;2;158;206;105m│[0m                                                     [38;2;158;206;105m│[0m  [38;2;115;121;162m│[0m                                                     [38;2;115;121;162m│[0m    
    [38;2;158;206;105m│[0m                                                     [38;2;158;206;105m│[0m  [38;2;115;121;162m│[0m                                                     [38;2;115;121;162m│[0m    
    [38;2;158;206;105m│[0m                                                     [38;2;158;206;105m│[0m  [38;2;115;121;162m│[0m                                                     [38;2;115;121;162m│[0m    
    [38;2;158;206;105m│[0m                                                     [38;2;158;206;105m│[0m  [38;2;115;121;162m│[0m                                                     [38;2;115;121;162m│[0m    
    [38;2;158;206;105m│[0m                                                     [38;2;158;206;105m│[0m  [38;2;115;121;162m│[0m                                                     [38;2;115;121;162m│[0m    
    [38;2;158;206;105m╰─────────────────────────────────────────────────────╯[0m  [38;2;115;121;162m╰─────────────────────────────────────────────────────╯[0m    
                                  [38;2;247;118;142m⚠ 1 repo(s) could not be checked and are not listed[0m                                   
                                                                                                                        
                                                                                                                        
                                                                                                                        
                                                                                                                        
                                                                                                                        
                                                                                                                        
   [38;2;59;65;97m──────────────────────────────────────────────────────────────────────────────────────────────────────────────────[0m   
    [1;38;2;192;202;245m↑↓[0m [38;2;115;121;162mNavigate[0m  [1;38;2;192;202;245m←→[0m [38;2;115;121;162mColumn[0m  [1;38;2;158;206;105mSpace[0m [38;2;115;121;162mToggle[0m  [1;38;2;158;206;105mTab[0m [38;2;115;121;162mContinue[0m  [1;38;2;121;162;247mr[0m [38;2;115;121;162mRefresh[0m  [1;38;2;224;175;104mEsc[0m [38;2;115;121;162mBack[0m  [1;38;2;115;121;162m?[0m [38;2;115;121;162mHelp[0m  [1;38;2;115;121;162m[ ][0m [38;2;115;121;162mTabs[0m  [1;38;2;115;121;162mF[0m [38;2;115;121;162mFullscreen[0m             
